[0.062s] Invoking command in '/workspaces/UON-CS-robotlab-simulation-container/build/turtlebot3_gazebo': CMAKE_PREFIX_PATH=${CMAKE_PREFIX_PATH}:/workspaces/UON-CS-robotlab-simulation-container/install/turtlebot3_teleop:/workspaces/UON-CS-robotlab-simulation-container/install/turtlebot3_example:/opt/ros/humble /usr/bin/cmake --build /workspaces/UON-CS-robotlab-simulation-container/build/turtlebot3_gazebo -- -j2 -l2
[0.319s] [35m[1mConsolidate compiler generated dependencies of target turtlebot3_drive[0m
[0.466s] [ 16%] Built target turtlebot3_drive
[0.599s] [35m[1mConsolidate compiler generated dependencies of target traffic_light_plugin[0m
[1.010s] [ 33%] Built target traffic_light_plugin
[1.091s] [35m[1mConsolidate compiler generated dependencies of target traffic_bar_plugin[0m
[1.376s] [ 50%] Built target traffic_bar_plugin
[1.447s] [35m[1mConsolidate compiler generated dependencies of target obstacle1[0m
[1.756s] [ 66%] Built target obstacle1
[1.808s] [35m[1mConsolidate compiler generated dependencies of target obstacle2[0m
[2.055s] [ 83%] Built target obstacle2
[2.130s] [35m[1mConsolidate compiler generated dependencies of target obstacles[0m
[2.404s] [100%] Built target obstacles
[2.483s] Invoked command in '/workspaces/UON-CS-robotlab-simulation-container/build/turtlebot3_gazebo' returned '0': CMAKE_PREFIX_PATH=${CMAKE_PREFIX_PATH}:/workspaces/UON-CS-robotlab-simulation-container/install/turtlebot3_teleop:/workspaces/UON-CS-robotlab-simulation-container/install/turtlebot3_example:/opt/ros/humble /usr/bin/cmake --build /workspaces/UON-CS-robotlab-simulation-container/build/turtlebot3_gazebo -- -j2 -l2
[2.489s] Invoking command in '/workspaces/UON-CS-robotlab-simulation-container/build/turtlebot3_gazebo': CMAKE_PREFIX_PATH=${CMAKE_PREFIX_PATH}:/workspaces/UON-CS-robotlab-simulation-container/install/turtlebot3_teleop:/workspaces/UON-CS-robotlab-simulation-container/install/turtlebot3_example:/opt/ros/humble /usr/bin/cmake --install /workspaces/UON-CS-robotlab-simulation-container/build/turtlebot3_gazebo
[2.514s] -- Install configuration: ""
[2.515s] -- Execute custom install script
[2.516s] -- Up-to-date symlink: /workspaces/UON-CS-robotlab-simulation-container/install/turtlebot3_gazebo/lib/turtlebot3_gazebo/turtlebot3_drive
[2.517s] -- Up-to-date symlink: /workspaces/UON-CS-robotlab-simulation-container/install/turtlebot3_gazebo/share/turtlebot3_gazebo//launch/empty_world.launch.py
[2.518s] -- Up-to-date symlink: /workspaces/UON-CS-robotlab-simulation-container/install/turtlebot3_gazebo/share/turtlebot3_gazebo//launch/multi_robot.launch.py
[2.520s] -- Up-to-date symlink: /workspaces/UON-CS-robotlab-simulation-container/install/turtlebot3_gazebo/share/turtlebot3_gazebo//launch/multi_spawn_turtlebot3.launch.py
[2.522s] -- Up-to-date symlink: /workspaces/UON-CS-robotlab-simulation-container/install/turtlebot3_gazebo/share/turtlebot3_gazebo//launch/robot_state_publisher.launch.py
[2.522s] -- Up-to-date symlink: /workspaces/UON-CS-robotlab-simulation-container/install/turtlebot3_gazebo/share/turtlebot3_gazebo//launch/spawn_turtlebot3.launch.py
[2.522s] -- Up-to-date symlink: /workspaces/UON-CS-robotlab-simulation-container/install/turtlebot3_gazebo/share/turtlebot3_gazebo//launch/turtlebot3_autorace_2020.launch.py
[2.522s] -- Up-to-date symlink: /workspaces/UON-CS-robotlab-simulation-container/install/turtlebot3_gazebo/share/turtlebot3_gazebo//launch/turtlebot3_dqn_stage1.launch.py
[2.522s] -- Up-to-date symlink: /workspaces/UON-CS-robotlab-simulation-container/install/turtlebot3_gazebo/share/turtlebot3_gazebo//launch/turtlebot3_dqn_stage2.launch.py
[2.523s] -- Up-to-date symlink: /workspaces/UON-CS-robotlab-simulation-container/install/turtlebot3_gazebo/share/turtlebot3_gazebo//launch/turtlebot3_dqn_stage3.launch.py
[2.523s] -- Up-to-date symlink: /workspaces/UON-CS-robotlab-simulation-container/install/turtlebot3_gazebo/share/turtlebot3_gazebo//launch/turtlebot3_dqn_stage4.launch.py
[2.526s] -- Up-to-date symlink: /workspaces/UON-CS-robotlab-simulation-container/install/turtlebot3_gazebo/share/turtlebot3_gazebo//launch/turtlebot3_house.launch.py
[2.526s] -- Up-to-date symlink: /workspaces/UON-CS-robotlab-simulation-container/install/turtlebot3_gazebo/share/turtlebot3_gazebo//launch/turtlebot3_world.launch.py
[2.528s] -- Up-to-date symlink: /workspaces/UON-CS-robotlab-simulation-container/install/turtlebot3_gazebo/share/turtlebot3_gazebo//models/turtlebot3_autorace_2020/checker/materials/checker.png
[2.528s] -- Up-to-date symlink: /workspaces/UON-CS-robotlab-simulation-container/install/turtlebot3_gazebo/share/turtlebot3_gazebo//models/turtlebot3_autorace_2020/checker/materials/scripts/checker.material
[2.529s] -- Up-to-date symlink: /workspaces/UON-CS-robotlab-simulation-container/install/turtlebot3_gazebo/share/turtlebot3_gazebo//models/turtlebot3_autorace_2020/checker/materials/textures/checker.png
[2.531s] -- Up-to-date symlink: /workspaces/UON-CS-robotlab-simulation-container/install/turtlebot3_gazebo/share/turtlebot3_gazebo//models/turtlebot3_autorace_2020/checker/model.config
[2.532s] -- Up-to-date symlink: /workspaces/UON-CS-robotlab-simulation-container/install/turtlebot3_gazebo/share/turtlebot3_gazebo//models/turtlebot3_autorace_2020/checker/model.sdf
[2.534s] -- Up-to-date symlink: /workspaces/UON-CS-robotlab-simulation-container/install/turtlebot3_gazebo/share/turtlebot3_gazebo//models/turtlebot3_autorace_2020/course/materials/scripts/course.material
[2.534s] -- Up-to-date symlink: /workspaces/UON-CS-robotlab-simulation-container/install/turtlebot3_gazebo/share/turtlebot3_gazebo//models/turtlebot3_autorace_2020/course/materials/textures/course.png
[2.621s] -- Up-to-date symlink: /workspaces/UON-CS-robotlab-simulation-container/install/turtlebot3_gazebo/share/turtlebot3_gazebo//models/turtlebot3_autorace_2020/course/model.config
[2.628s] -- Up-to-date symlink: /workspaces/UON-CS-robotlab-simulation-container/install/turtlebot3_gazebo/share/turtlebot3_gazebo//models/turtlebot3_autorace_2020/course/model.sdf
[2.641s] -- Up-to-date symlink: /workspaces/UON-CS-robotlab-simulation-container/install/turtlebot3_gazebo/share/turtlebot3_gazebo//models/turtlebot3_autorace_2020/traffic_bar/materials/scripts/traffic_bar.material
[2.641s] -- Up-to-date symlink: /workspaces/UON-CS-robotlab-simulation-container/install/turtlebot3_gazebo/share/turtlebot3_gazebo//models/turtlebot3_autorace_2020/traffic_bar/materials/textures/traffic_bar.png
[2.641s] -- Up-to-date symlink: /workspaces/UON-CS-robotlab-simulation-container/install/turtlebot3_gazebo/share/turtlebot3_gazebo//models/turtlebot3_autorace_2020/traffic_bar/model.config
[2.641s] -- Up-to-date symlink: /workspaces/UON-CS-robotlab-simulation-container/install/turtlebot3_gazebo/share/turtlebot3_gazebo//models/turtlebot3_autorace_2020/traffic_bar/model.sdf
[2.642s] -- Up-to-date symlink: /workspaces/UON-CS-robotlab-simulation-container/install/turtlebot3_gazebo/share/turtlebot3_gazebo//models/turtlebot3_autorace_2020/traffic_construction/materials/scripts/traffic_construction.material
[2.647s] -- Up-to-date symlink: /workspaces/UON-CS-robotlab-simulation-container/install/turtlebot3_gazebo/share/turtlebot3_gazebo//models/turtlebot3_autorace_2020/traffic_construction/materials/textures/traffic_construction.png
[2.647s] -- Up-to-date symlink: /workspaces/UON-CS-robotlab-simulation-container/install/turtlebot3_gazebo/share/turtlebot3_gazebo//models/turtlebot3_autorace_2020/traffic_construction/model.config
[2.647s] -- Up-to-date symlink: /workspaces/UON-CS-robotlab-simulation-container/install/turtlebot3_gazebo/share/turtlebot3_gazebo//models/turtlebot3_autorace_2020/traffic_construction/model.sdf
[2.647s] -- Up-to-date symlink: /workspaces/UON-CS-robotlab-simulation-container/install/turtlebot3_gazebo/share/turtlebot3_gazebo//models/turtlebot3_autorace_2020/traffic_intersection/materials/scripts/traffic_intersection.material
[2.665s] -- Up-to-date symlink: /workspaces/UON-CS-robotlab-simulation-container/install/turtlebot3_gazebo/share/turtlebot3_gazebo//models/turtlebot3_autorace_2020/traffic_intersection/materials/textures/traffic_intersection.png
[2.665s] -- Up-to-date symlink: /workspaces/UON-CS-robotlab-simulation-container/install/turtlebot3_gazebo/share/turtlebot3_gazebo//models/turtlebot3_autorace_2020/traffic_intersection/model.config
[2.665s] -- Up-to-date symlink: /workspaces/UON-CS-robotlab-simulation-container/install/turtlebot3_gazebo/share/turtlebot3_gazebo//models/turtlebot3_autorace_2020/traffic_intersection/model.sdf
[2.666s] -- Up-to-date symlink: /workspaces/UON-CS-robotlab-simulation-container/install/turtlebot3_gazebo/share/turtlebot3_gazebo//models/turtlebot3_autorace_2020/traffic_left/materials/scripts/traffic_is_left.material
[2.666s] -- Up-to-date symlink: /workspaces/UON-CS-robotlab-simulation-container/install/turtlebot3_gazebo/share/turtlebot3_gazebo//models/turtlebot3_autorace_2020/traffic_left/materials/textures/traffic_left.png
[2.764s] -- Up-to-date symlink: /workspaces/UON-CS-robotlab-simulation-container/install/turtlebot3_gazebo/share/turtlebot3_gazebo//models/turtlebot3_autorace_2020/traffic_left/model.config
[2.767s] -- Up-to-date symlink: /workspaces/UON-CS-robotlab-simulation-container/install/turtlebot3_gazebo/share/turtlebot3_gazebo//models/turtlebot3_autorace_2020/traffic_left/model.sdf
[2.778s] -- Up-to-date symlink: /workspaces/UON-CS-robotlab-simulation-container/install/turtlebot3_gazebo/share/turtlebot3_gazebo//models/turtlebot3_autorace_2020/traffic_light/materials/scripts/traffic_light.material
[2.778s] -- Up-to-date symlink: /workspaces/UON-CS-robotlab-simulation-container/install/turtlebot3_gazebo/share/turtlebot3_gazebo//models/turtlebot3_autorace_2020/traffic_light/materials/textures/traffic_light.png
[2.781s] -- Up-to-date symlink: /workspaces/UON-CS-robotlab-simulation-container/install/turtlebot3_gazebo/share/turtlebot3_gazebo//models/turtlebot3_autorace_2020/traffic_light/materials/textures/traffic_light_green.png
[2.847s] -- Up-to-date symlink: /workspaces/UON-CS-robotlab-simulation-container/install/turtlebot3_gazebo/share/turtlebot3_gazebo//models/turtlebot3_autorace_2020/traffic_light/materials/textures/traffic_light_red.png
[2.847s] -- Up-to-date symlink: /workspaces/UON-CS-robotlab-simulation-container/install/turtlebot3_gazebo/share/turtlebot3_gazebo//models/turtlebot3_autorace_2020/traffic_light/materials/textures/traffic_light_yellow.png
[2.848s] -- Up-to-date symlink: /workspaces/UON-CS-robotlab-simulation-container/install/turtlebot3_gazebo/share/turtlebot3_gazebo//models/turtlebot3_autorace_2020/traffic_light/model.config
[2.852s] -- Up-to-date symlink: /workspaces/UON-CS-robotlab-simulation-container/install/turtlebot3_gazebo/share/turtlebot3_gazebo//models/turtlebot3_autorace_2020/traffic_light/model.sdf
[2.859s] -- Up-to-date symlink: /workspaces/UON-CS-robotlab-simulation-container/install/turtlebot3_gazebo/share/turtlebot3_gazebo//models/turtlebot3_autorace_2020/traffic_noentry/materials/scripts/traffic_noentry.material
[2.860s] -- Up-to-date symlink: /workspaces/UON-CS-robotlab-simulation-container/install/turtlebot3_gazebo/share/turtlebot3_gazebo//models/turtlebot3_autorace_2020/traffic_noentry/materials/textures/traffic_noentry.png
[2.862s] -- Up-to-date symlink: /workspaces/UON-CS-robotlab-simulation-container/install/turtlebot3_gazebo/share/turtlebot3_gazebo//models/turtlebot3_autorace_2020/traffic_noentry/model.config
[2.865s] -- Up-to-date symlink: /workspaces/UON-CS-robotlab-simulation-container/install/turtlebot3_gazebo/share/turtlebot3_gazebo//models/turtlebot3_autorace_2020/traffic_noentry/model.sdf
[2.865s] -- Up-to-date symlink: /workspaces/UON-CS-robotlab-simulation-container/install/turtlebot3_gazebo/share/turtlebot3_gazebo//models/turtlebot3_autorace_2020/traffic_parking/materials/scripts/traffic_parking.material
[2.865s] -- Up-to-date symlink: /workspaces/UON-CS-robotlab-simulation-container/install/turtlebot3_gazebo/share/turtlebot3_gazebo//models/turtlebot3_autorace_2020/traffic_parking/materials/textures/traffic_parking.png
[2.868s] -- Up-to-date symlink: /workspaces/UON-CS-robotlab-simulation-container/install/turtlebot3_gazebo/share/turtlebot3_gazebo//models/turtlebot3_autorace_2020/traffic_parking/model.config
[2.868s] -- Up-to-date symlink: /workspaces/UON-CS-robotlab-simulation-container/install/turtlebot3_gazebo/share/turtlebot3_gazebo//models/turtlebot3_autorace_2020/traffic_parking/model.sdf
[2.870s] -- Up-to-date symlink: /workspaces/UON-CS-robotlab-simulation-container/install/turtlebot3_gazebo/share/turtlebot3_gazebo//models/turtlebot3_autorace_2020/traffic_pl_left/materials/scripts/traffic_pl_left.material
[2.872s] -- Up-to-date symlink: /workspaces/UON-CS-robotlab-simulation-container/install/turtlebot3_gazebo/share/turtlebot3_gazebo//models/turtlebot3_autorace_2020/traffic_pl_left/materials/textures/traffic_pl_left.png
[2.873s] -- Up-to-date symlink: /workspaces/UON-CS-robotlab-simulation-container/install/turtlebot3_gazebo/share/turtlebot3_gazebo//models/turtlebot3_autorace_2020/traffic_pl_left/model.config
[2.875s] -- Up-to-date symlink: /workspaces/UON-CS-robotlab-simulation-container/install/turtlebot3_gazebo/share/turtlebot3_gazebo//models/turtlebot3_autorace_2020/traffic_pl_left/model.sdf
[2.876s] -- Up-to-date symlink: /workspaces/UON-CS-robotlab-simulation-container/install/turtlebot3_gazebo/share/turtlebot3_gazebo//models/turtlebot3_autorace_2020/traffic_right/materials/scripts/traffic_right.material
[2.877s] -- Up-to-date symlink: /workspaces/UON-CS-robotlab-simulation-container/install/turtlebot3_gazebo/share/turtlebot3_gazebo//models/turtlebot3_autorace_2020/traffic_right/materials/textures/traffic_right.png
[2.878s] -- Up-to-date symlink: /workspaces/UON-CS-robotlab-simulation-container/install/turtlebot3_gazebo/share/turtlebot3_gazebo//models/turtlebot3_autorace_2020/traffic_right/model.config
[2.880s] -- Up-to-date symlink: /workspaces/UON-CS-robotlab-simulation-container/install/turtlebot3_gazebo/share/turtlebot3_gazebo//models/turtlebot3_autorace_2020/traffic_right/model.sdf
[2.881s] -- Up-to-date symlink: /workspaces/UON-CS-robotlab-simulation-container/install/turtlebot3_gazebo/share/turtlebot3_gazebo//models/turtlebot3_autorace_2020/traffic_stop/materials/scripts/traffic_stop.material
[2.885s] -- Up-to-date symlink: /workspaces/UON-CS-robotlab-simulation-container/install/turtlebot3_gazebo/share/turtlebot3_gazebo//models/turtlebot3_autorace_2020/traffic_stop/materials/textures/traffic_stop.png
[2.889s] -- Up-to-date symlink: /workspaces/UON-CS-robotlab-simulation-container/install/turtlebot3_gazebo/share/turtlebot3_gazebo//models/turtlebot3_autorace_2020/traffic_stop/model.config
[2.891s] -- Up-to-date symlink: /workspaces/UON-CS-robotlab-simulation-container/install/turtlebot3_gazebo/share/turtlebot3_gazebo//models/turtlebot3_autorace_2020/traffic_stop/model.sdf
[2.893s] -- Up-to-date symlink: /workspaces/UON-CS-robotlab-simulation-container/install/turtlebot3_gazebo/share/turtlebot3_gazebo//models/turtlebot3_autorace_2020/traffic_tunnel/materials/scripts/tunnel.material
[2.894s] -- Up-to-date symlink: /workspaces/UON-CS-robotlab-simulation-container/install/turtlebot3_gazebo/share/turtlebot3_gazebo//models/turtlebot3_autorace_2020/traffic_tunnel/materials/textures/tunnel.png
[2.897s] -- Up-to-date symlink: /workspaces/UON-CS-robotlab-simulation-container/install/turtlebot3_gazebo/share/turtlebot3_gazebo//models/turtlebot3_autorace_2020/traffic_tunnel/model.config
[2.898s] -- Up-to-date symlink: /workspaces/UON-CS-robotlab-simulation-container/install/turtlebot3_gazebo/share/turtlebot3_gazebo//models/turtlebot3_autorace_2020/traffic_tunnel/model.sdf
[2.900s] -- Up-to-date symlink: /workspaces/UON-CS-robotlab-simulation-container/install/turtlebot3_gazebo/share/turtlebot3_gazebo//models/turtlebot3_burger/model-1_4.sdf
[2.900s] -- Up-to-date symlink: /workspaces/UON-CS-robotlab-simulation-container/install/turtlebot3_gazebo/share/turtlebot3_gazebo//models/turtlebot3_burger/model.config
[2.901s] -- Up-to-date symlink: /workspaces/UON-CS-robotlab-simulation-container/install/turtlebot3_gazebo/share/turtlebot3_gazebo//models/turtlebot3_burger/model.sdf
[3.031s] -- Up-to-date symlink: /workspaces/UON-CS-robotlab-simulation-container/install/turtlebot3_gazebo/share/turtlebot3_gazebo//models/turtlebot3_burger_cam/model-1_4.sdf
[3.037s] -- Up-to-date symlink: /workspaces/UON-CS-robotlab-simulation-container/install/turtlebot3_gazebo/share/turtlebot3_gazebo//models/turtlebot3_burger_cam/model.config
[3.041s] -- Up-to-date symlink: /workspaces/UON-CS-robotlab-simulation-container/install/turtlebot3_gazebo/share/turtlebot3_gazebo//models/turtlebot3_burger_cam/model.sdf
[3.069s] -- Up-to-date symlink: /workspaces/UON-CS-robotlab-simulation-container/install/turtlebot3_gazebo/share/turtlebot3_gazebo//models/turtlebot3_common/meshes/bases/burger_base.stl
[3.075s] -- Up-to-date symlink: /workspaces/UON-CS-robotlab-simulation-container/install/turtlebot3_gazebo/share/turtlebot3_gazebo//models/turtlebot3_common/meshes/bases/waffle_base.stl
[3.077s] -- Up-to-date symlink: /workspaces/UON-CS-robotlab-simulation-container/install/turtlebot3_gazebo/share/turtlebot3_gazebo//models/turtlebot3_common/meshes/bases/waffle_pi_base.stl
[3.082s] -- Up-to-date symlink: /workspaces/UON-CS-robotlab-simulation-container/install/turtlebot3_gazebo/share/turtlebot3_gazebo//models/turtlebot3_common/meshes/burger_base.dae
[3.083s] -- Up-to-date symlink: /workspaces/UON-CS-robotlab-simulation-container/install/turtlebot3_gazebo/share/turtlebot3_gazebo//models/turtlebot3_common/meshes/lds.dae
[3.085s] -- Up-to-date symlink: /workspaces/UON-CS-robotlab-simulation-container/install/turtlebot3_gazebo/share/turtlebot3_gazebo//models/turtlebot3_common/meshes/r200.dae
[3.206s] -- Up-to-date symlink: /workspaces/UON-CS-robotlab-simulation-container/install/turtlebot3_gazebo/share/turtlebot3_gazebo//models/turtlebot3_common/meshes/sensors/astra.dae
[3.215s] -- Up-to-date symlink: /workspaces/UON-CS-robotlab-simulation-container/install/turtlebot3_gazebo/share/turtlebot3_gazebo//models/turtlebot3_common/meshes/sensors/astra.jpg
[3.216s] -- Up-to-date symlink: /workspaces/UON-CS-robotlab-simulation-container/install/turtlebot3_gazebo/share/turtlebot3_gazebo//models/turtlebot3_common/meshes/sensors/lds.stl
[3.216s] -- Up-to-date symlink: /workspaces/UON-CS-robotlab-simulation-container/install/turtlebot3_gazebo/share/turtlebot3_gazebo//models/turtlebot3_common/meshes/sensors/r200.dae
[3.256s] -- Up-to-date symlink: /workspaces/UON-CS-robotlab-simulation-container/install/turtlebot3_gazebo/share/turtlebot3_gazebo//models/turtlebot3_common/meshes/sensors/r200.jpg
[3.256s] -- Up-to-date symlink: /workspaces/UON-CS-robotlab-simulation-container/install/turtlebot3_gazebo/share/turtlebot3_gazebo//models/turtlebot3_common/meshes/tire.dae
[3.263s] -- Up-to-date symlink: /workspaces/UON-CS-robotlab-simulation-container/install/turtlebot3_gazebo/share/turtlebot3_gazebo//models/turtlebot3_common/meshes/waffle_base.dae
[3.263s] -- Up-to-date symlink: /workspaces/UON-CS-robotlab-simulation-container/install/turtlebot3_gazebo/share/turtlebot3_gazebo//models/turtlebot3_common/meshes/waffle_pi_base.dae
[3.263s] -- Up-to-date symlink: /workspaces/UON-CS-robotlab-simulation-container/install/turtlebot3_gazebo/share/turtlebot3_gazebo//models/turtlebot3_common/meshes/wheels/left_tire.stl
[3.265s] -- Up-to-date symlink: /workspaces/UON-CS-robotlab-simulation-container/install/turtlebot3_gazebo/share/turtlebot3_gazebo//models/turtlebot3_common/meshes/wheels/right_tire.stl
[3.265s] -- Up-to-date symlink: /workspaces/UON-CS-robotlab-simulation-container/install/turtlebot3_gazebo/share/turtlebot3_gazebo//models/turtlebot3_common/model.config
[3.266s] -- Up-to-date symlink: /workspaces/UON-CS-robotlab-simulation-container/install/turtlebot3_gazebo/share/turtlebot3_gazebo//models/turtlebot3_dqn_world/goal_box/model.config
[3.267s] -- Up-to-date symlink: /workspaces/UON-CS-robotlab-simulation-container/install/turtlebot3_gazebo/share/turtlebot3_gazebo//models/turtlebot3_dqn_world/goal_box/model.sdf
[3.269s] -- Up-to-date symlink: /workspaces/UON-CS-robotlab-simulation-container/install/turtlebot3_gazebo/share/turtlebot3_gazebo//models/turtlebot3_dqn_world/inner_walls/model.config
[3.274s] -- Up-to-date symlink: /workspaces/UON-CS-robotlab-simulation-container/install/turtlebot3_gazebo/share/turtlebot3_gazebo//models/turtlebot3_dqn_world/inner_walls/model.sdf
[3.274s] -- Up-to-date symlink: /workspaces/UON-CS-robotlab-simulation-container/install/turtlebot3_gazebo/share/turtlebot3_gazebo//models/turtlebot3_dqn_world/model.config
[3.275s] -- Up-to-date symlink: /workspaces/UON-CS-robotlab-simulation-container/install/turtlebot3_gazebo/share/turtlebot3_gazebo//models/turtlebot3_dqn_world/model.sdf
[3.276s] -- Up-to-date symlink: /workspaces/UON-CS-robotlab-simulation-container/install/turtlebot3_gazebo/share/turtlebot3_gazebo//models/turtlebot3_dqn_world/obstacle1/model.config
[3.278s] -- Up-to-date symlink: /workspaces/UON-CS-robotlab-simulation-container/install/turtlebot3_gazebo/share/turtlebot3_gazebo//models/turtlebot3_dqn_world/obstacle1/model.sdf
[3.281s] -- Up-to-date symlink: /workspaces/UON-CS-robotlab-simulation-container/install/turtlebot3_gazebo/share/turtlebot3_gazebo//models/turtlebot3_dqn_world/obstacle2/model.config
[3.281s] -- Up-to-date symlink: /workspaces/UON-CS-robotlab-simulation-container/install/turtlebot3_gazebo/share/turtlebot3_gazebo//models/turtlebot3_dqn_world/obstacle2/model.sdf
[3.371s] -- Up-to-date symlink: /workspaces/UON-CS-robotlab-simulation-container/install/turtlebot3_gazebo/share/turtlebot3_gazebo//models/turtlebot3_dqn_world/obstacles/model.config
[3.371s] -- Up-to-date symlink: /workspaces/UON-CS-robotlab-simulation-container/install/turtlebot3_gazebo/share/turtlebot3_gazebo//models/turtlebot3_dqn_world/obstacles/model.sdf
[3.371s] -- Up-to-date symlink: /workspaces/UON-CS-robotlab-simulation-container/install/turtlebot3_gazebo/share/turtlebot3_gazebo//models/turtlebot3_house/model.config
[3.371s] -- Up-to-date symlink: /workspaces/UON-CS-robotlab-simulation-container/install/turtlebot3_gazebo/share/turtlebot3_gazebo//models/turtlebot3_house/model.sdf
[3.372s] -- Up-to-date symlink: /workspaces/UON-CS-robotlab-simulation-container/install/turtlebot3_gazebo/share/turtlebot3_gazebo//models/turtlebot3_waffle/model-1_4.sdf
[3.374s] -- Up-to-date symlink: /workspaces/UON-CS-robotlab-simulation-container/install/turtlebot3_gazebo/share/turtlebot3_gazebo//models/turtlebot3_waffle/model.config
[3.376s] -- Up-to-date symlink: /workspaces/UON-CS-robotlab-simulation-container/install/turtlebot3_gazebo/share/turtlebot3_gazebo//models/turtlebot3_waffle/model.sdf
[3.376s] -- Up-to-date symlink: /workspaces/UON-CS-robotlab-simulation-container/install/turtlebot3_gazebo/share/turtlebot3_gazebo//models/turtlebot3_waffle_pi/model-1_4_.sdf
[3.379s] -- Up-to-date symlink: /workspaces/UON-CS-robotlab-simulation-container/install/turtlebot3_gazebo/share/turtlebot3_gazebo//models/turtlebot3_waffle_pi/model.config
[3.383s] -- Up-to-date symlink: /workspaces/UON-CS-robotlab-simulation-container/install/turtlebot3_gazebo/share/turtlebot3_gazebo//models/turtlebot3_waffle_pi/model.sdf
[3.385s] -- Up-to-date symlink: /workspaces/UON-CS-robotlab-simulation-container/install/turtlebot3_gazebo/share/turtlebot3_gazebo//models/turtlebot3_world/meshes/hexagon.dae
[3.386s] -- Up-to-date symlink: /workspaces/UON-CS-robotlab-simulation-container/install/turtlebot3_gazebo/share/turtlebot3_gazebo//models/turtlebot3_world/meshes/wall.dae
[3.387s] -- Up-to-date symlink: /workspaces/UON-CS-robotlab-simulation-container/install/turtlebot3_gazebo/share/turtlebot3_gazebo//models/turtlebot3_world/model-1_4.sdf
[3.397s] -- Up-to-date symlink: /workspaces/UON-CS-robotlab-simulation-container/install/turtlebot3_gazebo/share/turtlebot3_gazebo//models/turtlebot3_world/model.config
[3.397s] -- Up-to-date symlink: /workspaces/UON-CS-robotlab-simulation-container/install/turtlebot3_gazebo/share/turtlebot3_gazebo//models/turtlebot3_world/model.sdf
[3.397s] -- Up-to-date symlink: /workspaces/UON-CS-robotlab-simulation-container/install/turtlebot3_gazebo/share/turtlebot3_gazebo//rviz/tb3_gazebo.rviz
[3.397s] -- Up-to-date symlink: /workspaces/UON-CS-robotlab-simulation-container/install/turtlebot3_gazebo/share/turtlebot3_gazebo//urdf/common_properties.urdf
[3.399s] -- Up-to-date symlink: /workspaces/UON-CS-robotlab-simulation-container/install/turtlebot3_gazebo/share/turtlebot3_gazebo//urdf/turtlebot3_burger.urdf
[3.401s] -- Up-to-date symlink: /workspaces/UON-CS-robotlab-simulation-container/install/turtlebot3_gazebo/share/turtlebot3_gazebo//urdf/turtlebot3_burger_cam.urdf
[3.404s] -- Up-to-date symlink: /workspaces/UON-CS-robotlab-simulation-container/install/turtlebot3_gazebo/share/turtlebot3_gazebo//urdf/turtlebot3_waffle.urdf
[3.404s] -- Up-to-date symlink: /workspaces/UON-CS-robotlab-simulation-container/install/turtlebot3_gazebo/share/turtlebot3_gazebo//urdf/turtlebot3_waffle_pi.urdf
[3.408s] -- Up-to-date symlink: /workspaces/UON-CS-robotlab-simulation-container/install/turtlebot3_gazebo/share/turtlebot3_gazebo//worlds/empty_world.world
[3.408s] -- Up-to-date symlink: /workspaces/UON-CS-robotlab-simulation-container/install/turtlebot3_gazebo/share/turtlebot3_gazebo//worlds/turtlebot3_autorace_2020.world
[3.413s] -- Up-to-date symlink: /workspaces/UON-CS-robotlab-simulation-container/install/turtlebot3_gazebo/share/turtlebot3_gazebo//worlds/turtlebot3_dqn_stage1.world
[3.474s] -- Up-to-date symlink: /workspaces/UON-CS-robotlab-simulation-container/install/turtlebot3_gazebo/share/turtlebot3_gazebo//worlds/turtlebot3_dqn_stage2.world
[3.479s] -- Up-to-date symlink: /workspaces/UON-CS-robotlab-simulation-container/install/turtlebot3_gazebo/share/turtlebot3_gazebo//worlds/turtlebot3_dqn_stage3.world
[3.480s] -- Up-to-date symlink: /workspaces/UON-CS-robotlab-simulation-container/install/turtlebot3_gazebo/share/turtlebot3_gazebo//worlds/turtlebot3_dqn_stage4.world
[3.480s] -- Up-to-date symlink: /workspaces/UON-CS-robotlab-simulation-container/install/turtlebot3_gazebo/share/turtlebot3_gazebo//worlds/turtlebot3_house.world
[3.480s] -- Up-to-date symlink: /workspaces/UON-CS-robotlab-simulation-container/install/turtlebot3_gazebo/share/turtlebot3_gazebo//worlds/turtlebot3_world.world
[3.489s] -- Up-to-date symlink: /workspaces/UON-CS-robotlab-simulation-container/install/turtlebot3_gazebo/include//turtlebot3_gazebo/obstacle1.hpp
[3.489s] -- Up-to-date symlink: /workspaces/UON-CS-robotlab-simulation-container/install/turtlebot3_gazebo/include//turtlebot3_gazebo/obstacle2.hpp
[3.489s] -- Up-to-date symlink: /workspaces/UON-CS-robotlab-simulation-container/install/turtlebot3_gazebo/include//turtlebot3_gazebo/obstacles.hpp
[3.489s] -- Up-to-date symlink: /workspaces/UON-CS-robotlab-simulation-container/install/turtlebot3_gazebo/include//turtlebot3_gazebo/traffic_bar_plugin.hpp
[3.490s] -- Up-to-date symlink: /workspaces/UON-CS-robotlab-simulation-container/install/turtlebot3_gazebo/include//turtlebot3_gazebo/traffic_light_plugin.hpp
[3.490s] -- Up-to-date symlink: /workspaces/UON-CS-robotlab-simulation-container/install/turtlebot3_gazebo/include//turtlebot3_gazebo/turtlebot3_drive.hpp
[3.495s] -- Up-to-date symlink: /workspaces/UON-CS-robotlab-simulation-container/install/turtlebot3_gazebo/share/ament_index/resource_index/package_run_dependencies/turtlebot3_gazebo
[3.495s] -- Up-to-date symlink: /workspaces/UON-CS-robotlab-simulation-container/install/turtlebot3_gazebo/share/ament_index/resource_index/parent_prefix_path/turtlebot3_gazebo
[3.499s] -- Up-to-date symlink: /workspaces/UON-CS-robotlab-simulation-container/install/turtlebot3_gazebo/share/turtlebot3_gazebo/environment/ament_prefix_path.sh
[3.500s] -- Up-to-date symlink: /workspaces/UON-CS-robotlab-simulation-container/install/turtlebot3_gazebo/share/turtlebot3_gazebo/environment/ament_prefix_path.dsv
[3.502s] -- Up-to-date symlink: /workspaces/UON-CS-robotlab-simulation-container/install/turtlebot3_gazebo/share/turtlebot3_gazebo/environment/path.sh
[3.504s] -- Up-to-date symlink: /workspaces/UON-CS-robotlab-simulation-container/install/turtlebot3_gazebo/share/turtlebot3_gazebo/environment/path.dsv
[3.510s] -- Up-to-date symlink: /workspaces/UON-CS-robotlab-simulation-container/install/turtlebot3_gazebo/share/turtlebot3_gazebo/local_setup.bash
[3.510s] -- Up-to-date symlink: /workspaces/UON-CS-robotlab-simulation-container/install/turtlebot3_gazebo/share/turtlebot3_gazebo/local_setup.sh
[3.512s] -- Up-to-date symlink: /workspaces/UON-CS-robotlab-simulation-container/install/turtlebot3_gazebo/share/turtlebot3_gazebo/local_setup.zsh
[3.512s] -- Up-to-date symlink: /workspaces/UON-CS-robotlab-simulation-container/install/turtlebot3_gazebo/share/turtlebot3_gazebo/local_setup.dsv
[3.519s] -- Symlinking: /workspaces/UON-CS-robotlab-simulation-container/install/turtlebot3_gazebo/share/turtlebot3_gazebo/package.dsv
[3.559s] -- Up-to-date symlink: /workspaces/UON-CS-robotlab-simulation-container/install/turtlebot3_gazebo/share/ament_index/resource_index/packages/turtlebot3_gazebo
[3.562s] -- Up-to-date symlink: /workspaces/UON-CS-robotlab-simulation-container/install/turtlebot3_gazebo/share/turtlebot3_gazebo/cmake/ament_cmake_export_include_directories-extras.cmake
[3.563s] -- Up-to-date symlink: /workspaces/UON-CS-robotlab-simulation-container/install/turtlebot3_gazebo/share/turtlebot3_gazebo/cmake/ament_cmake_export_dependencies-extras.cmake
[3.565s] -- Up-to-date symlink: /workspaces/UON-CS-robotlab-simulation-container/install/turtlebot3_gazebo/share/turtlebot3_gazebo/cmake/turtlebot3_gazeboConfig.cmake
[3.565s] -- Up-to-date symlink: /workspaces/UON-CS-robotlab-simulation-container/install/turtlebot3_gazebo/share/turtlebot3_gazebo/cmake/turtlebot3_gazeboConfig-version.cmake
[3.572s] -- Up-to-date symlink: /workspaces/UON-CS-robotlab-simulation-container/install/turtlebot3_gazebo/share/turtlebot3_gazebo/package.xml
[3.573s] Invoked command in '/workspaces/UON-CS-robotlab-simulation-container/build/turtlebot3_gazebo' returned '0': CMAKE_PREFIX_PATH=${CMAKE_PREFIX_PATH}:/workspaces/UON-CS-robotlab-simulation-container/install/turtlebot3_teleop:/workspaces/UON-CS-robotlab-simulation-container/install/turtlebot3_example:/opt/ros/humble /usr/bin/cmake --install /workspaces/UON-CS-robotlab-simulation-container/build/turtlebot3_gazebo
