[0.140s] Invoking command in '/workspaces/UON-CS-robotlab-simulation-container/build/turtlebot3_cartographer': CMAKE_PREFIX_PATH=${CMAKE_PREFIX_PATH}:/workspaces/UON-CS-robotlab-simulation-container/install/turtlebot3_teleop:/workspaces/UON-CS-robotlab-simulation-container/install/turtlebot3_example:/opt/ros/humble /usr/bin/cmake --build /workspaces/UON-CS-robotlab-simulation-container/build/turtlebot3_cartographer -- -j2 -l2
[0.745s] Invoked command in '/workspaces/UON-CS-robotlab-simulation-container/build/turtlebot3_cartographer' returned '0': CMAKE_PREFIX_PATH=${CMAKE_PREFIX_PATH}:/workspaces/UON-CS-robotlab-simulation-container/install/turtlebot3_teleop:/workspaces/UON-CS-robotlab-simulation-container/install/turtlebot3_example:/opt/ros/humble /usr/bin/cmake --build /workspaces/UON-CS-robotlab-simulation-container/build/turtlebot3_cartographer -- -j2 -l2
[0.752s] Invoking command in '/workspaces/UON-CS-robotlab-simulation-container/build/turtlebot3_cartographer': CMAKE_PREFIX_PATH=${CMAKE_PREFIX_PATH}:/workspaces/UON-CS-robotlab-simulation-container/install/turtlebot3_teleop:/workspaces/UON-CS-robotlab-simulation-container/install/turtlebot3_example:/opt/ros/humble /usr/bin/cmake --install /workspaces/UON-CS-robotlab-simulation-container/build/turtlebot3_cartographer
[0.772s] -- Install configuration: ""
[0.841s] -- Execute custom install script
[0.842s] -- Up-to-date symlink: /workspaces/UON-CS-robotlab-simulation-container/install/turtlebot3_cartographer/share/turtlebot3_cartographer/config/turtlebot3_lds_2d.lua
[0.859s] -- Up-to-date symlink: /workspaces/UON-CS-robotlab-simulation-container/install/turtlebot3_cartographer/share/turtlebot3_cartographer/launch/cartographer.launch.py
[0.870s] -- Up-to-date symlink: /workspaces/UON-CS-robotlab-simulation-container/install/turtlebot3_cartographer/share/turtlebot3_cartographer/launch/occupancy_grid.launch.py
[0.871s] -- Up-to-date symlink: /workspaces/UON-CS-robotlab-simulation-container/install/turtlebot3_cartographer/share/turtlebot3_cartographer/rviz/tb3_cartographer.rviz
[0.871s] -- Up-to-date symlink: /workspaces/UON-CS-robotlab-simulation-container/install/turtlebot3_cartographer/share/ament_index/resource_index/package_run_dependencies/turtlebot3_cartographer
[0.878s] -- Up-to-date symlink: /workspaces/UON-CS-robotlab-simulation-container/install/turtlebot3_cartographer/share/ament_index/resource_index/parent_prefix_path/turtlebot3_cartographer
[0.878s] -- Up-to-date symlink: /workspaces/UON-CS-robotlab-simulation-container/install/turtlebot3_cartographer/share/turtlebot3_cartographer/environment/ament_prefix_path.sh
[0.879s] -- Up-to-date symlink: /workspaces/UON-CS-robotlab-simulation-container/install/turtlebot3_cartographer/share/turtlebot3_cartographer/environment/ament_prefix_path.dsv
[0.895s] -- Up-to-date symlink: /workspaces/UON-CS-robotlab-simulation-container/install/turtlebot3_cartographer/share/turtlebot3_cartographer/environment/path.sh
[0.895s] -- Up-to-date symlink: /workspaces/UON-CS-robotlab-simulation-container/install/turtlebot3_cartographer/share/turtlebot3_cartographer/environment/path.dsv
[0.896s] -- Up-to-date symlink: /workspaces/UON-CS-robotlab-simulation-container/install/turtlebot3_cartographer/share/turtlebot3_cartographer/local_setup.bash
[0.896s] -- Up-to-date symlink: /workspaces/UON-CS-robotlab-simulation-container/install/turtlebot3_cartographer/share/turtlebot3_cartographer/local_setup.sh
[0.897s] -- Up-to-date symlink: /workspaces/UON-CS-robotlab-simulation-container/install/turtlebot3_cartographer/share/turtlebot3_cartographer/local_setup.zsh
[0.899s] -- Up-to-date symlink: /workspaces/UON-CS-robotlab-simulation-container/install/turtlebot3_cartographer/share/turtlebot3_cartographer/local_setup.dsv
[0.902s] -- Symlinking: /workspaces/UON-CS-robotlab-simulation-container/install/turtlebot3_cartographer/share/turtlebot3_cartographer/package.dsv
[0.994s] -- Up-to-date symlink: /workspaces/UON-CS-robotlab-simulation-container/install/turtlebot3_cartographer/share/ament_index/resource_index/packages/turtlebot3_cartographer
[0.995s] -- Up-to-date symlink: /workspaces/UON-CS-robotlab-simulation-container/install/turtlebot3_cartographer/share/turtlebot3_cartographer/cmake/turtlebot3_cartographerConfig.cmake
[0.999s] -- Up-to-date symlink: /workspaces/UON-CS-robotlab-simulation-container/install/turtlebot3_cartographer/share/turtlebot3_cartographer/cmake/turtlebot3_cartographerConfig-version.cmake
[0.999s] -- Up-to-date symlink: /workspaces/UON-CS-robotlab-simulation-container/install/turtlebot3_cartographer/share/turtlebot3_cartographer/package.xml
[1.022s] Invoked command in '/workspaces/UON-CS-robotlab-simulation-container/build/turtlebot3_cartographer' returned '0': CMAKE_PREFIX_PATH=${CMAKE_PREFIX_PATH}:/workspaces/UON-CS-robotlab-simulation-container/install/turtlebot3_teleop:/workspaces/UON-CS-robotlab-simulation-container/install/turtlebot3_example:/opt/ros/humble /usr/bin/cmake --install /workspaces/UON-CS-robotlab-simulation-container/build/turtlebot3_cartographer
