[4.610s] Invoking command in '/workspaces/UON-CS-robotlab-simulation-container/build/turtlebot3_teleop': PYTHONPATH=/workspaces/UON-CS-robotlab-simulation-container/build/turtlebot3_teleop/prefix_override:/usr/lib/python3/dist-packages/colcon_core/task/python/colcon_distutils_commands:/workspaces/UON-CS-robotlab-simulation-container/install/turtlebot3_teleop/lib/python3.10/site-packages:${PYTHONPATH} /usr/bin/python3 -W ignore:setup.py install is deprecated -W ignore:easy_install command is deprecated setup.py develop --editable --build-directory /workspaces/UON-CS-robotlab-simulation-container/build/turtlebot3_teleop/build --no-deps symlink_data
[5.552s] running develop
[5.999s] running egg_info
[5.999s] creating turtlebot3_teleop.egg-info
[5.999s] writing turtlebot3_teleop.egg-info/PKG-INFO
[5.999s] writing dependency_links to turtlebot3_teleop.egg-info/dependency_links.txt
[6.000s] writing entry points to turtlebot3_teleop.egg-info/entry_points.txt
[6.000s] writing requirements to turtlebot3_teleop.egg-info/requires.txt
[6.000s] writing top-level names to turtlebot3_teleop.egg-info/top_level.txt
[6.009s] writing manifest file 'turtlebot3_teleop.egg-info/SOURCES.txt'
[6.012s] reading manifest file 'turtlebot3_teleop.egg-info/SOURCES.txt'
[6.013s] writing manifest file 'turtlebot3_teleop.egg-info/SOURCES.txt'
[6.017s] running build_ext
[6.017s] Creating /workspaces/UON-CS-robotlab-simulation-container/install/turtlebot3_teleop/lib/python3.10/site-packages/turtlebot3-teleop.egg-link (link to .)
[6.021s] Installing teleop_keyboard script to /workspaces/UON-CS-robotlab-simulation-container/install/turtlebot3_teleop/lib/turtlebot3_teleop
[6.021s] 
[6.022s] Installed /workspaces/UON-CS-robotlab-simulation-container/build/turtlebot3_teleop
[6.022s] running symlink_data
[6.024s] creating /workspaces/UON-CS-robotlab-simulation-container/install/turtlebot3_teleop/share/ament_index
[6.026s] creating /workspaces/UON-CS-robotlab-simulation-container/install/turtlebot3_teleop/share/ament_index/resource_index
[6.027s] creating /workspaces/UON-CS-robotlab-simulation-container/install/turtlebot3_teleop/share/ament_index/resource_index/packages
[6.027s] symbolically linking /workspaces/UON-CS-robotlab-simulation-container/build/turtlebot3_teleop/resource/turtlebot3_teleop -> /workspaces/UON-CS-robotlab-simulation-container/install/turtlebot3_teleop/share/ament_index/resource_index/packages
[6.027s] symbolically linking /workspaces/UON-CS-robotlab-simulation-container/build/turtlebot3_teleop/package.xml -> /workspaces/UON-CS-robotlab-simulation-container/install/turtlebot3_teleop/share/turtlebot3_teleop
[6.080s] Invoked command in '/workspaces/UON-CS-robotlab-simulation-container/build/turtlebot3_teleop' returned '0': PYTHONPATH=/workspaces/UON-CS-robotlab-simulation-container/build/turtlebot3_teleop/prefix_override:/usr/lib/python3/dist-packages/colcon_core/task/python/colcon_distutils_commands:/workspaces/UON-CS-robotlab-simulation-container/install/turtlebot3_teleop/lib/python3.10/site-packages:${PYTHONPATH} /usr/bin/python3 -W ignore:setup.py install is deprecated -W ignore:easy_install command is deprecated setup.py develop --editable --build-directory /workspaces/UON-CS-robotlab-simulation-container/build/turtlebot3_teleop/build --no-deps symlink_data
