[0.124s] Invoking command in '/workspaces/UON-CS-robotlab-simulation-container/build/dynamixel_sdk': CMAKE_PREFIX_PATH=${CMAKE_PREFIX_PATH}:/workspaces/UON-CS-robotlab-simulation-container/install/turtlebot3_teleop:/workspaces/UON-CS-robotlab-simulation-container/install/turtlebot3_example:/opt/ros/humble /usr/bin/cmake --build /workspaces/UON-CS-robotlab-simulation-container/build/dynamixel_sdk -- -j2 -l2
[1.338s] [100%] Built target dynamixel_sdk
[1.455s] [100%] Built target ament_cmake_python_symlink_dynamixel_sdk
[2.236s] running egg_info
[2.236s] writing dynamixel_sdk.egg-info/PKG-INFO
[2.237s] writing dependency_links to dynamixel_sdk.egg-info/dependency_links.txt
[2.241s] writing top-level names to dynamixel_sdk.egg-info/top_level.txt
[2.271s] reading manifest file 'dynamixel_sdk.egg-info/SOURCES.txt'
[2.279s] writing manifest file 'dynamixel_sdk.egg-info/SOURCES.txt'
[2.463s] [100%] Built target ament_cmake_python_build_dynamixel_sdk_egg
[2.523s] Invoked command in '/workspaces/UON-CS-robotlab-simulation-container/build/dynamixel_sdk' returned '0': CMAKE_PREFIX_PATH=${CMAKE_PREFIX_PATH}:/workspaces/UON-CS-robotlab-simulation-container/install/turtlebot3_teleop:/workspaces/UON-CS-robotlab-simulation-container/install/turtlebot3_example:/opt/ros/humble /usr/bin/cmake --build /workspaces/UON-CS-robotlab-simulation-container/build/dynamixel_sdk -- -j2 -l2
[2.556s] Invoking command in '/workspaces/UON-CS-robotlab-simulation-container/build/dynamixel_sdk': CMAKE_PREFIX_PATH=${CMAKE_PREFIX_PATH}:/workspaces/UON-CS-robotlab-simulation-container/install/turtlebot3_teleop:/workspaces/UON-CS-robotlab-simulation-container/install/turtlebot3_example:/opt/ros/humble /usr/bin/cmake --install /workspaces/UON-CS-robotlab-simulation-container/build/dynamixel_sdk
[2.586s] -- Install configuration: ""
[2.593s] -- Execute custom install script
[2.602s] -- Up-to-date symlink: /workspaces/UON-CS-robotlab-simulation-container/install/dynamixel_sdk/include//dynamixel_sdk/dynamixel_sdk.h
[2.607s] -- Up-to-date symlink: /workspaces/UON-CS-robotlab-simulation-container/install/dynamixel_sdk/include//dynamixel_sdk/group_bulk_read.h
[2.616s] -- Up-to-date symlink: /workspaces/UON-CS-robotlab-simulation-container/install/dynamixel_sdk/include//dynamixel_sdk/group_bulk_write.h
[2.622s] -- Up-to-date symlink: /workspaces/UON-CS-robotlab-simulation-container/install/dynamixel_sdk/include//dynamixel_sdk/group_fast_bulk_read.h
[2.623s] -- Up-to-date symlink: /workspaces/UON-CS-robotlab-simulation-container/install/dynamixel_sdk/include//dynamixel_sdk/group_fast_sync_read.h
[2.665s] -- Up-to-date symlink: /workspaces/UON-CS-robotlab-simulation-container/install/dynamixel_sdk/include//dynamixel_sdk/group_handler.h
[2.669s] -- Up-to-date symlink: /workspaces/UON-CS-robotlab-simulation-container/install/dynamixel_sdk/include//dynamixel_sdk/group_sync_read.h
[2.675s] -- Up-to-date symlink: /workspaces/UON-CS-robotlab-simulation-container/install/dynamixel_sdk/include//dynamixel_sdk/group_sync_write.h
[2.684s] -- Up-to-date symlink: /workspaces/UON-CS-robotlab-simulation-container/install/dynamixel_sdk/include//dynamixel_sdk/packet_handler.h
[2.687s] -- Up-to-date symlink: /workspaces/UON-CS-robotlab-simulation-container/install/dynamixel_sdk/include//dynamixel_sdk/port_handler.h
[2.698s] -- Up-to-date symlink: /workspaces/UON-CS-robotlab-simulation-container/install/dynamixel_sdk/include//dynamixel_sdk/port_handler_arduino.h
[2.699s] -- Up-to-date symlink: /workspaces/UON-CS-robotlab-simulation-container/install/dynamixel_sdk/include//dynamixel_sdk/port_handler_linux.h
[2.704s] -- Up-to-date symlink: /workspaces/UON-CS-robotlab-simulation-container/install/dynamixel_sdk/include//dynamixel_sdk/port_handler_mac.h
[2.706s] -- Up-to-date symlink: /workspaces/UON-CS-robotlab-simulation-container/install/dynamixel_sdk/include//dynamixel_sdk/port_handler_windows.h
[2.707s] -- Up-to-date symlink: /workspaces/UON-CS-robotlab-simulation-container/install/dynamixel_sdk/include//dynamixel_sdk/protocol1_packet_handler.h
[2.709s] -- Up-to-date symlink: /workspaces/UON-CS-robotlab-simulation-container/install/dynamixel_sdk/include//dynamixel_sdk/protocol2_packet_handler.h
[2.713s] -- Up-to-date symlink: /workspaces/UON-CS-robotlab-simulation-container/install/dynamixel_sdk/share/dynamixel_sdk/environment/pythonpath.sh
[2.713s] -- Up-to-date symlink: /workspaces/UON-CS-robotlab-simulation-container/install/dynamixel_sdk/share/dynamixel_sdk/environment/pythonpath.dsv
[2.714s] -- Up-to-date symlink: /workspaces/UON-CS-robotlab-simulation-container/install/dynamixel_sdk/local/lib/python3.10/dist-packages/dynamixel_sdk-3.8.4-py3.10.egg-info/PKG-INFO
[2.719s] -- Up-to-date symlink: /workspaces/UON-CS-robotlab-simulation-container/install/dynamixel_sdk/local/lib/python3.10/dist-packages/dynamixel_sdk-3.8.4-py3.10.egg-info/SOURCES.txt
[2.719s] -- Up-to-date symlink: /workspaces/UON-CS-robotlab-simulation-container/install/dynamixel_sdk/local/lib/python3.10/dist-packages/dynamixel_sdk-3.8.4-py3.10.egg-info/dependency_links.txt
[2.730s] -- Up-to-date symlink: /workspaces/UON-CS-robotlab-simulation-container/install/dynamixel_sdk/local/lib/python3.10/dist-packages/dynamixel_sdk-3.8.4-py3.10.egg-info/top_level.txt
[2.739s] -- Up-to-date symlink: /workspaces/UON-CS-robotlab-simulation-container/install/dynamixel_sdk/local/lib/python3.10/dist-packages/dynamixel_sdk/__init__.py
[2.744s] -- Up-to-date symlink: /workspaces/UON-CS-robotlab-simulation-container/install/dynamixel_sdk/local/lib/python3.10/dist-packages/dynamixel_sdk/group_bulk_read.cpp
[2.745s] -- Up-to-date symlink: /workspaces/UON-CS-robotlab-simulation-container/install/dynamixel_sdk/local/lib/python3.10/dist-packages/dynamixel_sdk/group_bulk_read.py
[2.747s] -- Up-to-date symlink: /workspaces/UON-CS-robotlab-simulation-container/install/dynamixel_sdk/local/lib/python3.10/dist-packages/dynamixel_sdk/group_bulk_write.cpp
[2.752s] -- Up-to-date symlink: /workspaces/UON-CS-robotlab-simulation-container/install/dynamixel_sdk/local/lib/python3.10/dist-packages/dynamixel_sdk/group_bulk_write.py
[2.757s] -- Up-to-date symlink: /workspaces/UON-CS-robotlab-simulation-container/install/dynamixel_sdk/local/lib/python3.10/dist-packages/dynamixel_sdk/group_fast_bulk_read.cpp
[2.763s] -- Up-to-date symlink: /workspaces/UON-CS-robotlab-simulation-container/install/dynamixel_sdk/local/lib/python3.10/dist-packages/dynamixel_sdk/group_fast_sync_read.cpp
[2.763s] -- Up-to-date symlink: /workspaces/UON-CS-robotlab-simulation-container/install/dynamixel_sdk/local/lib/python3.10/dist-packages/dynamixel_sdk/group_handler.cpp
[2.769s] -- Up-to-date symlink: /workspaces/UON-CS-robotlab-simulation-container/install/dynamixel_sdk/local/lib/python3.10/dist-packages/dynamixel_sdk/group_sync_read.cpp
[2.775s] -- Up-to-date symlink: /workspaces/UON-CS-robotlab-simulation-container/install/dynamixel_sdk/local/lib/python3.10/dist-packages/dynamixel_sdk/group_sync_read.py
[2.781s] -- Up-to-date symlink: /workspaces/UON-CS-robotlab-simulation-container/install/dynamixel_sdk/local/lib/python3.10/dist-packages/dynamixel_sdk/group_sync_write.cpp
[2.785s] -- Up-to-date symlink: /workspaces/UON-CS-robotlab-simulation-container/install/dynamixel_sdk/local/lib/python3.10/dist-packages/dynamixel_sdk/group_sync_write.py
[2.789s] -- Up-to-date symlink: /workspaces/UON-CS-robotlab-simulation-container/install/dynamixel_sdk/local/lib/python3.10/dist-packages/dynamixel_sdk/packet_handler.cpp
[2.789s] -- Up-to-date symlink: /workspaces/UON-CS-robotlab-simulation-container/install/dynamixel_sdk/local/lib/python3.10/dist-packages/dynamixel_sdk/packet_handler.py
[2.803s] -- Up-to-date symlink: /workspaces/UON-CS-robotlab-simulation-container/install/dynamixel_sdk/local/lib/python3.10/dist-packages/dynamixel_sdk/port_handler.cpp
[2.807s] -- Up-to-date symlink: /workspaces/UON-CS-robotlab-simulation-container/install/dynamixel_sdk/local/lib/python3.10/dist-packages/dynamixel_sdk/port_handler.py
[2.807s] -- Up-to-date symlink: /workspaces/UON-CS-robotlab-simulation-container/install/dynamixel_sdk/local/lib/python3.10/dist-packages/dynamixel_sdk/port_handler_arduino.cpp
[2.812s] -- Up-to-date symlink: /workspaces/UON-CS-robotlab-simulation-container/install/dynamixel_sdk/local/lib/python3.10/dist-packages/dynamixel_sdk/port_handler_linux.cpp
[2.814s] -- Up-to-date symlink: /workspaces/UON-CS-robotlab-simulation-container/install/dynamixel_sdk/local/lib/python3.10/dist-packages/dynamixel_sdk/port_handler_mac.cpp
[2.820s] -- Up-to-date symlink: /workspaces/UON-CS-robotlab-simulation-container/install/dynamixel_sdk/local/lib/python3.10/dist-packages/dynamixel_sdk/port_handler_windows.cpp
[2.823s] -- Up-to-date symlink: /workspaces/UON-CS-robotlab-simulation-container/install/dynamixel_sdk/local/lib/python3.10/dist-packages/dynamixel_sdk/protocol1_packet_handler.cpp
[2.826s] -- Up-to-date symlink: /workspaces/UON-CS-robotlab-simulation-container/install/dynamixel_sdk/local/lib/python3.10/dist-packages/dynamixel_sdk/protocol1_packet_handler.py
[2.830s] -- Up-to-date symlink: /workspaces/UON-CS-robotlab-simulation-container/install/dynamixel_sdk/local/lib/python3.10/dist-packages/dynamixel_sdk/protocol2_packet_handler.cpp
[2.831s] -- Up-to-date symlink: /workspaces/UON-CS-robotlab-simulation-container/install/dynamixel_sdk/local/lib/python3.10/dist-packages/dynamixel_sdk/protocol2_packet_handler.py
[2.835s] -- Up-to-date symlink: /workspaces/UON-CS-robotlab-simulation-container/install/dynamixel_sdk/local/lib/python3.10/dist-packages/dynamixel_sdk/robotis_def.py
[2.836s] -- Up-to-date symlink: /workspaces/UON-CS-robotlab-simulation-container/install/dynamixel_sdk/share/dynamixel_sdk/environment/library_path.sh
[2.837s] -- Up-to-date symlink: /workspaces/UON-CS-robotlab-simulation-container/install/dynamixel_sdk/share/dynamixel_sdk/environment/library_path.dsv
[2.840s] -- Up-to-date symlink: /workspaces/UON-CS-robotlab-simulation-container/install/dynamixel_sdk/share/ament_index/resource_index/package_run_dependencies/dynamixel_sdk
[2.843s] -- Up-to-date symlink: /workspaces/UON-CS-robotlab-simulation-container/install/dynamixel_sdk/share/ament_index/resource_index/parent_prefix_path/dynamixel_sdk
[2.849s] -- Up-to-date symlink: /workspaces/UON-CS-robotlab-simulation-container/install/dynamixel_sdk/share/dynamixel_sdk/environment/ament_prefix_path.sh
[2.849s] -- Up-to-date symlink: /workspaces/UON-CS-robotlab-simulation-container/install/dynamixel_sdk/share/dynamixel_sdk/environment/ament_prefix_path.dsv
[2.854s] -- Up-to-date symlink: /workspaces/UON-CS-robotlab-simulation-container/install/dynamixel_sdk/share/dynamixel_sdk/environment/path.sh
[2.856s] -- Up-to-date symlink: /workspaces/UON-CS-robotlab-simulation-container/install/dynamixel_sdk/share/dynamixel_sdk/environment/path.dsv
[2.857s] -- Up-to-date symlink: /workspaces/UON-CS-robotlab-simulation-container/install/dynamixel_sdk/share/dynamixel_sdk/local_setup.bash
[2.862s] -- Up-to-date symlink: /workspaces/UON-CS-robotlab-simulation-container/install/dynamixel_sdk/share/dynamixel_sdk/local_setup.sh
[2.864s] -- Up-to-date symlink: /workspaces/UON-CS-robotlab-simulation-container/install/dynamixel_sdk/share/dynamixel_sdk/local_setup.zsh
[2.866s] -- Up-to-date symlink: /workspaces/UON-CS-robotlab-simulation-container/install/dynamixel_sdk/share/dynamixel_sdk/local_setup.dsv
[2.866s] -- Symlinking: /workspaces/UON-CS-robotlab-simulation-container/install/dynamixel_sdk/share/dynamixel_sdk/package.dsv
[2.948s] -- Up-to-date symlink: /workspaces/UON-CS-robotlab-simulation-container/install/dynamixel_sdk/share/ament_index/resource_index/packages/dynamixel_sdk
[2.953s] -- Up-to-date symlink: /workspaces/UON-CS-robotlab-simulation-container/install/dynamixel_sdk/share/dynamixel_sdk/cmake/ament_cmake_export_targets-extras.cmake
[2.955s] -- Up-to-date symlink: /workspaces/UON-CS-robotlab-simulation-container/install/dynamixel_sdk/share/dynamixel_sdk/cmake/ament_cmake_export_include_directories-extras.cmake
[2.957s] -- Up-to-date symlink: /workspaces/UON-CS-robotlab-simulation-container/install/dynamixel_sdk/share/dynamixel_sdk/cmake/ament_cmake_export_libraries-extras.cmake
[2.957s] -- Up-to-date symlink: /workspaces/UON-CS-robotlab-simulation-container/install/dynamixel_sdk/share/dynamixel_sdk/cmake/dynamixel_sdkConfig.cmake
[2.957s] -- Up-to-date symlink: /workspaces/UON-CS-robotlab-simulation-container/install/dynamixel_sdk/share/dynamixel_sdk/cmake/dynamixel_sdkConfig-version.cmake
[2.957s] -- Up-to-date symlink: /workspaces/UON-CS-robotlab-simulation-container/install/dynamixel_sdk/share/dynamixel_sdk/package.xml
[2.966s] -- Up-to-date: /workspaces/UON-CS-robotlab-simulation-container/install/dynamixel_sdk/lib/libdynamixel_sdk.so
[3.055s] Listing '/workspaces/UON-CS-robotlab-simulation-container/install/dynamixel_sdk/local/lib/python3.10/dist-packages/dynamixel_sdk'...
[3.066s] -- Up-to-date: /workspaces/UON-CS-robotlab-simulation-container/install/dynamixel_sdk/share/dynamixel_sdk/cmake/dynamixel_sdkExport.cmake
[3.067s] -- Up-to-date: /workspaces/UON-CS-robotlab-simulation-container/install/dynamixel_sdk/share/dynamixel_sdk/cmake/dynamixel_sdkExport-noconfig.cmake
[3.071s] Invoked command in '/workspaces/UON-CS-robotlab-simulation-container/build/dynamixel_sdk' returned '0': CMAKE_PREFIX_PATH=${CMAKE_PREFIX_PATH}:/workspaces/UON-CS-robotlab-simulation-container/install/turtlebot3_teleop:/workspaces/UON-CS-robotlab-simulation-container/install/turtlebot3_example:/opt/ros/humble /usr/bin/cmake --install /workspaces/UON-CS-robotlab-simulation-container/build/dynamixel_sdk
