[0.102s] Invoking command in '/workspaces/UON-CS-robotlab-simulation-container/build/turtlebot3_cartographer': CMAKE_PREFIX_PATH=/opt/ros/humble /usr/bin/cmake /workspaces/UON-CS-robotlab-simulation-container/src/turtlebot3/turtlebot3_cartographer -DAMENT_CMAKE_SYMLINK_INSTALL=1 -DCMAKE_INSTALL_PREFIX=/workspaces/UON-CS-robotlab-simulation-container/install/turtlebot3_cartographer
[0.730s] -- The C compiler identification is GNU 11.4.0
[1.353s] -- The CXX compiler identification is GNU 11.4.0
[1.405s] -- Detecting C compiler ABI info
[2.069s] -- Detecting C compiler ABI info - done
[2.267s] -- Check for working C compiler: /usr/bin/cc - skipped
[2.271s] -- Detecting C compile features
[2.275s] -- Detecting C compile features - done
[2.291s] -- Detecting CXX compiler ABI info
[3.172s] -- Detecting CXX compiler ABI info - done
[3.350s] -- Check for working CXX compiler: /usr/bin/c++ - skipped
[3.365s] -- Detecting CXX compile features
[3.365s] -- Detecting CXX compile features - done
[3.622s] -- Found ament_cmake: 1.3.14 (/opt/ros/humble/share/ament_cmake/cmake)
[4.738s] -- Found Python3: /usr/bin/python3 (found version "3.10.12") found components: Interpreter 
[6.204s] -- Override CMake install command with custom implementation using symlinks instead of copying resources
[7.417s] -- Configuring done
[7.439s] -- Generating done
[7.453s] -- Build files have been written to: /workspaces/UON-CS-robotlab-simulation-container/build/turtlebot3_cartographer
[7.487s] Invoked command in '/workspaces/UON-CS-robotlab-simulation-container/build/turtlebot3_cartographer' returned '0': CMAKE_PREFIX_PATH=/opt/ros/humble /usr/bin/cmake /workspaces/UON-CS-robotlab-simulation-container/src/turtlebot3/turtlebot3_cartographer -DAMENT_CMAKE_SYMLINK_INSTALL=1 -DCMAKE_INSTALL_PREFIX=/workspaces/UON-CS-robotlab-simulation-container/install/turtlebot3_cartographer
[7.487s] Invoking command in '/workspaces/UON-CS-robotlab-simulation-container/build/turtlebot3_cartographer': CMAKE_PREFIX_PATH=/opt/ros/humble /usr/bin/cmake --build /workspaces/UON-CS-robotlab-simulation-container/build/turtlebot3_cartographer -- -j2 -l2
[7.901s] Invoked command in '/workspaces/UON-CS-robotlab-simulation-container/build/turtlebot3_cartographer' returned '0': CMAKE_PREFIX_PATH=/opt/ros/humble /usr/bin/cmake --build /workspaces/UON-CS-robotlab-simulation-container/build/turtlebot3_cartographer -- -j2 -l2
[7.907s] Invoking command in '/workspaces/UON-CS-robotlab-simulation-container/build/turtlebot3_cartographer': CMAKE_PREFIX_PATH=/opt/ros/humble /usr/bin/cmake --install /workspaces/UON-CS-robotlab-simulation-container/build/turtlebot3_cartographer
[7.930s] -- Install configuration: ""
[7.940s] -- Execute custom install script
[7.940s] -- Symlinking: /workspaces/UON-CS-robotlab-simulation-container/install/turtlebot3_cartographer/share/turtlebot3_cartographer/config/turtlebot3_lds_2d.lua
[7.981s] -- Symlinking: /workspaces/UON-CS-robotlab-simulation-container/install/turtlebot3_cartographer/share/turtlebot3_cartographer/launch/cartographer.launch.py
[8.021s] -- Symlinking: /workspaces/UON-CS-robotlab-simulation-container/install/turtlebot3_cartographer/share/turtlebot3_cartographer/launch/occupancy_grid.launch.py
[8.108s] -- Symlinking: /workspaces/UON-CS-robotlab-simulation-container/install/turtlebot3_cartographer/share/turtlebot3_cartographer/rviz/tb3_cartographer.rviz
[8.173s] -- Symlinking: /workspaces/UON-CS-robotlab-simulation-container/install/turtlebot3_cartographer/share/ament_index/resource_index/package_run_dependencies/turtlebot3_cartographer
[8.230s] -- Symlinking: /workspaces/UON-CS-robotlab-simulation-container/install/turtlebot3_cartographer/share/ament_index/resource_index/parent_prefix_path/turtlebot3_cartographer
[8.426s] -- Symlinking: /workspaces/UON-CS-robotlab-simulation-container/install/turtlebot3_cartographer/share/turtlebot3_cartographer/environment/ament_prefix_path.sh
[8.494s] -- Symlinking: /workspaces/UON-CS-robotlab-simulation-container/install/turtlebot3_cartographer/share/turtlebot3_cartographer/environment/ament_prefix_path.dsv
[8.523s] -- Symlinking: /workspaces/UON-CS-robotlab-simulation-container/install/turtlebot3_cartographer/share/turtlebot3_cartographer/environment/path.sh
[8.552s] -- Symlinking: /workspaces/UON-CS-robotlab-simulation-container/install/turtlebot3_cartographer/share/turtlebot3_cartographer/environment/path.dsv
[8.588s] -- Symlinking: /workspaces/UON-CS-robotlab-simulation-container/install/turtlebot3_cartographer/share/turtlebot3_cartographer/local_setup.bash
[8.623s] -- Symlinking: /workspaces/UON-CS-robotlab-simulation-container/install/turtlebot3_cartographer/share/turtlebot3_cartographer/local_setup.sh
[8.663s] -- Symlinking: /workspaces/UON-CS-robotlab-simulation-container/install/turtlebot3_cartographer/share/turtlebot3_cartographer/local_setup.zsh
[8.714s] -- Symlinking: /workspaces/UON-CS-robotlab-simulation-container/install/turtlebot3_cartographer/share/turtlebot3_cartographer/local_setup.dsv
[8.758s] -- Symlinking: /workspaces/UON-CS-robotlab-simulation-container/install/turtlebot3_cartographer/share/turtlebot3_cartographer/package.dsv
[8.956s] -- Symlinking: /workspaces/UON-CS-robotlab-simulation-container/install/turtlebot3_cartographer/share/ament_index/resource_index/packages/turtlebot3_cartographer
[9.064s] -- Symlinking: /workspaces/UON-CS-robotlab-simulation-container/install/turtlebot3_cartographer/share/turtlebot3_cartographer/cmake/turtlebot3_cartographerConfig.cmake
[9.171s] -- Symlinking: /workspaces/UON-CS-robotlab-simulation-container/install/turtlebot3_cartographer/share/turtlebot3_cartographer/cmake/turtlebot3_cartographerConfig-version.cmake
[9.212s] -- Symlinking: /workspaces/UON-CS-robotlab-simulation-container/install/turtlebot3_cartographer/share/turtlebot3_cartographer/package.xml
[9.283s] Invoked command in '/workspaces/UON-CS-robotlab-simulation-container/build/turtlebot3_cartographer' returned '0': CMAKE_PREFIX_PATH=/opt/ros/humble /usr/bin/cmake --install /workspaces/UON-CS-robotlab-simulation-container/build/turtlebot3_cartographer
