[0.043s] Invoking command in '/workspaces/UON-CS-robotlab-simulation-container/build/turtlebot3_navigation2': CMAKE_PREFIX_PATH=/opt/ros/humble /usr/bin/cmake /workspaces/UON-CS-robotlab-simulation-container/src/turtlebot3/turtlebot3_navigation2 -DAMENT_CMAKE_SYMLINK_INSTALL=1 -DCMAKE_INSTALL_PREFIX=/workspaces/UON-CS-robotlab-simulation-container/install/turtlebot3_navigation2
[0.352s] -- The C compiler identification is GNU 11.4.0
[0.702s] -- The CXX compiler identification is GNU 11.4.0
[0.715s] -- Detecting C compiler ABI info
[1.096s] -- Detecting C compiler ABI info - done
[1.118s] -- Check for working C compiler: /usr/bin/cc - skipped
[1.120s] -- Detecting C compile features
[1.121s] -- Detecting C compile features - done
[1.135s] -- Detecting CXX compiler ABI info
[1.353s] -- Detecting CXX compiler ABI info - done
[1.376s] -- Check for working CXX compiler: /usr/bin/c++ - skipped
[1.376s] -- Detecting CXX compile features
[1.379s] -- Detecting CXX compile features - done
[1.383s] -- Found ament_cmake: 1.3.14 (/opt/ros/humble/share/ament_cmake/cmake)
[1.830s] -- Found Python3: /usr/bin/python3 (found version "3.10.12") found components: Interpreter 
[2.164s] -- Override CMake install command with custom implementation using symlinks instead of copying resources
[2.626s] -- Configuring done
[2.637s] -- Generating done
[2.645s] -- Build files have been written to: /workspaces/UON-CS-robotlab-simulation-container/build/turtlebot3_navigation2
[2.657s] Invoked command in '/workspaces/UON-CS-robotlab-simulation-container/build/turtlebot3_navigation2' returned '0': CMAKE_PREFIX_PATH=/opt/ros/humble /usr/bin/cmake /workspaces/UON-CS-robotlab-simulation-container/src/turtlebot3/turtlebot3_navigation2 -DAMENT_CMAKE_SYMLINK_INSTALL=1 -DCMAKE_INSTALL_PREFIX=/workspaces/UON-CS-robotlab-simulation-container/install/turtlebot3_navigation2
[2.662s] Invoking command in '/workspaces/UON-CS-robotlab-simulation-container/build/turtlebot3_navigation2': CMAKE_PREFIX_PATH=/opt/ros/humble /usr/bin/cmake --build /workspaces/UON-CS-robotlab-simulation-container/build/turtlebot3_navigation2 -- -j2 -l2
[2.785s] Invoked command in '/workspaces/UON-CS-robotlab-simulation-container/build/turtlebot3_navigation2' returned '0': CMAKE_PREFIX_PATH=/opt/ros/humble /usr/bin/cmake --build /workspaces/UON-CS-robotlab-simulation-container/build/turtlebot3_navigation2 -- -j2 -l2
[2.789s] Invoking command in '/workspaces/UON-CS-robotlab-simulation-container/build/turtlebot3_navigation2': CMAKE_PREFIX_PATH=/opt/ros/humble /usr/bin/cmake --install /workspaces/UON-CS-robotlab-simulation-container/build/turtlebot3_navigation2
[2.798s] -- Install configuration: ""
[2.798s] -- Execute custom install script
[2.800s] -- Symlinking: /workspaces/UON-CS-robotlab-simulation-container/install/turtlebot3_navigation2/share/turtlebot3_navigation2/launch/navigation2.launch.py
[2.843s] -- Symlinking: /workspaces/UON-CS-robotlab-simulation-container/install/turtlebot3_navigation2/share/turtlebot3_navigation2/map/map.pgm
[2.871s] -- Symlinking: /workspaces/UON-CS-robotlab-simulation-container/install/turtlebot3_navigation2/share/turtlebot3_navigation2/map/map.yaml
[2.893s] -- Symlinking: /workspaces/UON-CS-robotlab-simulation-container/install/turtlebot3_navigation2/share/turtlebot3_navigation2/param/burger.yaml
[2.916s] -- Symlinking: /workspaces/UON-CS-robotlab-simulation-container/install/turtlebot3_navigation2/share/turtlebot3_navigation2/param/burger_cam.yaml
[2.942s] -- Symlinking: /workspaces/UON-CS-robotlab-simulation-container/install/turtlebot3_navigation2/share/turtlebot3_navigation2/param/humble/burger.yaml
[2.968s] -- Symlinking: /workspaces/UON-CS-robotlab-simulation-container/install/turtlebot3_navigation2/share/turtlebot3_navigation2/param/humble/burger_cam.yaml
[3.133s] -- Symlinking: /workspaces/UON-CS-robotlab-simulation-container/install/turtlebot3_navigation2/share/turtlebot3_navigation2/param/humble/waffle.yaml
[3.164s] -- Symlinking: /workspaces/UON-CS-robotlab-simulation-container/install/turtlebot3_navigation2/share/turtlebot3_navigation2/param/humble/waffle_pi.yaml
[3.188s] -- Symlinking: /workspaces/UON-CS-robotlab-simulation-container/install/turtlebot3_navigation2/share/turtlebot3_navigation2/param/waffle.yaml
[3.208s] -- Symlinking: /workspaces/UON-CS-robotlab-simulation-container/install/turtlebot3_navigation2/share/turtlebot3_navigation2/param/waffle_pi.yaml
[3.231s] -- Symlinking: /workspaces/UON-CS-robotlab-simulation-container/install/turtlebot3_navigation2/share/turtlebot3_navigation2/rviz/tb3_navigation2.rviz
[3.255s] -- Symlinking: /workspaces/UON-CS-robotlab-simulation-container/install/turtlebot3_navigation2/share/ament_index/resource_index/package_run_dependencies/turtlebot3_navigation2
[3.278s] -- Symlinking: /workspaces/UON-CS-robotlab-simulation-container/install/turtlebot3_navigation2/share/ament_index/resource_index/parent_prefix_path/turtlebot3_navigation2
[3.305s] -- Symlinking: /workspaces/UON-CS-robotlab-simulation-container/install/turtlebot3_navigation2/share/turtlebot3_navigation2/environment/ament_prefix_path.sh
[3.334s] -- Symlinking: /workspaces/UON-CS-robotlab-simulation-container/install/turtlebot3_navigation2/share/turtlebot3_navigation2/environment/ament_prefix_path.dsv
[3.369s] -- Symlinking: /workspaces/UON-CS-robotlab-simulation-container/install/turtlebot3_navigation2/share/turtlebot3_navigation2/environment/path.sh
[3.395s] -- Symlinking: /workspaces/UON-CS-robotlab-simulation-container/install/turtlebot3_navigation2/share/turtlebot3_navigation2/environment/path.dsv
[3.417s] -- Symlinking: /workspaces/UON-CS-robotlab-simulation-container/install/turtlebot3_navigation2/share/turtlebot3_navigation2/local_setup.bash
[3.565s] -- Symlinking: /workspaces/UON-CS-robotlab-simulation-container/install/turtlebot3_navigation2/share/turtlebot3_navigation2/local_setup.sh
[3.614s] -- Symlinking: /workspaces/UON-CS-robotlab-simulation-container/install/turtlebot3_navigation2/share/turtlebot3_navigation2/local_setup.zsh
[3.631s] -- Symlinking: /workspaces/UON-CS-robotlab-simulation-container/install/turtlebot3_navigation2/share/turtlebot3_navigation2/local_setup.dsv
[3.658s] -- Symlinking: /workspaces/UON-CS-robotlab-simulation-container/install/turtlebot3_navigation2/share/turtlebot3_navigation2/package.dsv
[3.678s] -- Symlinking: /workspaces/UON-CS-robotlab-simulation-container/install/turtlebot3_navigation2/share/ament_index/resource_index/packages/turtlebot3_navigation2
[3.696s] -- Symlinking: /workspaces/UON-CS-robotlab-simulation-container/install/turtlebot3_navigation2/share/turtlebot3_navigation2/cmake/turtlebot3_navigation2Config.cmake
[3.710s] -- Symlinking: /workspaces/UON-CS-robotlab-simulation-container/install/turtlebot3_navigation2/share/turtlebot3_navigation2/cmake/turtlebot3_navigation2Config-version.cmake
[3.746s] -- Symlinking: /workspaces/UON-CS-robotlab-simulation-container/install/turtlebot3_navigation2/share/turtlebot3_navigation2/package.xml
[3.773s] Invoked command in '/workspaces/UON-CS-robotlab-simulation-container/build/turtlebot3_navigation2' returned '0': CMAKE_PREFIX_PATH=/opt/ros/humble /usr/bin/cmake --install /workspaces/UON-CS-robotlab-simulation-container/build/turtlebot3_navigation2
