[3.181s] Invoking command in '/workspaces/UON-CS-robotlab-simulation-container/build/turtlebot3_example': AMENT_PREFIX_PATH=/workspaces/UON-CS-robotlab-simulation-container/install/turtlebot3_msgs:${AMENT_PREFIX_PATH} CMAKE_PREFIX_PATH=/workspaces/UON-CS-robotlab-simulation-container/install/turtlebot3_msgs LD_LIBRARY_PATH=/workspaces/UON-CS-robotlab-simulation-container/install/turtlebot3_msgs/lib:${LD_LIBRARY_PATH} PYTHONPATH=/workspaces/UON-CS-robotlab-simulation-container/build/turtlebot3_example/prefix_override:/usr/lib/python3/dist-packages/colcon_core/task/python/colcon_distutils_commands:/workspaces/UON-CS-robotlab-simulation-container/install/turtlebot3_example/lib/python3.10/site-packages:/workspaces/UON-CS-robotlab-simulation-container/install/turtlebot3_msgs/local/lib/python3.10/dist-packages:${PYTHONPATH} /usr/bin/python3 -W ignore:setup.py install is deprecated -W ignore:easy_install command is deprecated setup.py develop --editable --build-directory /workspaces/UON-CS-robotlab-simulation-container/build/turtlebot3_example/build --no-deps symlink_data
[3.829s] running develop
[4.348s] running egg_info
[4.350s] creating turtlebot3_example.egg-info
[4.350s] writing turtlebot3_example.egg-info/PKG-INFO
[4.350s] writing dependency_links to turtlebot3_example.egg-info/dependency_links.txt
[4.350s] writing entry points to turtlebot3_example.egg-info/entry_points.txt
[4.350s] writing requirements to turtlebot3_example.egg-info/requires.txt
[4.350s] writing top-level names to turtlebot3_example.egg-info/top_level.txt
[4.359s] writing manifest file 'turtlebot3_example.egg-info/SOURCES.txt'
[4.361s] reading manifest file 'turtlebot3_example.egg-info/SOURCES.txt'
[4.361s] writing manifest file 'turtlebot3_example.egg-info/SOURCES.txt'
[4.361s] running build_ext
[4.362s] Creating /workspaces/UON-CS-robotlab-simulation-container/install/turtlebot3_example/lib/python3.10/site-packages/turtlebot3-example.egg-link (link to .)
[4.362s] Installing turtlebot3_absolute_move script to /workspaces/UON-CS-robotlab-simulation-container/install/turtlebot3_example/lib/turtlebot3_example
[4.362s] Installing turtlebot3_interactive_marker script to /workspaces/UON-CS-robotlab-simulation-container/install/turtlebot3_example/lib/turtlebot3_example
[4.362s] Installing turtlebot3_obstacle_detection script to /workspaces/UON-CS-robotlab-simulation-container/install/turtlebot3_example/lib/turtlebot3_example
[4.362s] Installing turtlebot3_patrol_client script to /workspaces/UON-CS-robotlab-simulation-container/install/turtlebot3_example/lib/turtlebot3_example
[4.362s] Installing turtlebot3_patrol_server script to /workspaces/UON-CS-robotlab-simulation-container/install/turtlebot3_example/lib/turtlebot3_example
[4.362s] Installing turtlebot3_relative_move script to /workspaces/UON-CS-robotlab-simulation-container/install/turtlebot3_example/lib/turtlebot3_example
[4.362s] 
[4.362s] Installed /workspaces/UON-CS-robotlab-simulation-container/build/turtlebot3_example
[4.362s] running symlink_data
[4.362s] creating /workspaces/UON-CS-robotlab-simulation-container/install/turtlebot3_example/share/ament_index
[4.362s] creating /workspaces/UON-CS-robotlab-simulation-container/install/turtlebot3_example/share/ament_index/resource_index
[4.362s] creating /workspaces/UON-CS-robotlab-simulation-container/install/turtlebot3_example/share/ament_index/resource_index/packages
[4.362s] symbolically linking /workspaces/UON-CS-robotlab-simulation-container/build/turtlebot3_example/resource/turtlebot3_example -> /workspaces/UON-CS-robotlab-simulation-container/install/turtlebot3_example/share/ament_index/resource_index/packages
[4.366s] symbolically linking /workspaces/UON-CS-robotlab-simulation-container/build/turtlebot3_example/package.xml -> /workspaces/UON-CS-robotlab-simulation-container/install/turtlebot3_example/share/turtlebot3_example
[4.419s] Invoked command in '/workspaces/UON-CS-robotlab-simulation-container/build/turtlebot3_example' returned '0': AMENT_PREFIX_PATH=/workspaces/UON-CS-robotlab-simulation-container/install/turtlebot3_msgs:${AMENT_PREFIX_PATH} CMAKE_PREFIX_PATH=/workspaces/UON-CS-robotlab-simulation-container/install/turtlebot3_msgs LD_LIBRARY_PATH=/workspaces/UON-CS-robotlab-simulation-container/install/turtlebot3_msgs/lib:${LD_LIBRARY_PATH} PYTHONPATH=/workspaces/UON-CS-robotlab-simulation-container/build/turtlebot3_example/prefix_override:/usr/lib/python3/dist-packages/colcon_core/task/python/colcon_distutils_commands:/workspaces/UON-CS-robotlab-simulation-container/install/turtlebot3_example/lib/python3.10/site-packages:/workspaces/UON-CS-robotlab-simulation-container/install/turtlebot3_msgs/local/lib/python3.10/dist-packages:${PYTHONPATH} /usr/bin/python3 -W ignore:setup.py install is deprecated -W ignore:easy_install command is deprecated setup.py develop --editable --build-directory /workspaces/UON-CS-robotlab-simulation-container/build/turtlebot3_example/build --no-deps symlink_data
