[0.024s] Invoking command in '/workspaces/UON-CS-robotlab-simulation-container/build/dynamixel_sdk_custom_interfaces': CMAKE_PREFIX_PATH=${CMAKE_PREFIX_PATH}:/workspaces/UON-CS-robotlab-simulation-container/install/turtlebot3_teleop:/workspaces/UON-CS-robotlab-simulation-container/install/turtlebot3_example:/opt/ros/humble /usr/bin/cmake --build /workspaces/UON-CS-robotlab-simulation-container/build/dynamixel_sdk_custom_interfaces -- -j2 -l2
[0.216s] [  2%] Built target dynamixel_sdk_custom_interfaces__rs
[0.278s] [  5%] Built target dynamixel_sdk_custom_interfaces__cpp
[0.369s] [ 15%] Built target dynamixel_sdk_custom_interfaces__rosidl_generator_c
[0.491s] [ 15%] Built target ament_cmake_python_symlink_dynamixel_sdk_custom_interfaces
[0.617s] [ 25%] Built target dynamixel_sdk_custom_interfaces__rosidl_typesupport_fastrtps_cpp
[0.744s] [ 35%] Built target dynamixel_sdk_custom_interfaces__rosidl_typesupport_introspection_c
[0.829s] [ 45%] Built target dynamixel_sdk_custom_interfaces__rosidl_typesupport_c
[0.911s] [ 55%] Built target dynamixel_sdk_custom_interfaces__rosidl_typesupport_introspection_cpp
[1.031s] [ 65%] Built target dynamixel_sdk_custom_interfaces__rosidl_typesupport_fastrtps_c
[1.234s] [ 75%] Built target dynamixel_sdk_custom_interfaces__rosidl_typesupport_cpp
[2.043s] running egg_info
[2.049s] writing dynamixel_sdk_custom_interfaces.egg-info/PKG-INFO
[2.050s] writing dependency_links to dynamixel_sdk_custom_interfaces.egg-info/dependency_links.txt
[2.050s] writing top-level names to dynamixel_sdk_custom_interfaces.egg-info/top_level.txt
[2.069s] reading manifest file 'dynamixel_sdk_custom_interfaces.egg-info/SOURCES.txt'
[2.080s] writing manifest file 'dynamixel_sdk_custom_interfaces.egg-info/SOURCES.txt'
[2.171s] [ 75%] Built target ament_cmake_python_build_dynamixel_sdk_custom_interfaces_egg
[2.363s] [ 75%] Built target dynamixel_sdk_custom_interfaces
[2.662s] [ 77%] Built target dynamixel_sdk_custom_interfaces__py
[2.986s] [ 85%] Built target dynamixel_sdk_custom_interfaces__rosidl_generator_py
[3.339s] [ 90%] Built target dynamixel_sdk_custom_interfaces__rosidl_typesupport_fastrtps_c__pyext
[3.694s] [ 95%] Built target dynamixel_sdk_custom_interfaces__rosidl_typesupport_introspection_c__pyext
[3.872s] [100%] Built target dynamixel_sdk_custom_interfaces__rosidl_typesupport_c__pyext
[4.101s] Invoked command in '/workspaces/UON-CS-robotlab-simulation-container/build/dynamixel_sdk_custom_interfaces' returned '0': CMAKE_PREFIX_PATH=${CMAKE_PREFIX_PATH}:/workspaces/UON-CS-robotlab-simulation-container/install/turtlebot3_teleop:/workspaces/UON-CS-robotlab-simulation-container/install/turtlebot3_example:/opt/ros/humble /usr/bin/cmake --build /workspaces/UON-CS-robotlab-simulation-container/build/dynamixel_sdk_custom_interfaces -- -j2 -l2
[4.117s] Invoking command in '/workspaces/UON-CS-robotlab-simulation-container/build/dynamixel_sdk_custom_interfaces': CMAKE_PREFIX_PATH=${CMAKE_PREFIX_PATH}:/workspaces/UON-CS-robotlab-simulation-container/install/turtlebot3_teleop:/workspaces/UON-CS-robotlab-simulation-container/install/turtlebot3_example:/opt/ros/humble /usr/bin/cmake --install /workspaces/UON-CS-robotlab-simulation-container/build/dynamixel_sdk_custom_interfaces
[4.183s] -- Install configuration: ""
[4.186s] -- Execute custom install script
[4.196s] -- Up-to-date symlink: /workspaces/UON-CS-robotlab-simulation-container/install/dynamixel_sdk_custom_interfaces/share/ament_index/resource_index/rosidl_interfaces/dynamixel_sdk_custom_interfaces
[4.201s] -- Up-to-date symlink: /workspaces/UON-CS-robotlab-simulation-container/install/dynamixel_sdk_custom_interfaces/include/dynamixel_sdk_custom_interfaces/dynamixel_sdk_custom_interfaces/msg/detail/set_position__functions.h
[4.202s] -- Up-to-date symlink: /workspaces/UON-CS-robotlab-simulation-container/install/dynamixel_sdk_custom_interfaces/include/dynamixel_sdk_custom_interfaces/dynamixel_sdk_custom_interfaces/msg/detail/set_position__struct.h
[4.202s] -- Up-to-date symlink: /workspaces/UON-CS-robotlab-simulation-container/install/dynamixel_sdk_custom_interfaces/include/dynamixel_sdk_custom_interfaces/dynamixel_sdk_custom_interfaces/msg/detail/set_position__type_support.h
[4.203s] -- Up-to-date symlink: /workspaces/UON-CS-robotlab-simulation-container/install/dynamixel_sdk_custom_interfaces/include/dynamixel_sdk_custom_interfaces/dynamixel_sdk_custom_interfaces/msg/rosidl_generator_c__visibility_control.h
[4.203s] -- Up-to-date symlink: /workspaces/UON-CS-robotlab-simulation-container/install/dynamixel_sdk_custom_interfaces/include/dynamixel_sdk_custom_interfaces/dynamixel_sdk_custom_interfaces/msg/set_position.h
[4.203s] -- Up-to-date symlink: /workspaces/UON-CS-robotlab-simulation-container/install/dynamixel_sdk_custom_interfaces/include/dynamixel_sdk_custom_interfaces/dynamixel_sdk_custom_interfaces/srv/detail/get_position__functions.h
[4.203s] -- Up-to-date symlink: /workspaces/UON-CS-robotlab-simulation-container/install/dynamixel_sdk_custom_interfaces/include/dynamixel_sdk_custom_interfaces/dynamixel_sdk_custom_interfaces/srv/detail/get_position__struct.h
[4.208s] -- Up-to-date symlink: /workspaces/UON-CS-robotlab-simulation-container/install/dynamixel_sdk_custom_interfaces/include/dynamixel_sdk_custom_interfaces/dynamixel_sdk_custom_interfaces/srv/detail/get_position__type_support.h
[4.208s] -- Up-to-date symlink: /workspaces/UON-CS-robotlab-simulation-container/install/dynamixel_sdk_custom_interfaces/include/dynamixel_sdk_custom_interfaces/dynamixel_sdk_custom_interfaces/srv/get_position.h
[4.208s] -- Up-to-date symlink: /workspaces/UON-CS-robotlab-simulation-container/install/dynamixel_sdk_custom_interfaces/share/dynamixel_sdk_custom_interfaces/environment/library_path.sh
[4.208s] -- Up-to-date symlink: /workspaces/UON-CS-robotlab-simulation-container/install/dynamixel_sdk_custom_interfaces/share/dynamixel_sdk_custom_interfaces/environment/library_path.dsv
[4.211s] -- Up-to-date symlink: /workspaces/UON-CS-robotlab-simulation-container/install/dynamixel_sdk_custom_interfaces/include/dynamixel_sdk_custom_interfaces/dynamixel_sdk_custom_interfaces/msg/detail/set_position__rosidl_typesupport_fastrtps_c.h
[4.215s] -- Up-to-date symlink: /workspaces/UON-CS-robotlab-simulation-container/install/dynamixel_sdk_custom_interfaces/include/dynamixel_sdk_custom_interfaces/dynamixel_sdk_custom_interfaces/msg/rosidl_typesupport_fastrtps_c__visibility_control.h
[4.218s] -- Up-to-date symlink: /workspaces/UON-CS-robotlab-simulation-container/install/dynamixel_sdk_custom_interfaces/include/dynamixel_sdk_custom_interfaces/dynamixel_sdk_custom_interfaces/srv/detail/get_position__rosidl_typesupport_fastrtps_c.h
[4.218s] -- Up-to-date symlink: /workspaces/UON-CS-robotlab-simulation-container/install/dynamixel_sdk_custom_interfaces/include/dynamixel_sdk_custom_interfaces/dynamixel_sdk_custom_interfaces/msg/detail/set_position__builder.hpp
[4.220s] -- Up-to-date symlink: /workspaces/UON-CS-robotlab-simulation-container/install/dynamixel_sdk_custom_interfaces/include/dynamixel_sdk_custom_interfaces/dynamixel_sdk_custom_interfaces/msg/detail/set_position__struct.hpp
[4.225s] -- Up-to-date symlink: /workspaces/UON-CS-robotlab-simulation-container/install/dynamixel_sdk_custom_interfaces/include/dynamixel_sdk_custom_interfaces/dynamixel_sdk_custom_interfaces/msg/detail/set_position__traits.hpp
[4.225s] -- Up-to-date symlink: /workspaces/UON-CS-robotlab-simulation-container/install/dynamixel_sdk_custom_interfaces/include/dynamixel_sdk_custom_interfaces/dynamixel_sdk_custom_interfaces/msg/detail/set_position__type_support.hpp
[4.225s] -- Up-to-date symlink: /workspaces/UON-CS-robotlab-simulation-container/install/dynamixel_sdk_custom_interfaces/include/dynamixel_sdk_custom_interfaces/dynamixel_sdk_custom_interfaces/msg/rosidl_generator_cpp__visibility_control.hpp
[4.225s] -- Up-to-date symlink: /workspaces/UON-CS-robotlab-simulation-container/install/dynamixel_sdk_custom_interfaces/include/dynamixel_sdk_custom_interfaces/dynamixel_sdk_custom_interfaces/msg/set_position.hpp
[4.226s] -- Up-to-date symlink: /workspaces/UON-CS-robotlab-simulation-container/install/dynamixel_sdk_custom_interfaces/include/dynamixel_sdk_custom_interfaces/dynamixel_sdk_custom_interfaces/srv/detail/get_position__builder.hpp
[4.226s] -- Up-to-date symlink: /workspaces/UON-CS-robotlab-simulation-container/install/dynamixel_sdk_custom_interfaces/include/dynamixel_sdk_custom_interfaces/dynamixel_sdk_custom_interfaces/srv/detail/get_position__struct.hpp
[4.226s] -- Up-to-date symlink: /workspaces/UON-CS-robotlab-simulation-container/install/dynamixel_sdk_custom_interfaces/include/dynamixel_sdk_custom_interfaces/dynamixel_sdk_custom_interfaces/srv/detail/get_position__traits.hpp
[4.228s] -- Up-to-date symlink: /workspaces/UON-CS-robotlab-simulation-container/install/dynamixel_sdk_custom_interfaces/include/dynamixel_sdk_custom_interfaces/dynamixel_sdk_custom_interfaces/srv/detail/get_position__type_support.hpp
[4.230s] -- Up-to-date symlink: /workspaces/UON-CS-robotlab-simulation-container/install/dynamixel_sdk_custom_interfaces/include/dynamixel_sdk_custom_interfaces/dynamixel_sdk_custom_interfaces/srv/get_position.hpp
[4.234s] -- Up-to-date symlink: /workspaces/UON-CS-robotlab-simulation-container/install/dynamixel_sdk_custom_interfaces/include/dynamixel_sdk_custom_interfaces/dynamixel_sdk_custom_interfaces/msg/detail/set_position__rosidl_typesupport_fastrtps_cpp.hpp
[4.234s] -- Up-to-date symlink: /workspaces/UON-CS-robotlab-simulation-container/install/dynamixel_sdk_custom_interfaces/include/dynamixel_sdk_custom_interfaces/dynamixel_sdk_custom_interfaces/msg/rosidl_typesupport_fastrtps_cpp__visibility_control.h
[4.236s] -- Up-to-date symlink: /workspaces/UON-CS-robotlab-simulation-container/install/dynamixel_sdk_custom_interfaces/include/dynamixel_sdk_custom_interfaces/dynamixel_sdk_custom_interfaces/srv/detail/get_position__rosidl_typesupport_fastrtps_cpp.hpp
[4.247s] -- Up-to-date symlink: /workspaces/UON-CS-robotlab-simulation-container/install/dynamixel_sdk_custom_interfaces/include/dynamixel_sdk_custom_interfaces/dynamixel_sdk_custom_interfaces/msg/detail/set_position__rosidl_typesupport_introspection_c.h
[4.247s] -- Up-to-date symlink: /workspaces/UON-CS-robotlab-simulation-container/install/dynamixel_sdk_custom_interfaces/include/dynamixel_sdk_custom_interfaces/dynamixel_sdk_custom_interfaces/msg/rosidl_typesupport_introspection_c__visibility_control.h
[4.247s] -- Up-to-date symlink: /workspaces/UON-CS-robotlab-simulation-container/install/dynamixel_sdk_custom_interfaces/include/dynamixel_sdk_custom_interfaces/dynamixel_sdk_custom_interfaces/srv/detail/get_position__rosidl_typesupport_introspection_c.h
[4.251s] -- Up-to-date symlink: /workspaces/UON-CS-robotlab-simulation-container/install/dynamixel_sdk_custom_interfaces/include/dynamixel_sdk_custom_interfaces/dynamixel_sdk_custom_interfaces/msg/detail/set_position__rosidl_typesupport_introspection_cpp.hpp
[4.251s] -- Up-to-date symlink: /workspaces/UON-CS-robotlab-simulation-container/install/dynamixel_sdk_custom_interfaces/include/dynamixel_sdk_custom_interfaces/dynamixel_sdk_custom_interfaces/srv/detail/get_position__rosidl_typesupport_introspection_cpp.hpp
[4.255s] -- Up-to-date symlink: /workspaces/UON-CS-robotlab-simulation-container/install/dynamixel_sdk_custom_interfaces/share/dynamixel_sdk_custom_interfaces/environment/pythonpath.sh
[4.255s] -- Up-to-date symlink: /workspaces/UON-CS-robotlab-simulation-container/install/dynamixel_sdk_custom_interfaces/share/dynamixel_sdk_custom_interfaces/environment/pythonpath.dsv
[4.255s] -- Up-to-date symlink: /workspaces/UON-CS-robotlab-simulation-container/install/dynamixel_sdk_custom_interfaces/local/lib/python3.10/dist-packages/dynamixel_sdk_custom_interfaces-3.8.4-py3.10.egg-info/PKG-INFO
[4.258s] -- Up-to-date symlink: /workspaces/UON-CS-robotlab-simulation-container/install/dynamixel_sdk_custom_interfaces/local/lib/python3.10/dist-packages/dynamixel_sdk_custom_interfaces-3.8.4-py3.10.egg-info/SOURCES.txt
[4.264s] -- Up-to-date symlink: /workspaces/UON-CS-robotlab-simulation-container/install/dynamixel_sdk_custom_interfaces/local/lib/python3.10/dist-packages/dynamixel_sdk_custom_interfaces-3.8.4-py3.10.egg-info/dependency_links.txt
[4.275s] -- Up-to-date symlink: /workspaces/UON-CS-robotlab-simulation-container/install/dynamixel_sdk_custom_interfaces/local/lib/python3.10/dist-packages/dynamixel_sdk_custom_interfaces-3.8.4-py3.10.egg-info/top_level.txt
[4.277s] -- Up-to-date symlink: /workspaces/UON-CS-robotlab-simulation-container/install/dynamixel_sdk_custom_interfaces/local/lib/python3.10/dist-packages/dynamixel_sdk_custom_interfaces/__init__.py
[4.281s] -- Up-to-date symlink: /workspaces/UON-CS-robotlab-simulation-container/install/dynamixel_sdk_custom_interfaces/local/lib/python3.10/dist-packages/dynamixel_sdk_custom_interfaces/_dynamixel_sdk_custom_interfaces_s.ep.rosidl_typesupport_c.c
[4.281s] -- Up-to-date symlink: /workspaces/UON-CS-robotlab-simulation-container/install/dynamixel_sdk_custom_interfaces/local/lib/python3.10/dist-packages/dynamixel_sdk_custom_interfaces/_dynamixel_sdk_custom_interfaces_s.ep.rosidl_typesupport_fastrtps_c.c
[4.287s] -- Up-to-date symlink: /workspaces/UON-CS-robotlab-simulation-container/install/dynamixel_sdk_custom_interfaces/local/lib/python3.10/dist-packages/dynamixel_sdk_custom_interfaces/_dynamixel_sdk_custom_interfaces_s.ep.rosidl_typesupport_introspection_c.c
[4.288s] -- Up-to-date symlink: /workspaces/UON-CS-robotlab-simulation-container/install/dynamixel_sdk_custom_interfaces/local/lib/python3.10/dist-packages/dynamixel_sdk_custom_interfaces/dynamixel_sdk_custom_interfaces_s__rosidl_typesupport_c.cpython-310-x86_64-linux-gnu.so
[4.288s] -- Up-to-date symlink: /workspaces/UON-CS-robotlab-simulation-container/install/dynamixel_sdk_custom_interfaces/local/lib/python3.10/dist-packages/dynamixel_sdk_custom_interfaces/dynamixel_sdk_custom_interfaces_s__rosidl_typesupport_fastrtps_c.cpython-310-x86_64-linux-gnu.so
[4.288s] -- Up-to-date symlink: /workspaces/UON-CS-robotlab-simulation-container/install/dynamixel_sdk_custom_interfaces/local/lib/python3.10/dist-packages/dynamixel_sdk_custom_interfaces/dynamixel_sdk_custom_interfaces_s__rosidl_typesupport_introspection_c.cpython-310-x86_64-linux-gnu.so
[4.290s] -- Up-to-date symlink: /workspaces/UON-CS-robotlab-simulation-container/install/dynamixel_sdk_custom_interfaces/local/lib/python3.10/dist-packages/dynamixel_sdk_custom_interfaces/libdynamixel_sdk_custom_interfaces__rosidl_generator_py.so
[4.291s] -- Up-to-date symlink: /workspaces/UON-CS-robotlab-simulation-container/install/dynamixel_sdk_custom_interfaces/local/lib/python3.10/dist-packages/dynamixel_sdk_custom_interfaces/msg/__init__.py
[4.291s] -- Up-to-date symlink: /workspaces/UON-CS-robotlab-simulation-container/install/dynamixel_sdk_custom_interfaces/local/lib/python3.10/dist-packages/dynamixel_sdk_custom_interfaces/msg/_set_position.py
[4.292s] -- Up-to-date symlink: /workspaces/UON-CS-robotlab-simulation-container/install/dynamixel_sdk_custom_interfaces/local/lib/python3.10/dist-packages/dynamixel_sdk_custom_interfaces/msg/_set_position_s.c
[4.296s] -- Up-to-date symlink: /workspaces/UON-CS-robotlab-simulation-container/install/dynamixel_sdk_custom_interfaces/local/lib/python3.10/dist-packages/dynamixel_sdk_custom_interfaces/srv/__init__.py
[4.296s] -- Up-to-date symlink: /workspaces/UON-CS-robotlab-simulation-container/install/dynamixel_sdk_custom_interfaces/local/lib/python3.10/dist-packages/dynamixel_sdk_custom_interfaces/srv/_get_position.py
[4.298s] -- Up-to-date symlink: /workspaces/UON-CS-robotlab-simulation-container/install/dynamixel_sdk_custom_interfaces/local/lib/python3.10/dist-packages/dynamixel_sdk_custom_interfaces/srv/_get_position_s.c
[4.301s] -- Up-to-date symlink: /workspaces/UON-CS-robotlab-simulation-container/install/dynamixel_sdk_custom_interfaces/local/lib/python3.10/dist-packages/dynamixel_sdk_custom_interfaces/dynamixel_sdk_custom_interfaces_s__rosidl_typesupport_fastrtps_c.cpython-310-x86_64-linux-gnu.so
[4.302s] -- Up-to-date symlink: /workspaces/UON-CS-robotlab-simulation-container/install/dynamixel_sdk_custom_interfaces/local/lib/python3.10/dist-packages/dynamixel_sdk_custom_interfaces/dynamixel_sdk_custom_interfaces_s__rosidl_typesupport_introspection_c.cpython-310-x86_64-linux-gnu.so
[4.310s] -- Up-to-date symlink: /workspaces/UON-CS-robotlab-simulation-container/install/dynamixel_sdk_custom_interfaces/local/lib/python3.10/dist-packages/dynamixel_sdk_custom_interfaces/dynamixel_sdk_custom_interfaces_s__rosidl_typesupport_c.cpython-310-x86_64-linux-gnu.so
[4.310s] -- Up-to-date symlink: /workspaces/UON-CS-robotlab-simulation-container/install/dynamixel_sdk_custom_interfaces/share/ament_index/resource_index/rust_packages/dynamixel_sdk_custom_interfaces
[4.311s] -- Up-to-date symlink: /workspaces/UON-CS-robotlab-simulation-container/install/dynamixel_sdk_custom_interfaces/share/dynamixel_sdk_custom_interfaces/rust/Cargo.toml
[4.316s] -- Up-to-date symlink: /workspaces/UON-CS-robotlab-simulation-container/install/dynamixel_sdk_custom_interfaces/share/dynamixel_sdk_custom_interfaces/rust/build.rs
[4.317s] -- Up-to-date symlink: /workspaces/UON-CS-robotlab-simulation-container/install/dynamixel_sdk_custom_interfaces/share/dynamixel_sdk_custom_interfaces/rust/src/lib.rs
[4.317s] -- Up-to-date symlink: /workspaces/UON-CS-robotlab-simulation-container/install/dynamixel_sdk_custom_interfaces/share/dynamixel_sdk_custom_interfaces/rust/src/msg.rs
[4.320s] -- Up-to-date symlink: /workspaces/UON-CS-robotlab-simulation-container/install/dynamixel_sdk_custom_interfaces/share/dynamixel_sdk_custom_interfaces/rust/src/msg/rmw.rs
[4.320s] -- Up-to-date symlink: /workspaces/UON-CS-robotlab-simulation-container/install/dynamixel_sdk_custom_interfaces/share/dynamixel_sdk_custom_interfaces/rust/src/srv.rs
[4.325s] -- Up-to-date symlink: /workspaces/UON-CS-robotlab-simulation-container/install/dynamixel_sdk_custom_interfaces/share/dynamixel_sdk_custom_interfaces/rust/src/srv/rmw.rs
[4.330s] -- Up-to-date symlink: /workspaces/UON-CS-robotlab-simulation-container/install/dynamixel_sdk_custom_interfaces/share/dynamixel_sdk_custom_interfaces/msg/SetPosition.idl
[4.330s] -- Up-to-date symlink: /workspaces/UON-CS-robotlab-simulation-container/install/dynamixel_sdk_custom_interfaces/share/dynamixel_sdk_custom_interfaces/srv/GetPosition.idl
[4.331s] -- Up-to-date symlink: /workspaces/UON-CS-robotlab-simulation-container/install/dynamixel_sdk_custom_interfaces/share/dynamixel_sdk_custom_interfaces/msg/SetPosition.msg
[4.331s] -- Up-to-date symlink: /workspaces/UON-CS-robotlab-simulation-container/install/dynamixel_sdk_custom_interfaces/share/dynamixel_sdk_custom_interfaces/srv/GetPosition.srv
[4.334s] -- Up-to-date symlink: /workspaces/UON-CS-robotlab-simulation-container/install/dynamixel_sdk_custom_interfaces/share/dynamixel_sdk_custom_interfaces/srv/GetPosition_Request.msg
[4.341s] -- Up-to-date symlink: /workspaces/UON-CS-robotlab-simulation-container/install/dynamixel_sdk_custom_interfaces/share/dynamixel_sdk_custom_interfaces/srv/GetPosition_Response.msg
[4.341s] -- Up-to-date symlink: /workspaces/UON-CS-robotlab-simulation-container/install/dynamixel_sdk_custom_interfaces/share/ament_index/resource_index/package_run_dependencies/dynamixel_sdk_custom_interfaces
[4.341s] -- Up-to-date symlink: /workspaces/UON-CS-robotlab-simulation-container/install/dynamixel_sdk_custom_interfaces/share/ament_index/resource_index/parent_prefix_path/dynamixel_sdk_custom_interfaces
[4.343s] -- Up-to-date symlink: /workspaces/UON-CS-robotlab-simulation-container/install/dynamixel_sdk_custom_interfaces/share/dynamixel_sdk_custom_interfaces/environment/ament_prefix_path.sh
[4.345s] -- Up-to-date symlink: /workspaces/UON-CS-robotlab-simulation-container/install/dynamixel_sdk_custom_interfaces/share/dynamixel_sdk_custom_interfaces/environment/ament_prefix_path.dsv
[4.355s] -- Up-to-date symlink: /workspaces/UON-CS-robotlab-simulation-container/install/dynamixel_sdk_custom_interfaces/share/dynamixel_sdk_custom_interfaces/environment/path.sh
[4.359s] -- Up-to-date symlink: /workspaces/UON-CS-robotlab-simulation-container/install/dynamixel_sdk_custom_interfaces/share/dynamixel_sdk_custom_interfaces/environment/path.dsv
[4.362s] -- Up-to-date symlink: /workspaces/UON-CS-robotlab-simulation-container/install/dynamixel_sdk_custom_interfaces/share/dynamixel_sdk_custom_interfaces/local_setup.bash
[4.363s] -- Up-to-date symlink: /workspaces/UON-CS-robotlab-simulation-container/install/dynamixel_sdk_custom_interfaces/share/dynamixel_sdk_custom_interfaces/local_setup.sh
[4.365s] -- Up-to-date symlink: /workspaces/UON-CS-robotlab-simulation-container/install/dynamixel_sdk_custom_interfaces/share/dynamixel_sdk_custom_interfaces/local_setup.zsh
[4.377s] -- Up-to-date symlink: /workspaces/UON-CS-robotlab-simulation-container/install/dynamixel_sdk_custom_interfaces/share/dynamixel_sdk_custom_interfaces/local_setup.dsv
[4.377s] -- Symlinking: /workspaces/UON-CS-robotlab-simulation-container/install/dynamixel_sdk_custom_interfaces/share/dynamixel_sdk_custom_interfaces/package.dsv
[4.449s] -- Up-to-date symlink: /workspaces/UON-CS-robotlab-simulation-container/install/dynamixel_sdk_custom_interfaces/share/ament_index/resource_index/packages/dynamixel_sdk_custom_interfaces
[4.450s] -- Up-to-date symlink: /workspaces/UON-CS-robotlab-simulation-container/install/dynamixel_sdk_custom_interfaces/share/dynamixel_sdk_custom_interfaces/cmake/rosidl_cmake-extras.cmake
[4.454s] -- Up-to-date symlink: /workspaces/UON-CS-robotlab-simulation-container/install/dynamixel_sdk_custom_interfaces/share/dynamixel_sdk_custom_interfaces/cmake/ament_cmake_export_dependencies-extras.cmake
[4.467s] -- Up-to-date symlink: /workspaces/UON-CS-robotlab-simulation-container/install/dynamixel_sdk_custom_interfaces/share/dynamixel_sdk_custom_interfaces/cmake/ament_cmake_export_include_directories-extras.cmake
[4.467s] -- Up-to-date symlink: /workspaces/UON-CS-robotlab-simulation-container/install/dynamixel_sdk_custom_interfaces/share/dynamixel_sdk_custom_interfaces/cmake/ament_cmake_export_libraries-extras.cmake
[4.467s] -- Up-to-date symlink: /workspaces/UON-CS-robotlab-simulation-container/install/dynamixel_sdk_custom_interfaces/share/dynamixel_sdk_custom_interfaces/cmake/ament_cmake_export_targets-extras.cmake
[4.473s] -- Up-to-date symlink: /workspaces/UON-CS-robotlab-simulation-container/install/dynamixel_sdk_custom_interfaces/share/dynamixel_sdk_custom_interfaces/cmake/rosidl_cmake_export_typesupport_targets-extras.cmake
[4.476s] -- Up-to-date symlink: /workspaces/UON-CS-robotlab-simulation-container/install/dynamixel_sdk_custom_interfaces/share/dynamixel_sdk_custom_interfaces/cmake/rosidl_cmake_export_typesupport_libraries-extras.cmake
[4.479s] -- Up-to-date symlink: /workspaces/UON-CS-robotlab-simulation-container/install/dynamixel_sdk_custom_interfaces/share/dynamixel_sdk_custom_interfaces/cmake/dynamixel_sdk_custom_interfacesConfig.cmake
[4.479s] -- Up-to-date symlink: /workspaces/UON-CS-robotlab-simulation-container/install/dynamixel_sdk_custom_interfaces/share/dynamixel_sdk_custom_interfaces/cmake/dynamixel_sdk_custom_interfacesConfig-version.cmake
[4.488s] -- Up-to-date symlink: /workspaces/UON-CS-robotlab-simulation-container/install/dynamixel_sdk_custom_interfaces/share/dynamixel_sdk_custom_interfaces/package.xml
[4.493s] -- Up-to-date: /workspaces/UON-CS-robotlab-simulation-container/install/dynamixel_sdk_custom_interfaces/lib/libdynamixel_sdk_custom_interfaces__rosidl_generator_c.so
[4.493s] -- Up-to-date: /workspaces/UON-CS-robotlab-simulation-container/install/dynamixel_sdk_custom_interfaces/lib/libdynamixel_sdk_custom_interfaces__rosidl_typesupport_fastrtps_c.so
[4.512s] -- Up-to-date: /workspaces/UON-CS-robotlab-simulation-container/install/dynamixel_sdk_custom_interfaces/lib/libdynamixel_sdk_custom_interfaces__rosidl_typesupport_fastrtps_cpp.so
[4.512s] -- Up-to-date: /workspaces/UON-CS-robotlab-simulation-container/install/dynamixel_sdk_custom_interfaces/lib/libdynamixel_sdk_custom_interfaces__rosidl_typesupport_introspection_c.so
[4.514s] -- Up-to-date: /workspaces/UON-CS-robotlab-simulation-container/install/dynamixel_sdk_custom_interfaces/lib/libdynamixel_sdk_custom_interfaces__rosidl_typesupport_c.so
[4.515s] -- Up-to-date: /workspaces/UON-CS-robotlab-simulation-container/install/dynamixel_sdk_custom_interfaces/lib/libdynamixel_sdk_custom_interfaces__rosidl_typesupport_introspection_cpp.so
[4.528s] -- Up-to-date: /workspaces/UON-CS-robotlab-simulation-container/install/dynamixel_sdk_custom_interfaces/lib/libdynamixel_sdk_custom_interfaces__rosidl_typesupport_cpp.so
[4.818s] Listing '/workspaces/UON-CS-robotlab-simulation-container/install/dynamixel_sdk_custom_interfaces/local/lib/python3.10/dist-packages/dynamixel_sdk_custom_interfaces'...
[4.818s] Listing '/workspaces/UON-CS-robotlab-simulation-container/install/dynamixel_sdk_custom_interfaces/local/lib/python3.10/dist-packages/dynamixel_sdk_custom_interfaces/msg'...
[4.818s] Listing '/workspaces/UON-CS-robotlab-simulation-container/install/dynamixel_sdk_custom_interfaces/local/lib/python3.10/dist-packages/dynamixel_sdk_custom_interfaces/srv'...
[4.843s] -- Up-to-date: /workspaces/UON-CS-robotlab-simulation-container/install/dynamixel_sdk_custom_interfaces/lib/libdynamixel_sdk_custom_interfaces__rosidl_generator_py.so
[4.844s] -- Up-to-date: /workspaces/UON-CS-robotlab-simulation-container/install/dynamixel_sdk_custom_interfaces/share/dynamixel_sdk_custom_interfaces/cmake/export_dynamixel_sdk_custom_interfaces__rosidl_generator_cExport.cmake
[4.844s] -- Up-to-date: /workspaces/UON-CS-robotlab-simulation-container/install/dynamixel_sdk_custom_interfaces/share/dynamixel_sdk_custom_interfaces/cmake/export_dynamixel_sdk_custom_interfaces__rosidl_generator_cExport-noconfig.cmake
[4.844s] -- Up-to-date: /workspaces/UON-CS-robotlab-simulation-container/install/dynamixel_sdk_custom_interfaces/share/dynamixel_sdk_custom_interfaces/cmake/export_dynamixel_sdk_custom_interfaces__rosidl_typesupport_fastrtps_cExport.cmake
[4.850s] -- Up-to-date: /workspaces/UON-CS-robotlab-simulation-container/install/dynamixel_sdk_custom_interfaces/share/dynamixel_sdk_custom_interfaces/cmake/export_dynamixel_sdk_custom_interfaces__rosidl_typesupport_fastrtps_cExport-noconfig.cmake
[4.850s] -- Up-to-date: /workspaces/UON-CS-robotlab-simulation-container/install/dynamixel_sdk_custom_interfaces/share/dynamixel_sdk_custom_interfaces/cmake/export_dynamixel_sdk_custom_interfaces__rosidl_generator_cppExport.cmake
[4.850s] -- Up-to-date: /workspaces/UON-CS-robotlab-simulation-container/install/dynamixel_sdk_custom_interfaces/share/dynamixel_sdk_custom_interfaces/cmake/export_dynamixel_sdk_custom_interfaces__rosidl_typesupport_fastrtps_cppExport.cmake
[4.850s] -- Up-to-date: /workspaces/UON-CS-robotlab-simulation-container/install/dynamixel_sdk_custom_interfaces/share/dynamixel_sdk_custom_interfaces/cmake/export_dynamixel_sdk_custom_interfaces__rosidl_typesupport_fastrtps_cppExport-noconfig.cmake
[4.859s] -- Up-to-date: /workspaces/UON-CS-robotlab-simulation-container/install/dynamixel_sdk_custom_interfaces/share/dynamixel_sdk_custom_interfaces/cmake/dynamixel_sdk_custom_interfaces__rosidl_typesupport_introspection_cExport.cmake
[4.859s] -- Up-to-date: /workspaces/UON-CS-robotlab-simulation-container/install/dynamixel_sdk_custom_interfaces/share/dynamixel_sdk_custom_interfaces/cmake/dynamixel_sdk_custom_interfaces__rosidl_typesupport_introspection_cExport-noconfig.cmake
[4.859s] -- Up-to-date: /workspaces/UON-CS-robotlab-simulation-container/install/dynamixel_sdk_custom_interfaces/share/dynamixel_sdk_custom_interfaces/cmake/dynamixel_sdk_custom_interfaces__rosidl_typesupport_cExport.cmake
[4.859s] -- Up-to-date: /workspaces/UON-CS-robotlab-simulation-container/install/dynamixel_sdk_custom_interfaces/share/dynamixel_sdk_custom_interfaces/cmake/dynamixel_sdk_custom_interfaces__rosidl_typesupport_cExport-noconfig.cmake
[4.861s] -- Up-to-date: /workspaces/UON-CS-robotlab-simulation-container/install/dynamixel_sdk_custom_interfaces/share/dynamixel_sdk_custom_interfaces/cmake/dynamixel_sdk_custom_interfaces__rosidl_typesupport_introspection_cppExport.cmake
[4.863s] -- Up-to-date: /workspaces/UON-CS-robotlab-simulation-container/install/dynamixel_sdk_custom_interfaces/share/dynamixel_sdk_custom_interfaces/cmake/dynamixel_sdk_custom_interfaces__rosidl_typesupport_introspection_cppExport-noconfig.cmake
[4.863s] -- Up-to-date: /workspaces/UON-CS-robotlab-simulation-container/install/dynamixel_sdk_custom_interfaces/share/dynamixel_sdk_custom_interfaces/cmake/dynamixel_sdk_custom_interfaces__rosidl_typesupport_cppExport.cmake
[4.864s] -- Up-to-date: /workspaces/UON-CS-robotlab-simulation-container/install/dynamixel_sdk_custom_interfaces/share/dynamixel_sdk_custom_interfaces/cmake/dynamixel_sdk_custom_interfaces__rosidl_typesupport_cppExport-noconfig.cmake
[4.869s] -- Up-to-date: /workspaces/UON-CS-robotlab-simulation-container/install/dynamixel_sdk_custom_interfaces/share/dynamixel_sdk_custom_interfaces/cmake/export_dynamixel_sdk_custom_interfaces__rosidl_generator_pyExport.cmake
[4.869s] -- Up-to-date: /workspaces/UON-CS-robotlab-simulation-container/install/dynamixel_sdk_custom_interfaces/share/dynamixel_sdk_custom_interfaces/cmake/export_dynamixel_sdk_custom_interfaces__rosidl_generator_pyExport-noconfig.cmake
[4.905s] Invoked command in '/workspaces/UON-CS-robotlab-simulation-container/build/dynamixel_sdk_custom_interfaces' returned '0': CMAKE_PREFIX_PATH=${CMAKE_PREFIX_PATH}:/workspaces/UON-CS-robotlab-simulation-container/install/turtlebot3_teleop:/workspaces/UON-CS-robotlab-simulation-container/install/turtlebot3_example:/opt/ros/humble /usr/bin/cmake --install /workspaces/UON-CS-robotlab-simulation-container/build/dynamixel_sdk_custom_interfaces
