[0.073s] Invoking command in '/workspaces/UON-CS-robotlab-simulation-container/build/turtlebot3_description': CMAKE_PREFIX_PATH=/opt/ros/humble /usr/bin/cmake /workspaces/UON-CS-robotlab-simulation-container/src/turtlebot3/turtlebot3_description -DAMENT_CMAKE_SYMLINK_INSTALL=1 -DCMAKE_INSTALL_PREFIX=/workspaces/UON-CS-robotlab-simulation-container/install/turtlebot3_description
[0.633s] -- The C compiler identification is GNU 11.4.0
[1.537s] -- The CXX compiler identification is GNU 11.4.0
[1.617s] -- Detecting C compiler ABI info
[3.033s] -- Detecting C compiler ABI info - done
[3.201s] -- Check for working C compiler: /usr/bin/cc - skipped
[3.214s] -- Detecting C compile features
[3.234s] -- Detecting C compile features - done
[3.274s] -- Detecting CXX compiler ABI info
[4.006s] -- Detecting CXX compiler ABI info - done
[4.047s] -- Check for working CXX compiler: /usr/bin/c++ - skipped
[4.053s] -- Detecting CXX compile features
[4.053s] -- Detecting CXX compile features - done
[4.058s] -- Found ament_cmake: 1.3.14 (/opt/ros/humble/share/ament_cmake/cmake)
[5.385s] -- Found Python3: /usr/bin/python3 (found version "3.10.12") found components: Interpreter 
[5.748s] -- Override CMake install command with custom implementation using symlinks instead of copying resources
[6.437s] -- Found urdf: 2.6.1 (/opt/ros/humble/share/urdf/cmake)
[7.424s] -- Configuring done
[7.485s] -- Generating done
[7.508s] -- Build files have been written to: /workspaces/UON-CS-robotlab-simulation-container/build/turtlebot3_description
[7.524s] Invoked command in '/workspaces/UON-CS-robotlab-simulation-container/build/turtlebot3_description' returned '0': CMAKE_PREFIX_PATH=/opt/ros/humble /usr/bin/cmake /workspaces/UON-CS-robotlab-simulation-container/src/turtlebot3/turtlebot3_description -DAMENT_CMAKE_SYMLINK_INSTALL=1 -DCMAKE_INSTALL_PREFIX=/workspaces/UON-CS-robotlab-simulation-container/install/turtlebot3_description
[7.530s] Invoking command in '/workspaces/UON-CS-robotlab-simulation-container/build/turtlebot3_description': CMAKE_PREFIX_PATH=/opt/ros/humble /usr/bin/cmake --build /workspaces/UON-CS-robotlab-simulation-container/build/turtlebot3_description -- -j2 -l2
[7.759s] Invoked command in '/workspaces/UON-CS-robotlab-simulation-container/build/turtlebot3_description' returned '0': CMAKE_PREFIX_PATH=/opt/ros/humble /usr/bin/cmake --build /workspaces/UON-CS-robotlab-simulation-container/build/turtlebot3_description -- -j2 -l2
[7.881s] Invoking command in '/workspaces/UON-CS-robotlab-simulation-container/build/turtlebot3_description': CMAKE_PREFIX_PATH=/opt/ros/humble /usr/bin/cmake --install /workspaces/UON-CS-robotlab-simulation-container/build/turtlebot3_description
[7.922s] -- Install configuration: ""
[7.922s] -- Execute custom install script
[7.923s] -- Symlinking: /workspaces/UON-CS-robotlab-simulation-container/install/turtlebot3_description/share/turtlebot3_description/meshes/bases/burger_base.stl
[7.936s] -- Symlinking: /workspaces/UON-CS-robotlab-simulation-container/install/turtlebot3_description/share/turtlebot3_description/meshes/bases/waffle_base.stl
[7.949s] -- Symlinking: /workspaces/UON-CS-robotlab-simulation-container/install/turtlebot3_description/share/turtlebot3_description/meshes/bases/waffle_pi_base.stl
[7.960s] -- Symlinking: /workspaces/UON-CS-robotlab-simulation-container/install/turtlebot3_description/share/turtlebot3_description/meshes/sensors/astra.dae
[7.974s] -- Symlinking: /workspaces/UON-CS-robotlab-simulation-container/install/turtlebot3_description/share/turtlebot3_description/meshes/sensors/astra.jpg
[7.985s] -- Symlinking: /workspaces/UON-CS-robotlab-simulation-container/install/turtlebot3_description/share/turtlebot3_description/meshes/sensors/lds.stl
[8.006s] -- Symlinking: /workspaces/UON-CS-robotlab-simulation-container/install/turtlebot3_description/share/turtlebot3_description/meshes/sensors/r200.dae
[8.031s] -- Symlinking: /workspaces/UON-CS-robotlab-simulation-container/install/turtlebot3_description/share/turtlebot3_description/meshes/sensors/r200.jpg
[8.063s] -- Symlinking: /workspaces/UON-CS-robotlab-simulation-container/install/turtlebot3_description/share/turtlebot3_description/meshes/wheels/left_tire.stl
[8.098s] -- Symlinking: /workspaces/UON-CS-robotlab-simulation-container/install/turtlebot3_description/share/turtlebot3_description/meshes/wheels/right_tire.stl
[8.124s] -- Symlinking: /workspaces/UON-CS-robotlab-simulation-container/install/turtlebot3_description/share/turtlebot3_description/rviz/model.rviz
[8.142s] -- Symlinking: /workspaces/UON-CS-robotlab-simulation-container/install/turtlebot3_description/share/turtlebot3_description/urdf/common_properties.urdf
[8.186s] -- Symlinking: /workspaces/UON-CS-robotlab-simulation-container/install/turtlebot3_description/share/turtlebot3_description/urdf/turtlebot3_burger.urdf
[8.232s] -- Symlinking: /workspaces/UON-CS-robotlab-simulation-container/install/turtlebot3_description/share/turtlebot3_description/urdf/turtlebot3_waffle.urdf
[8.270s] -- Symlinking: /workspaces/UON-CS-robotlab-simulation-container/install/turtlebot3_description/share/turtlebot3_description/urdf/turtlebot3_waffle_pi.urdf
[8.327s] -- Symlinking: /workspaces/UON-CS-robotlab-simulation-container/install/turtlebot3_description/share/ament_index/resource_index/package_run_dependencies/turtlebot3_description
[8.384s] -- Symlinking: /workspaces/UON-CS-robotlab-simulation-container/install/turtlebot3_description/share/ament_index/resource_index/parent_prefix_path/turtlebot3_description
[8.560s] -- Symlinking: /workspaces/UON-CS-robotlab-simulation-container/install/turtlebot3_description/share/turtlebot3_description/environment/ament_prefix_path.sh
[8.592s] -- Symlinking: /workspaces/UON-CS-robotlab-simulation-container/install/turtlebot3_description/share/turtlebot3_description/environment/ament_prefix_path.dsv
[8.620s] -- Symlinking: /workspaces/UON-CS-robotlab-simulation-container/install/turtlebot3_description/share/turtlebot3_description/environment/path.sh
[8.666s] -- Symlinking: /workspaces/UON-CS-robotlab-simulation-container/install/turtlebot3_description/share/turtlebot3_description/environment/path.dsv
[8.708s] -- Symlinking: /workspaces/UON-CS-robotlab-simulation-container/install/turtlebot3_description/share/turtlebot3_description/local_setup.bash
[8.749s] -- Symlinking: /workspaces/UON-CS-robotlab-simulation-container/install/turtlebot3_description/share/turtlebot3_description/local_setup.sh
[8.888s] -- Symlinking: /workspaces/UON-CS-robotlab-simulation-container/install/turtlebot3_description/share/turtlebot3_description/local_setup.zsh
[8.964s] -- Symlinking: /workspaces/UON-CS-robotlab-simulation-container/install/turtlebot3_description/share/turtlebot3_description/local_setup.dsv
[9.194s] -- Symlinking: /workspaces/UON-CS-robotlab-simulation-container/install/turtlebot3_description/share/turtlebot3_description/package.dsv
[9.242s] -- Symlinking: /workspaces/UON-CS-robotlab-simulation-container/install/turtlebot3_description/share/ament_index/resource_index/packages/turtlebot3_description
[9.308s] -- Symlinking: /workspaces/UON-CS-robotlab-simulation-container/install/turtlebot3_description/share/turtlebot3_description/cmake/turtlebot3_descriptionConfig.cmake
[9.385s] -- Symlinking: /workspaces/UON-CS-robotlab-simulation-container/install/turtlebot3_description/share/turtlebot3_description/cmake/turtlebot3_descriptionConfig-version.cmake
[9.481s] -- Symlinking: /workspaces/UON-CS-robotlab-simulation-container/install/turtlebot3_description/share/turtlebot3_description/package.xml
[9.575s] Invoked command in '/workspaces/UON-CS-robotlab-simulation-container/build/turtlebot3_description' returned '0': CMAKE_PREFIX_PATH=/opt/ros/humble /usr/bin/cmake --install /workspaces/UON-CS-robotlab-simulation-container/build/turtlebot3_description
