[0.038s] Invoking command in '/workspaces/UON-CS-robotlab-simulation-container/build/turtlebot3_msgs': CMAKE_PREFIX_PATH=/opt/ros/humble /usr/bin/cmake /workspaces/UON-CS-robotlab-simulation-container/src/turtlebot3_msgs -DAMENT_CMAKE_SYMLINK_INSTALL=1 -DCMAKE_INSTALL_PREFIX=/workspaces/UON-CS-robotlab-simulation-container/install/turtlebot3_msgs
[1.439s] -- The C compiler identification is GNU 11.4.0
[1.881s] -- The CXX compiler identification is GNU 11.4.0
[2.008s] -- Detecting C compiler ABI info
[2.581s] -- Detecting C compiler ABI info - done
[2.623s] -- Check for working C compiler: /usr/bin/cc - skipped
[2.624s] -- Detecting C compile features
[2.646s] -- Detecting C compile features - done
[2.669s] -- Detecting CXX compiler ABI info
[3.309s] -- Detecting CXX compiler ABI info - done
[3.345s] -- Check for working CXX compiler: /usr/bin/c++ - skipped
[3.348s] -- Detecting CXX compile features
[3.351s] -- Detecting CXX compile features - done
[3.394s] -- Found action_msgs: 1.2.2 (/opt/ros/humble/share/action_msgs/cmake)
[4.879s] -- Found Python3: /usr/bin/python3 (found version "3.10.12") found components: Interpreter 
[5.164s] -- Override CMake install command with custom implementation using symlinks instead of copying resources
[5.717s] -- Found rosidl_generator_c: 3.1.8 (/opt/ros/humble/share/rosidl_generator_c/cmake)
[5.765s] -- Found rosidl_adapter: 3.1.8 (/opt/ros/humble/share/rosidl_adapter/cmake)
[5.852s] -- Found rosidl_generator_cpp: 3.1.8 (/opt/ros/humble/share/rosidl_generator_cpp/cmake)
[5.946s] -- Using all available rosidl_typesupport_c: rosidl_typesupport_fastrtps_c;rosidl_typesupport_introspection_c
[6.210s] -- Using all available rosidl_typesupport_cpp: rosidl_typesupport_fastrtps_cpp;rosidl_typesupport_introspection_cpp
[7.101s] -- Found rosidl_default_generators: 1.2.1 (/opt/ros/humble/share/rosidl_default_generators/cmake)
[7.249s] -- Found std_msgs: 4.9.1 (/opt/ros/humble/share/std_msgs/cmake)
[7.348s] -- Found geometry_msgs: 4.9.1 (/opt/ros/humble/share/geometry_msgs/cmake)
[14.541s] -- Found ament_cmake_cppcheck: 0.12.15 (/opt/ros/humble/share/ament_cmake_cppcheck/cmake)
[14.756s] -- Found ament_cmake_cpplint: 0.12.15 (/opt/ros/humble/share/ament_cmake_cpplint/cmake)
[14.852s] -- Found ament_cmake_uncrustify: 0.12.15 (/opt/ros/humble/share/ament_cmake_uncrustify/cmake)
[14.921s] -- Found ament_cmake_ros: 0.10.0 (/opt/ros/humble/share/ament_cmake_ros/cmake)
[29.353s] -- Using all available rosidl_typesupport_c: rosidl_typesupport_fastrtps_c;rosidl_typesupport_introspection_c
[32.446s] -- Using all available rosidl_typesupport_cpp: rosidl_typesupport_fastrtps_cpp;rosidl_typesupport_introspection_cpp
[32.897s] -- Found PythonInterp: /usr/bin/python3 (found suitable version "3.10.12", minimum required is "3.6") 
[32.960s] -- Found python_cmake_module: 0.10.0 (/opt/ros/humble/share/python_cmake_module/cmake)
[33.262s] -- Found PythonLibs: /usr/lib/x86_64-linux-gnu/libpython3.10.so (found suitable version "3.10.12", minimum required is "3.5") 
[33.265s] -- Using PYTHON_EXECUTABLE: /usr/bin/python3
[33.267s] -- Using PYTHON_INCLUDE_DIRS: /usr/include/python3.10
[33.267s] -- Using PYTHON_LIBRARIES: /usr/lib/x86_64-linux-gnu/libpython3.10.so
[33.350s] -- Found PythonExtra: .so  
[34.472s] -- Found ament_cmake_flake8: 0.12.15 (/opt/ros/humble/share/ament_cmake_flake8/cmake)
[34.532s] -- Found ament_cmake_pep257: 0.12.15 (/opt/ros/humble/share/ament_cmake_pep257/cmake)
[42.123s] -- Configuring done
[42.849s] -- Generating done
[43.007s] -- Build files have been written to: /workspaces/UON-CS-robotlab-simulation-container/build/turtlebot3_msgs
[43.141s] Invoked command in '/workspaces/UON-CS-robotlab-simulation-container/build/turtlebot3_msgs' returned '0': CMAKE_PREFIX_PATH=/opt/ros/humble /usr/bin/cmake /workspaces/UON-CS-robotlab-simulation-container/src/turtlebot3_msgs -DAMENT_CMAKE_SYMLINK_INSTALL=1 -DCMAKE_INSTALL_PREFIX=/workspaces/UON-CS-robotlab-simulation-container/install/turtlebot3_msgs
[43.160s] Invoking command in '/workspaces/UON-CS-robotlab-simulation-container/build/turtlebot3_msgs': CMAKE_PREFIX_PATH=/opt/ros/humble /usr/bin/cmake --build /workspaces/UON-CS-robotlab-simulation-container/build/turtlebot3_msgs -- -j2 -l2
[43.568s] [  1%] [34m[1mGenerating Rust code for ROS interfaces[0m
[51.788s] [  1%] Built target turtlebot3_msgs__rs
[51.836s] [  2%] [34m[1mGenerating C code for ROS interfaces[0m
[68.079s] [  3%] [32mBuilding C object CMakeFiles/turtlebot3_msgs__rosidl_generator_c.dir/rosidl_generator_c/turtlebot3_msgs/msg/detail/sensor_state__functions.c.o[0m
[70.632s] [  5%] [32mBuilding C object CMakeFiles/turtlebot3_msgs__rosidl_generator_c.dir/rosidl_generator_c/turtlebot3_msgs/msg/detail/sound__functions.c.o[0m
[71.126s] [  6%] [32mBuilding C object CMakeFiles/turtlebot3_msgs__rosidl_generator_c.dir/rosidl_generator_c/turtlebot3_msgs/msg/detail/version_info__functions.c.o[0m
[71.420s] [  7%] [32mBuilding C object CMakeFiles/turtlebot3_msgs__rosidl_generator_c.dir/rosidl_generator_c/turtlebot3_msgs/srv/detail/sound__functions.c.o[0m
[71.850s] [  8%] [32mBuilding C object CMakeFiles/turtlebot3_msgs__rosidl_generator_c.dir/rosidl_generator_c/turtlebot3_msgs/srv/detail/dqn__functions.c.o[0m
[72.070s] [ 10%] [32mBuilding C object CMakeFiles/turtlebot3_msgs__rosidl_generator_c.dir/rosidl_generator_c/turtlebot3_msgs/srv/detail/goal__functions.c.o[0m
[72.425s] [ 11%] [32mBuilding C object CMakeFiles/turtlebot3_msgs__rosidl_generator_c.dir/rosidl_generator_c/turtlebot3_msgs/action/detail/patrol__functions.c.o[0m
[73.292s] [ 12%] [32m[1mLinking C shared library libturtlebot3_msgs__rosidl_generator_c.so[0m
[73.773s] [ 12%] Built target turtlebot3_msgs__rosidl_generator_c
[73.901s] [ 13%] [34m[1mGenerating C++ code for ROS interfaces[0m
[86.484s] [ 13%] Built target turtlebot3_msgs__cpp
[86.687s] [ 13%] Built target ament_cmake_python_symlink_turtlebot3_msgs
[86.736s] [ 15%] [34m[1mGenerating C type support for eProsima Fast-RTPS[0m
[92.580s] [ 16%] [32mBuilding CXX object CMakeFiles/turtlebot3_msgs__rosidl_typesupport_fastrtps_c.dir/rosidl_typesupport_fastrtps_c/turtlebot3_msgs/msg/detail/sensor_state__type_support_c.cpp.o[0m
[94.422s] [ 17%] [32mBuilding CXX object CMakeFiles/turtlebot3_msgs__rosidl_typesupport_fastrtps_c.dir/rosidl_typesupport_fastrtps_c/turtlebot3_msgs/msg/detail/sound__type_support_c.cpp.o[0m
[95.681s] [ 18%] [32mBuilding CXX object CMakeFiles/turtlebot3_msgs__rosidl_typesupport_fastrtps_c.dir/rosidl_typesupport_fastrtps_c/turtlebot3_msgs/msg/detail/version_info__type_support_c.cpp.o[0m
[97.150s] [ 20%] [32mBuilding CXX object CMakeFiles/turtlebot3_msgs__rosidl_typesupport_fastrtps_c.dir/rosidl_typesupport_fastrtps_c/turtlebot3_msgs/srv/detail/sound__type_support_c.cpp.o[0m
[98.764s] [ 21%] [32mBuilding CXX object CMakeFiles/turtlebot3_msgs__rosidl_typesupport_fastrtps_c.dir/rosidl_typesupport_fastrtps_c/turtlebot3_msgs/srv/detail/dqn__type_support_c.cpp.o[0m
[100.462s] [ 22%] [32mBuilding CXX object CMakeFiles/turtlebot3_msgs__rosidl_typesupport_fastrtps_c.dir/rosidl_typesupport_fastrtps_c/turtlebot3_msgs/srv/detail/goal__type_support_c.cpp.o[0m
[103.109s] [ 23%] [32mBuilding CXX object CMakeFiles/turtlebot3_msgs__rosidl_typesupport_fastrtps_c.dir/rosidl_typesupport_fastrtps_c/turtlebot3_msgs/action/detail/patrol__type_support_c.cpp.o[0m
[105.541s] [ 25%] [32m[1mLinking CXX shared library libturtlebot3_msgs__rosidl_typesupport_fastrtps_c.so[0m
[106.473s] [ 25%] Built target turtlebot3_msgs__rosidl_typesupport_fastrtps_c
[106.517s] [ 26%] [34m[1mGenerating C++ type support for eProsima Fast-RTPS[0m
[111.063s] [ 27%] [32mBuilding CXX object CMakeFiles/turtlebot3_msgs__rosidl_typesupport_fastrtps_cpp.dir/rosidl_typesupport_fastrtps_cpp/turtlebot3_msgs/msg/detail/dds_fastrtps/sensor_state__type_support.cpp.o[0m
[113.023s] [ 28%] [32mBuilding CXX object CMakeFiles/turtlebot3_msgs__rosidl_typesupport_fastrtps_cpp.dir/rosidl_typesupport_fastrtps_cpp/turtlebot3_msgs/msg/detail/dds_fastrtps/sound__type_support.cpp.o[0m
[114.224s] [ 30%] [32mBuilding CXX object CMakeFiles/turtlebot3_msgs__rosidl_typesupport_fastrtps_cpp.dir/rosidl_typesupport_fastrtps_cpp/turtlebot3_msgs/msg/detail/dds_fastrtps/version_info__type_support.cpp.o[0m
[116.832s] [ 31%] [32mBuilding CXX object CMakeFiles/turtlebot3_msgs__rosidl_typesupport_fastrtps_cpp.dir/rosidl_typesupport_fastrtps_cpp/turtlebot3_msgs/srv/detail/dds_fastrtps/sound__type_support.cpp.o[0m
[119.718s] [ 32%] [32mBuilding CXX object CMakeFiles/turtlebot3_msgs__rosidl_typesupport_fastrtps_cpp.dir/rosidl_typesupport_fastrtps_cpp/turtlebot3_msgs/srv/detail/dds_fastrtps/dqn__type_support.cpp.o[0m
[122.653s] [ 33%] [32mBuilding CXX object CMakeFiles/turtlebot3_msgs__rosidl_typesupport_fastrtps_cpp.dir/rosidl_typesupport_fastrtps_cpp/turtlebot3_msgs/srv/detail/dds_fastrtps/goal__type_support.cpp.o[0m
[125.604s] [ 35%] [32mBuilding CXX object CMakeFiles/turtlebot3_msgs__rosidl_typesupport_fastrtps_cpp.dir/rosidl_typesupport_fastrtps_cpp/turtlebot3_msgs/action/detail/dds_fastrtps/patrol__type_support.cpp.o[0m
[129.891s] [ 36%] [32m[1mLinking CXX shared library libturtlebot3_msgs__rosidl_typesupport_fastrtps_cpp.so[0m
[131.206s] [ 36%] Built target turtlebot3_msgs__rosidl_typesupport_fastrtps_cpp
[131.344s] [ 37%] [34m[1mGenerating C introspection for ROS interfaces[0m
[145.783s] [ 38%] [32mBuilding C object CMakeFiles/turtlebot3_msgs__rosidl_typesupport_introspection_c.dir/rosidl_typesupport_introspection_c/turtlebot3_msgs/msg/detail/sensor_state__type_support.c.o[0m
[147.311s] [ 40%] [32mBuilding C object CMakeFiles/turtlebot3_msgs__rosidl_typesupport_introspection_c.dir/rosidl_typesupport_introspection_c/turtlebot3_msgs/msg/detail/sound__type_support.c.o[0m
[147.762s] [ 41%] [32mBuilding C object CMakeFiles/turtlebot3_msgs__rosidl_typesupport_introspection_c.dir/rosidl_typesupport_introspection_c/turtlebot3_msgs/msg/detail/version_info__type_support.c.o[0m
[148.240s] [ 42%] [32mBuilding C object CMakeFiles/turtlebot3_msgs__rosidl_typesupport_introspection_c.dir/rosidl_typesupport_introspection_c/turtlebot3_msgs/srv/detail/sound__type_support.c.o[0m
[149.187s] [ 43%] [32mBuilding C object CMakeFiles/turtlebot3_msgs__rosidl_typesupport_introspection_c.dir/rosidl_typesupport_introspection_c/turtlebot3_msgs/srv/detail/dqn__type_support.c.o[0m
[149.928s] [ 45%] [32mBuilding C object CMakeFiles/turtlebot3_msgs__rosidl_typesupport_introspection_c.dir/rosidl_typesupport_introspection_c/turtlebot3_msgs/srv/detail/goal__type_support.c.o[0m
[150.618s] [ 46%] [32mBuilding C object CMakeFiles/turtlebot3_msgs__rosidl_typesupport_introspection_c.dir/rosidl_typesupport_introspection_c/turtlebot3_msgs/action/detail/patrol__type_support.c.o[0m
[151.584s] [ 47%] [32m[1mLinking C shared library libturtlebot3_msgs__rosidl_typesupport_introspection_c.so[0m
[152.207s] [ 47%] Built target turtlebot3_msgs__rosidl_typesupport_introspection_c
[152.598s] [ 48%] [34m[1mGenerating C type support dispatch for ROS interfaces[0m
[160.664s] [ 50%] [32mBuilding CXX object CMakeFiles/turtlebot3_msgs__rosidl_typesupport_c.dir/rosidl_typesupport_c/turtlebot3_msgs/msg/sensor_state__type_support.cpp.o[0m
[161.007s] [ 51%] [32mBuilding CXX object CMakeFiles/turtlebot3_msgs__rosidl_typesupport_c.dir/rosidl_typesupport_c/turtlebot3_msgs/msg/sound__type_support.cpp.o[0m
[161.385s] [ 52%] [32mBuilding CXX object CMakeFiles/turtlebot3_msgs__rosidl_typesupport_c.dir/rosidl_typesupport_c/turtlebot3_msgs/msg/version_info__type_support.cpp.o[0m
[161.685s] [ 53%] [32mBuilding CXX object CMakeFiles/turtlebot3_msgs__rosidl_typesupport_c.dir/rosidl_typesupport_c/turtlebot3_msgs/srv/sound__type_support.cpp.o[0m
[162.040s] [ 55%] [32mBuilding CXX object CMakeFiles/turtlebot3_msgs__rosidl_typesupport_c.dir/rosidl_typesupport_c/turtlebot3_msgs/srv/dqn__type_support.cpp.o[0m
[162.273s] [ 56%] [32mBuilding CXX object CMakeFiles/turtlebot3_msgs__rosidl_typesupport_c.dir/rosidl_typesupport_c/turtlebot3_msgs/srv/goal__type_support.cpp.o[0m
[162.644s] [ 57%] [32mBuilding CXX object CMakeFiles/turtlebot3_msgs__rosidl_typesupport_c.dir/rosidl_typesupport_c/turtlebot3_msgs/action/patrol__type_support.cpp.o[0m
[163.167s] [ 58%] [32m[1mLinking CXX shared library libturtlebot3_msgs__rosidl_typesupport_c.so[0m
[163.602s] [ 58%] Built target turtlebot3_msgs__rosidl_typesupport_c
[163.691s] [ 60%] [34m[1mGenerating C++ introspection for ROS interfaces[0m
[174.247s] [ 61%] [32mBuilding CXX object CMakeFiles/turtlebot3_msgs__rosidl_typesupport_introspection_cpp.dir/rosidl_typesupport_introspection_cpp/turtlebot3_msgs/msg/detail/sensor_state__type_support.cpp.o[0m
[178.509s] [ 62%] [32mBuilding CXX object CMakeFiles/turtlebot3_msgs__rosidl_typesupport_introspection_cpp.dir/rosidl_typesupport_introspection_cpp/turtlebot3_msgs/msg/detail/sound__type_support.cpp.o[0m
[181.708s] [ 63%] [32mBuilding CXX object CMakeFiles/turtlebot3_msgs__rosidl_typesupport_introspection_cpp.dir/rosidl_typesupport_introspection_cpp/turtlebot3_msgs/msg/detail/version_info__type_support.cpp.o[0m
[184.080s] [ 65%] [32mBuilding CXX object CMakeFiles/turtlebot3_msgs__rosidl_typesupport_introspection_cpp.dir/rosidl_typesupport_introspection_cpp/turtlebot3_msgs/srv/detail/sound__type_support.cpp.o[0m
[186.517s] [ 66%] [32mBuilding CXX object CMakeFiles/turtlebot3_msgs__rosidl_typesupport_introspection_cpp.dir/rosidl_typesupport_introspection_cpp/turtlebot3_msgs/srv/detail/dqn__type_support.cpp.o[0m
[187.390s] [ 67%] [32mBuilding CXX object CMakeFiles/turtlebot3_msgs__rosidl_typesupport_introspection_cpp.dir/rosidl_typesupport_introspection_cpp/turtlebot3_msgs/srv/detail/goal__type_support.cpp.o[0m
[188.364s] [ 68%] [32mBuilding CXX object CMakeFiles/turtlebot3_msgs__rosidl_typesupport_introspection_cpp.dir/rosidl_typesupport_introspection_cpp/turtlebot3_msgs/action/detail/patrol__type_support.cpp.o[0m
[190.011s] [ 70%] [32m[1mLinking CXX shared library libturtlebot3_msgs__rosidl_typesupport_introspection_cpp.so[0m
[190.220s] [ 70%] Built target turtlebot3_msgs__rosidl_typesupport_introspection_cpp
[190.248s] [ 71%] [34m[1mGenerating C++ type support dispatch for ROS interfaces[0m
[192.095s] [ 72%] [32mBuilding CXX object CMakeFiles/turtlebot3_msgs__rosidl_typesupport_cpp.dir/rosidl_typesupport_cpp/turtlebot3_msgs/msg/sensor_state__type_support.cpp.o[0m
[193.059s] [ 73%] [32mBuilding CXX object CMakeFiles/turtlebot3_msgs__rosidl_typesupport_cpp.dir/rosidl_typesupport_cpp/turtlebot3_msgs/msg/sound__type_support.cpp.o[0m
[193.670s] [ 75%] [32mBuilding CXX object CMakeFiles/turtlebot3_msgs__rosidl_typesupport_cpp.dir/rosidl_typesupport_cpp/turtlebot3_msgs/msg/version_info__type_support.cpp.o[0m
[194.327s] [ 76%] [32mBuilding CXX object CMakeFiles/turtlebot3_msgs__rosidl_typesupport_cpp.dir/rosidl_typesupport_cpp/turtlebot3_msgs/srv/sound__type_support.cpp.o[0m
[195.169s] [ 77%] [32mBuilding CXX object CMakeFiles/turtlebot3_msgs__rosidl_typesupport_cpp.dir/rosidl_typesupport_cpp/turtlebot3_msgs/srv/dqn__type_support.cpp.o[0m
[195.833s] [ 78%] [32mBuilding CXX object CMakeFiles/turtlebot3_msgs__rosidl_typesupport_cpp.dir/rosidl_typesupport_cpp/turtlebot3_msgs/srv/goal__type_support.cpp.o[0m
[196.675s] [ 80%] [32mBuilding CXX object CMakeFiles/turtlebot3_msgs__rosidl_typesupport_cpp.dir/rosidl_typesupport_cpp/turtlebot3_msgs/action/patrol__type_support.cpp.o[0m
[198.357s] [ 81%] [32m[1mLinking CXX shared library libturtlebot3_msgs__rosidl_typesupport_cpp.so[0m
[198.632s] [ 81%] Built target turtlebot3_msgs__rosidl_typesupport_cpp
[199.651s] running egg_info
[199.652s] creating turtlebot3_msgs.egg-info
[199.652s] writing turtlebot3_msgs.egg-info/PKG-INFO
[199.654s] writing dependency_links to turtlebot3_msgs.egg-info/dependency_links.txt
[199.655s] writing top-level names to turtlebot3_msgs.egg-info/top_level.txt
[199.673s] writing manifest file 'turtlebot3_msgs.egg-info/SOURCES.txt'
[199.683s] reading manifest file 'turtlebot3_msgs.egg-info/SOURCES.txt'
[199.686s] writing manifest file 'turtlebot3_msgs.egg-info/SOURCES.txt'
[199.978s] [ 81%] Built target ament_cmake_python_build_turtlebot3_msgs_egg
[200.135s] [ 81%] Built target turtlebot3_msgs
[200.256s] [ 82%] [34m[1mGenerating Python code for ROS interfaces[0m
[211.670s] [ 82%] Built target turtlebot3_msgs__py
[211.961s] [ 83%] [32mBuilding C object CMakeFiles/turtlebot3_msgs__rosidl_generator_py.dir/rosidl_generator_py/turtlebot3_msgs/msg/_sensor_state_s.c.o[0m
[213.228s] [ 85%] [32mBuilding C object CMakeFiles/turtlebot3_msgs__rosidl_generator_py.dir/rosidl_generator_py/turtlebot3_msgs/msg/_sound_s.c.o[0m
[214.345s] [ 86%] [32mBuilding C object CMakeFiles/turtlebot3_msgs__rosidl_generator_py.dir/rosidl_generator_py/turtlebot3_msgs/msg/_version_info_s.c.o[0m
[215.100s] [ 87%] [32mBuilding C object CMakeFiles/turtlebot3_msgs__rosidl_generator_py.dir/rosidl_generator_py/turtlebot3_msgs/srv/_sound_s.c.o[0m
[215.722s] [ 88%] [32mBuilding C object CMakeFiles/turtlebot3_msgs__rosidl_generator_py.dir/rosidl_generator_py/turtlebot3_msgs/srv/_dqn_s.c.o[0m
[216.294s] [ 90%] [32mBuilding C object CMakeFiles/turtlebot3_msgs__rosidl_generator_py.dir/rosidl_generator_py/turtlebot3_msgs/srv/_goal_s.c.o[0m
[216.858s] [ 91%] [32mBuilding C object CMakeFiles/turtlebot3_msgs__rosidl_generator_py.dir/rosidl_generator_py/turtlebot3_msgs/action/_patrol_s.c.o[0m
[217.566s] [ 92%] [32m[1mLinking C shared library rosidl_generator_py/turtlebot3_msgs/libturtlebot3_msgs__rosidl_generator_py.so[0m
[218.062s] [ 92%] Built target turtlebot3_msgs__rosidl_generator_py
[218.280s] [ 93%] [32mBuilding C object CMakeFiles/turtlebot3_msgs__rosidl_typesupport_fastrtps_c__pyext.dir/rosidl_generator_py/turtlebot3_msgs/_turtlebot3_msgs_s.ep.rosidl_typesupport_fastrtps_c.c.o[0m
[218.990s] [ 95%] [32m[1mLinking C shared library rosidl_generator_py/turtlebot3_msgs/turtlebot3_msgs_s__rosidl_typesupport_fastrtps_c.cpython-310-x86_64-linux-gnu.so[0m
[219.152s] [ 95%] Built target turtlebot3_msgs__rosidl_typesupport_fastrtps_c__pyext
[219.364s] [ 96%] [32mBuilding C object CMakeFiles/turtlebot3_msgs__rosidl_typesupport_introspection_c__pyext.dir/rosidl_generator_py/turtlebot3_msgs/_turtlebot3_msgs_s.ep.rosidl_typesupport_introspection_c.c.o[0m
[219.960s] [ 97%] [32m[1mLinking C shared library rosidl_generator_py/turtlebot3_msgs/turtlebot3_msgs_s__rosidl_typesupport_introspection_c.cpython-310-x86_64-linux-gnu.so[0m
[220.195s] [ 97%] Built target turtlebot3_msgs__rosidl_typesupport_introspection_c__pyext
[220.257s] [ 98%] [32mBuilding C object CMakeFiles/turtlebot3_msgs__rosidl_typesupport_c__pyext.dir/rosidl_generator_py/turtlebot3_msgs/_turtlebot3_msgs_s.ep.rosidl_typesupport_c.c.o[0m
[220.822s] [100%] [32m[1mLinking C shared library rosidl_generator_py/turtlebot3_msgs/turtlebot3_msgs_s__rosidl_typesupport_c.cpython-310-x86_64-linux-gnu.so[0m
[221.126s] [100%] Built target turtlebot3_msgs__rosidl_typesupport_c__pyext
[221.323s] Invoked command in '/workspaces/UON-CS-robotlab-simulation-container/build/turtlebot3_msgs' returned '0': CMAKE_PREFIX_PATH=/opt/ros/humble /usr/bin/cmake --build /workspaces/UON-CS-robotlab-simulation-container/build/turtlebot3_msgs -- -j2 -l2
[221.335s] Invoking command in '/workspaces/UON-CS-robotlab-simulation-container/build/turtlebot3_msgs': CMAKE_PREFIX_PATH=/opt/ros/humble /usr/bin/cmake --install /workspaces/UON-CS-robotlab-simulation-container/build/turtlebot3_msgs
[221.364s] -- Install configuration: ""
[221.369s] -- Execute custom install script
[221.369s] -- Symlinking: /workspaces/UON-CS-robotlab-simulation-container/install/turtlebot3_msgs/share/ament_index/resource_index/rosidl_interfaces/turtlebot3_msgs
[221.395s] -- Symlinking: /workspaces/UON-CS-robotlab-simulation-container/install/turtlebot3_msgs/include/turtlebot3_msgs/turtlebot3_msgs/action/detail/patrol__functions.h
[221.434s] -- Symlinking: /workspaces/UON-CS-robotlab-simulation-container/install/turtlebot3_msgs/include/turtlebot3_msgs/turtlebot3_msgs/action/detail/patrol__struct.h
[221.464s] -- Symlinking: /workspaces/UON-CS-robotlab-simulation-container/install/turtlebot3_msgs/include/turtlebot3_msgs/turtlebot3_msgs/action/detail/patrol__type_support.h
[221.485s] -- Symlinking: /workspaces/UON-CS-robotlab-simulation-container/install/turtlebot3_msgs/include/turtlebot3_msgs/turtlebot3_msgs/action/patrol.h
[221.649s] -- Symlinking: /workspaces/UON-CS-robotlab-simulation-container/install/turtlebot3_msgs/include/turtlebot3_msgs/turtlebot3_msgs/msg/detail/sensor_state__functions.h
[221.739s] -- Symlinking: /workspaces/UON-CS-robotlab-simulation-container/install/turtlebot3_msgs/include/turtlebot3_msgs/turtlebot3_msgs/msg/detail/sensor_state__struct.h
[221.772s] -- Symlinking: /workspaces/UON-CS-robotlab-simulation-container/install/turtlebot3_msgs/include/turtlebot3_msgs/turtlebot3_msgs/msg/detail/sensor_state__type_support.h
[221.794s] -- Symlinking: /workspaces/UON-CS-robotlab-simulation-container/install/turtlebot3_msgs/include/turtlebot3_msgs/turtlebot3_msgs/msg/detail/sound__functions.h
[221.806s] -- Symlinking: /workspaces/UON-CS-robotlab-simulation-container/install/turtlebot3_msgs/include/turtlebot3_msgs/turtlebot3_msgs/msg/detail/sound__struct.h
[221.819s] -- Symlinking: /workspaces/UON-CS-robotlab-simulation-container/install/turtlebot3_msgs/include/turtlebot3_msgs/turtlebot3_msgs/msg/detail/sound__type_support.h
[221.847s] -- Symlinking: /workspaces/UON-CS-robotlab-simulation-container/install/turtlebot3_msgs/include/turtlebot3_msgs/turtlebot3_msgs/msg/detail/version_info__functions.h
[221.873s] -- Symlinking: /workspaces/UON-CS-robotlab-simulation-container/install/turtlebot3_msgs/include/turtlebot3_msgs/turtlebot3_msgs/msg/detail/version_info__struct.h
[221.896s] -- Symlinking: /workspaces/UON-CS-robotlab-simulation-container/install/turtlebot3_msgs/include/turtlebot3_msgs/turtlebot3_msgs/msg/detail/version_info__type_support.h
[221.923s] -- Symlinking: /workspaces/UON-CS-robotlab-simulation-container/install/turtlebot3_msgs/include/turtlebot3_msgs/turtlebot3_msgs/msg/rosidl_generator_c__visibility_control.h
[221.953s] -- Symlinking: /workspaces/UON-CS-robotlab-simulation-container/install/turtlebot3_msgs/include/turtlebot3_msgs/turtlebot3_msgs/msg/sensor_state.h
[221.976s] -- Symlinking: /workspaces/UON-CS-robotlab-simulation-container/install/turtlebot3_msgs/include/turtlebot3_msgs/turtlebot3_msgs/msg/sound.h
[222.021s] -- Symlinking: /workspaces/UON-CS-robotlab-simulation-container/install/turtlebot3_msgs/include/turtlebot3_msgs/turtlebot3_msgs/msg/version_info.h
[222.140s] -- Symlinking: /workspaces/UON-CS-robotlab-simulation-container/install/turtlebot3_msgs/include/turtlebot3_msgs/turtlebot3_msgs/srv/detail/dqn__functions.h
[222.222s] -- Symlinking: /workspaces/UON-CS-robotlab-simulation-container/install/turtlebot3_msgs/include/turtlebot3_msgs/turtlebot3_msgs/srv/detail/dqn__struct.h
[222.283s] -- Symlinking: /workspaces/UON-CS-robotlab-simulation-container/install/turtlebot3_msgs/include/turtlebot3_msgs/turtlebot3_msgs/srv/detail/dqn__type_support.h
[222.316s] -- Symlinking: /workspaces/UON-CS-robotlab-simulation-container/install/turtlebot3_msgs/include/turtlebot3_msgs/turtlebot3_msgs/srv/detail/goal__functions.h
[222.344s] -- Symlinking: /workspaces/UON-CS-robotlab-simulation-container/install/turtlebot3_msgs/include/turtlebot3_msgs/turtlebot3_msgs/srv/detail/goal__struct.h
[222.385s] -- Symlinking: /workspaces/UON-CS-robotlab-simulation-container/install/turtlebot3_msgs/include/turtlebot3_msgs/turtlebot3_msgs/srv/detail/goal__type_support.h
[222.422s] -- Symlinking: /workspaces/UON-CS-robotlab-simulation-container/install/turtlebot3_msgs/include/turtlebot3_msgs/turtlebot3_msgs/srv/detail/sound__functions.h
[222.439s] -- Symlinking: /workspaces/UON-CS-robotlab-simulation-container/install/turtlebot3_msgs/include/turtlebot3_msgs/turtlebot3_msgs/srv/detail/sound__struct.h
[222.456s] -- Symlinking: /workspaces/UON-CS-robotlab-simulation-container/install/turtlebot3_msgs/include/turtlebot3_msgs/turtlebot3_msgs/srv/detail/sound__type_support.h
[222.473s] -- Symlinking: /workspaces/UON-CS-robotlab-simulation-container/install/turtlebot3_msgs/include/turtlebot3_msgs/turtlebot3_msgs/srv/dqn.h
[222.496s] -- Symlinking: /workspaces/UON-CS-robotlab-simulation-container/install/turtlebot3_msgs/include/turtlebot3_msgs/turtlebot3_msgs/srv/goal.h
[222.511s] -- Symlinking: /workspaces/UON-CS-robotlab-simulation-container/install/turtlebot3_msgs/include/turtlebot3_msgs/turtlebot3_msgs/srv/sound.h
[222.529s] -- Symlinking: /workspaces/UON-CS-robotlab-simulation-container/install/turtlebot3_msgs/share/turtlebot3_msgs/environment/library_path.sh
[222.559s] -- Symlinking: /workspaces/UON-CS-robotlab-simulation-container/install/turtlebot3_msgs/share/turtlebot3_msgs/environment/library_path.dsv
[222.592s] -- Symlinking: /workspaces/UON-CS-robotlab-simulation-container/install/turtlebot3_msgs/include/turtlebot3_msgs/turtlebot3_msgs/action/detail/patrol__rosidl_typesupport_fastrtps_c.h
[222.625s] -- Symlinking: /workspaces/UON-CS-robotlab-simulation-container/install/turtlebot3_msgs/include/turtlebot3_msgs/turtlebot3_msgs/msg/detail/sensor_state__rosidl_typesupport_fastrtps_c.h
[222.804s] -- Symlinking: /workspaces/UON-CS-robotlab-simulation-container/install/turtlebot3_msgs/include/turtlebot3_msgs/turtlebot3_msgs/msg/detail/sound__rosidl_typesupport_fastrtps_c.h
[222.841s] -- Symlinking: /workspaces/UON-CS-robotlab-simulation-container/install/turtlebot3_msgs/include/turtlebot3_msgs/turtlebot3_msgs/msg/detail/version_info__rosidl_typesupport_fastrtps_c.h
[222.885s] -- Symlinking: /workspaces/UON-CS-robotlab-simulation-container/install/turtlebot3_msgs/include/turtlebot3_msgs/turtlebot3_msgs/msg/rosidl_typesupport_fastrtps_c__visibility_control.h
[222.927s] -- Symlinking: /workspaces/UON-CS-robotlab-simulation-container/install/turtlebot3_msgs/include/turtlebot3_msgs/turtlebot3_msgs/srv/detail/dqn__rosidl_typesupport_fastrtps_c.h
[222.965s] -- Symlinking: /workspaces/UON-CS-robotlab-simulation-container/install/turtlebot3_msgs/include/turtlebot3_msgs/turtlebot3_msgs/srv/detail/goal__rosidl_typesupport_fastrtps_c.h
[223.005s] -- Symlinking: /workspaces/UON-CS-robotlab-simulation-container/install/turtlebot3_msgs/include/turtlebot3_msgs/turtlebot3_msgs/srv/detail/sound__rosidl_typesupport_fastrtps_c.h
[223.062s] -- Symlinking: /workspaces/UON-CS-robotlab-simulation-container/install/turtlebot3_msgs/include/turtlebot3_msgs/turtlebot3_msgs/action/detail/patrol__builder.hpp
[223.159s] -- Symlinking: /workspaces/UON-CS-robotlab-simulation-container/install/turtlebot3_msgs/include/turtlebot3_msgs/turtlebot3_msgs/action/detail/patrol__struct.hpp
[223.288s] -- Symlinking: /workspaces/UON-CS-robotlab-simulation-container/install/turtlebot3_msgs/include/turtlebot3_msgs/turtlebot3_msgs/action/detail/patrol__traits.hpp
[223.345s] -- Symlinking: /workspaces/UON-CS-robotlab-simulation-container/install/turtlebot3_msgs/include/turtlebot3_msgs/turtlebot3_msgs/action/detail/patrol__type_support.hpp
[223.372s] -- Symlinking: /workspaces/UON-CS-robotlab-simulation-container/install/turtlebot3_msgs/include/turtlebot3_msgs/turtlebot3_msgs/action/patrol.hpp
[223.400s] -- Symlinking: /workspaces/UON-CS-robotlab-simulation-container/install/turtlebot3_msgs/include/turtlebot3_msgs/turtlebot3_msgs/msg/detail/sensor_state__builder.hpp
[223.424s] -- Symlinking: /workspaces/UON-CS-robotlab-simulation-container/install/turtlebot3_msgs/include/turtlebot3_msgs/turtlebot3_msgs/msg/detail/sensor_state__struct.hpp
[223.452s] -- Symlinking: /workspaces/UON-CS-robotlab-simulation-container/install/turtlebot3_msgs/include/turtlebot3_msgs/turtlebot3_msgs/msg/detail/sensor_state__traits.hpp
[223.478s] -- Symlinking: /workspaces/UON-CS-robotlab-simulation-container/install/turtlebot3_msgs/include/turtlebot3_msgs/turtlebot3_msgs/msg/detail/sensor_state__type_support.hpp
[223.505s] -- Symlinking: /workspaces/UON-CS-robotlab-simulation-container/install/turtlebot3_msgs/include/turtlebot3_msgs/turtlebot3_msgs/msg/detail/sound__builder.hpp
[223.541s] -- Symlinking: /workspaces/UON-CS-robotlab-simulation-container/install/turtlebot3_msgs/include/turtlebot3_msgs/turtlebot3_msgs/msg/detail/sound__struct.hpp
[223.569s] -- Symlinking: /workspaces/UON-CS-robotlab-simulation-container/install/turtlebot3_msgs/include/turtlebot3_msgs/turtlebot3_msgs/msg/detail/sound__traits.hpp
[223.589s] -- Symlinking: /workspaces/UON-CS-robotlab-simulation-container/install/turtlebot3_msgs/include/turtlebot3_msgs/turtlebot3_msgs/msg/detail/sound__type_support.hpp
[223.619s] -- Symlinking: /workspaces/UON-CS-robotlab-simulation-container/install/turtlebot3_msgs/include/turtlebot3_msgs/turtlebot3_msgs/msg/detail/version_info__builder.hpp
[223.636s] -- Symlinking: /workspaces/UON-CS-robotlab-simulation-container/install/turtlebot3_msgs/include/turtlebot3_msgs/turtlebot3_msgs/msg/detail/version_info__struct.hpp
[223.660s] -- Symlinking: /workspaces/UON-CS-robotlab-simulation-container/install/turtlebot3_msgs/include/turtlebot3_msgs/turtlebot3_msgs/msg/detail/version_info__traits.hpp
[223.687s] -- Symlinking: /workspaces/UON-CS-robotlab-simulation-container/install/turtlebot3_msgs/include/turtlebot3_msgs/turtlebot3_msgs/msg/detail/version_info__type_support.hpp
[223.854s] -- Symlinking: /workspaces/UON-CS-robotlab-simulation-container/install/turtlebot3_msgs/include/turtlebot3_msgs/turtlebot3_msgs/msg/rosidl_generator_cpp__visibility_control.hpp
[223.883s] -- Symlinking: /workspaces/UON-CS-robotlab-simulation-container/install/turtlebot3_msgs/include/turtlebot3_msgs/turtlebot3_msgs/msg/sensor_state.hpp
[223.978s] -- Symlinking: /workspaces/UON-CS-robotlab-simulation-container/install/turtlebot3_msgs/include/turtlebot3_msgs/turtlebot3_msgs/msg/sound.hpp
[224.040s] -- Symlinking: /workspaces/UON-CS-robotlab-simulation-container/install/turtlebot3_msgs/include/turtlebot3_msgs/turtlebot3_msgs/msg/version_info.hpp
[224.093s] -- Symlinking: /workspaces/UON-CS-robotlab-simulation-container/install/turtlebot3_msgs/include/turtlebot3_msgs/turtlebot3_msgs/srv/detail/dqn__builder.hpp
[224.146s] -- Symlinking: /workspaces/UON-CS-robotlab-simulation-container/install/turtlebot3_msgs/include/turtlebot3_msgs/turtlebot3_msgs/srv/detail/dqn__struct.hpp
[224.187s] -- Symlinking: /workspaces/UON-CS-robotlab-simulation-container/install/turtlebot3_msgs/include/turtlebot3_msgs/turtlebot3_msgs/srv/detail/dqn__traits.hpp
[224.238s] -- Symlinking: /workspaces/UON-CS-robotlab-simulation-container/install/turtlebot3_msgs/include/turtlebot3_msgs/turtlebot3_msgs/srv/detail/dqn__type_support.hpp
[224.282s] -- Symlinking: /workspaces/UON-CS-robotlab-simulation-container/install/turtlebot3_msgs/include/turtlebot3_msgs/turtlebot3_msgs/srv/detail/goal__builder.hpp
[224.343s] -- Symlinking: /workspaces/UON-CS-robotlab-simulation-container/install/turtlebot3_msgs/include/turtlebot3_msgs/turtlebot3_msgs/srv/detail/goal__struct.hpp
[224.580s] -- Symlinking: /workspaces/UON-CS-robotlab-simulation-container/install/turtlebot3_msgs/include/turtlebot3_msgs/turtlebot3_msgs/srv/detail/goal__traits.hpp
[224.648s] -- Symlinking: /workspaces/UON-CS-robotlab-simulation-container/install/turtlebot3_msgs/include/turtlebot3_msgs/turtlebot3_msgs/srv/detail/goal__type_support.hpp
[224.693s] -- Symlinking: /workspaces/UON-CS-robotlab-simulation-container/install/turtlebot3_msgs/include/turtlebot3_msgs/turtlebot3_msgs/srv/detail/sound__builder.hpp
[224.755s] -- Symlinking: /workspaces/UON-CS-robotlab-simulation-container/install/turtlebot3_msgs/include/turtlebot3_msgs/turtlebot3_msgs/srv/detail/sound__struct.hpp
[224.784s] -- Symlinking: /workspaces/UON-CS-robotlab-simulation-container/install/turtlebot3_msgs/include/turtlebot3_msgs/turtlebot3_msgs/srv/detail/sound__traits.hpp
[224.816s] -- Symlinking: /workspaces/UON-CS-robotlab-simulation-container/install/turtlebot3_msgs/include/turtlebot3_msgs/turtlebot3_msgs/srv/detail/sound__type_support.hpp
[224.850s] -- Symlinking: /workspaces/UON-CS-robotlab-simulation-container/install/turtlebot3_msgs/include/turtlebot3_msgs/turtlebot3_msgs/srv/dqn.hpp
[224.883s] -- Symlinking: /workspaces/UON-CS-robotlab-simulation-container/install/turtlebot3_msgs/include/turtlebot3_msgs/turtlebot3_msgs/srv/goal.hpp
[224.912s] -- Symlinking: /workspaces/UON-CS-robotlab-simulation-container/install/turtlebot3_msgs/include/turtlebot3_msgs/turtlebot3_msgs/srv/sound.hpp
[225.090s] -- Symlinking: /workspaces/UON-CS-robotlab-simulation-container/install/turtlebot3_msgs/include/turtlebot3_msgs/turtlebot3_msgs/action/detail/patrol__rosidl_typesupport_fastrtps_cpp.hpp
[225.185s] -- Symlinking: /workspaces/UON-CS-robotlab-simulation-container/install/turtlebot3_msgs/include/turtlebot3_msgs/turtlebot3_msgs/msg/detail/sensor_state__rosidl_typesupport_fastrtps_cpp.hpp
[225.282s] -- Symlinking: /workspaces/UON-CS-robotlab-simulation-container/install/turtlebot3_msgs/include/turtlebot3_msgs/turtlebot3_msgs/msg/detail/sound__rosidl_typesupport_fastrtps_cpp.hpp
[225.444s] -- Symlinking: /workspaces/UON-CS-robotlab-simulation-container/install/turtlebot3_msgs/include/turtlebot3_msgs/turtlebot3_msgs/msg/detail/version_info__rosidl_typesupport_fastrtps_cpp.hpp
[225.704s] -- Symlinking: /workspaces/UON-CS-robotlab-simulation-container/install/turtlebot3_msgs/include/turtlebot3_msgs/turtlebot3_msgs/msg/rosidl_typesupport_fastrtps_cpp__visibility_control.h
[225.748s] -- Symlinking: /workspaces/UON-CS-robotlab-simulation-container/install/turtlebot3_msgs/include/turtlebot3_msgs/turtlebot3_msgs/srv/detail/dqn__rosidl_typesupport_fastrtps_cpp.hpp
[225.791s] -- Symlinking: /workspaces/UON-CS-robotlab-simulation-container/install/turtlebot3_msgs/include/turtlebot3_msgs/turtlebot3_msgs/srv/detail/goal__rosidl_typesupport_fastrtps_cpp.hpp
[225.849s] -- Symlinking: /workspaces/UON-CS-robotlab-simulation-container/install/turtlebot3_msgs/include/turtlebot3_msgs/turtlebot3_msgs/srv/detail/sound__rosidl_typesupport_fastrtps_cpp.hpp
[225.894s] -- Symlinking: /workspaces/UON-CS-robotlab-simulation-container/install/turtlebot3_msgs/include/turtlebot3_msgs/turtlebot3_msgs/action/detail/patrol__rosidl_typesupport_introspection_c.h
[225.936s] -- Symlinking: /workspaces/UON-CS-robotlab-simulation-container/install/turtlebot3_msgs/include/turtlebot3_msgs/turtlebot3_msgs/msg/detail/sensor_state__rosidl_typesupport_introspection_c.h
[225.970s] -- Symlinking: /workspaces/UON-CS-robotlab-simulation-container/install/turtlebot3_msgs/include/turtlebot3_msgs/turtlebot3_msgs/msg/detail/sound__rosidl_typesupport_introspection_c.h
[226.012s] -- Symlinking: /workspaces/UON-CS-robotlab-simulation-container/install/turtlebot3_msgs/include/turtlebot3_msgs/turtlebot3_msgs/msg/detail/version_info__rosidl_typesupport_introspection_c.h
[226.044s] -- Symlinking: /workspaces/UON-CS-robotlab-simulation-container/install/turtlebot3_msgs/include/turtlebot3_msgs/turtlebot3_msgs/msg/rosidl_typesupport_introspection_c__visibility_control.h
[226.083s] -- Symlinking: /workspaces/UON-CS-robotlab-simulation-container/install/turtlebot3_msgs/include/turtlebot3_msgs/turtlebot3_msgs/srv/detail/dqn__rosidl_typesupport_introspection_c.h
[226.132s] -- Symlinking: /workspaces/UON-CS-robotlab-simulation-container/install/turtlebot3_msgs/include/turtlebot3_msgs/turtlebot3_msgs/srv/detail/goal__rosidl_typesupport_introspection_c.h
[226.154s] -- Symlinking: /workspaces/UON-CS-robotlab-simulation-container/install/turtlebot3_msgs/include/turtlebot3_msgs/turtlebot3_msgs/srv/detail/sound__rosidl_typesupport_introspection_c.h
[226.188s] -- Symlinking: /workspaces/UON-CS-robotlab-simulation-container/install/turtlebot3_msgs/include/turtlebot3_msgs/turtlebot3_msgs/action/detail/patrol__rosidl_typesupport_introspection_cpp.hpp
[226.211s] -- Symlinking: /workspaces/UON-CS-robotlab-simulation-container/install/turtlebot3_msgs/include/turtlebot3_msgs/turtlebot3_msgs/msg/detail/sensor_state__rosidl_typesupport_introspection_cpp.hpp
[226.255s] -- Symlinking: /workspaces/UON-CS-robotlab-simulation-container/install/turtlebot3_msgs/include/turtlebot3_msgs/turtlebot3_msgs/msg/detail/sound__rosidl_typesupport_introspection_cpp.hpp
[226.300s] -- Symlinking: /workspaces/UON-CS-robotlab-simulation-container/install/turtlebot3_msgs/include/turtlebot3_msgs/turtlebot3_msgs/msg/detail/version_info__rosidl_typesupport_introspection_cpp.hpp
[226.472s] -- Symlinking: /workspaces/UON-CS-robotlab-simulation-container/install/turtlebot3_msgs/include/turtlebot3_msgs/turtlebot3_msgs/srv/detail/dqn__rosidl_typesupport_introspection_cpp.hpp
[226.570s] -- Symlinking: /workspaces/UON-CS-robotlab-simulation-container/install/turtlebot3_msgs/include/turtlebot3_msgs/turtlebot3_msgs/srv/detail/goal__rosidl_typesupport_introspection_cpp.hpp
[226.640s] -- Symlinking: /workspaces/UON-CS-robotlab-simulation-container/install/turtlebot3_msgs/include/turtlebot3_msgs/turtlebot3_msgs/srv/detail/sound__rosidl_typesupport_introspection_cpp.hpp
[226.706s] -- Symlinking: /workspaces/UON-CS-robotlab-simulation-container/install/turtlebot3_msgs/share/turtlebot3_msgs/environment/pythonpath.sh
[226.750s] -- Symlinking: /workspaces/UON-CS-robotlab-simulation-container/install/turtlebot3_msgs/share/turtlebot3_msgs/environment/pythonpath.dsv
[226.799s] -- Symlinking: /workspaces/UON-CS-robotlab-simulation-container/install/turtlebot3_msgs/local/lib/python3.10/dist-packages/turtlebot3_msgs-2.4.0-py3.10.egg-info/PKG-INFO
[226.860s] -- Symlinking: /workspaces/UON-CS-robotlab-simulation-container/install/turtlebot3_msgs/local/lib/python3.10/dist-packages/turtlebot3_msgs-2.4.0-py3.10.egg-info/SOURCES.txt
[226.894s] -- Symlinking: /workspaces/UON-CS-robotlab-simulation-container/install/turtlebot3_msgs/local/lib/python3.10/dist-packages/turtlebot3_msgs-2.4.0-py3.10.egg-info/dependency_links.txt
[226.943s] -- Symlinking: /workspaces/UON-CS-robotlab-simulation-container/install/turtlebot3_msgs/local/lib/python3.10/dist-packages/turtlebot3_msgs-2.4.0-py3.10.egg-info/top_level.txt
[226.995s] -- Symlinking: /workspaces/UON-CS-robotlab-simulation-container/install/turtlebot3_msgs/local/lib/python3.10/dist-packages/turtlebot3_msgs/__init__.py
[227.026s] -- Symlinking: /workspaces/UON-CS-robotlab-simulation-container/install/turtlebot3_msgs/local/lib/python3.10/dist-packages/turtlebot3_msgs/_turtlebot3_msgs_s.ep.rosidl_typesupport_c.c
[227.195s] -- Symlinking: /workspaces/UON-CS-robotlab-simulation-container/install/turtlebot3_msgs/local/lib/python3.10/dist-packages/turtlebot3_msgs/_turtlebot3_msgs_s.ep.rosidl_typesupport_fastrtps_c.c
[227.195s] -- Symlinking: /workspaces/UON-CS-robotlab-simulation-container/install/turtlebot3_msgs/local/lib/python3.10/dist-packages/turtlebot3_msgs/_turtlebot3_msgs_s.ep.rosidl_typesupport_introspection_c.c
[227.195s] -- Symlinking: /workspaces/UON-CS-robotlab-simulation-container/install/turtlebot3_msgs/local/lib/python3.10/dist-packages/turtlebot3_msgs/action/__init__.py
[227.195s] -- Symlinking: /workspaces/UON-CS-robotlab-simulation-container/install/turtlebot3_msgs/local/lib/python3.10/dist-packages/turtlebot3_msgs/action/_patrol.py
[227.195s] -- Symlinking: /workspaces/UON-CS-robotlab-simulation-container/install/turtlebot3_msgs/local/lib/python3.10/dist-packages/turtlebot3_msgs/action/_patrol_s.c
[227.203s] -- Symlinking: /workspaces/UON-CS-robotlab-simulation-container/install/turtlebot3_msgs/local/lib/python3.10/dist-packages/turtlebot3_msgs/libturtlebot3_msgs__rosidl_generator_py.so
[227.203s] -- Symlinking: /workspaces/UON-CS-robotlab-simulation-container/install/turtlebot3_msgs/local/lib/python3.10/dist-packages/turtlebot3_msgs/msg/__init__.py
[227.203s] -- Symlinking: /workspaces/UON-CS-robotlab-simulation-container/install/turtlebot3_msgs/local/lib/python3.10/dist-packages/turtlebot3_msgs/msg/_sensor_state.py
[227.225s] -- Symlinking: /workspaces/UON-CS-robotlab-simulation-container/install/turtlebot3_msgs/local/lib/python3.10/dist-packages/turtlebot3_msgs/msg/_sensor_state_s.c
[227.241s] -- Symlinking: /workspaces/UON-CS-robotlab-simulation-container/install/turtlebot3_msgs/local/lib/python3.10/dist-packages/turtlebot3_msgs/msg/_sound.py
[227.283s] -- Symlinking: /workspaces/UON-CS-robotlab-simulation-container/install/turtlebot3_msgs/local/lib/python3.10/dist-packages/turtlebot3_msgs/msg/_sound_s.c
[227.320s] -- Symlinking: /workspaces/UON-CS-robotlab-simulation-container/install/turtlebot3_msgs/local/lib/python3.10/dist-packages/turtlebot3_msgs/msg/_version_info.py
[227.359s] -- Symlinking: /workspaces/UON-CS-robotlab-simulation-container/install/turtlebot3_msgs/local/lib/python3.10/dist-packages/turtlebot3_msgs/msg/_version_info_s.c
[227.400s] -- Symlinking: /workspaces/UON-CS-robotlab-simulation-container/install/turtlebot3_msgs/local/lib/python3.10/dist-packages/turtlebot3_msgs/srv/__init__.py
[227.438s] -- Symlinking: /workspaces/UON-CS-robotlab-simulation-container/install/turtlebot3_msgs/local/lib/python3.10/dist-packages/turtlebot3_msgs/srv/_dqn.py
[227.477s] -- Symlinking: /workspaces/UON-CS-robotlab-simulation-container/install/turtlebot3_msgs/local/lib/python3.10/dist-packages/turtlebot3_msgs/srv/_dqn_s.c
[227.511s] -- Symlinking: /workspaces/UON-CS-robotlab-simulation-container/install/turtlebot3_msgs/local/lib/python3.10/dist-packages/turtlebot3_msgs/srv/_goal.py
[227.541s] -- Symlinking: /workspaces/UON-CS-robotlab-simulation-container/install/turtlebot3_msgs/local/lib/python3.10/dist-packages/turtlebot3_msgs/srv/_goal_s.c
[227.568s] -- Symlinking: /workspaces/UON-CS-robotlab-simulation-container/install/turtlebot3_msgs/local/lib/python3.10/dist-packages/turtlebot3_msgs/srv/_sound.py
[227.581s] -- Symlinking: /workspaces/UON-CS-robotlab-simulation-container/install/turtlebot3_msgs/local/lib/python3.10/dist-packages/turtlebot3_msgs/srv/_sound_s.c
[227.594s] -- Symlinking: /workspaces/UON-CS-robotlab-simulation-container/install/turtlebot3_msgs/local/lib/python3.10/dist-packages/turtlebot3_msgs/turtlebot3_msgs_s__rosidl_typesupport_c.cpython-310-x86_64-linux-gnu.so
[227.616s] -- Symlinking: /workspaces/UON-CS-robotlab-simulation-container/install/turtlebot3_msgs/local/lib/python3.10/dist-packages/turtlebot3_msgs/turtlebot3_msgs_s__rosidl_typesupport_fastrtps_c.cpython-310-x86_64-linux-gnu.so
[227.647s] -- Symlinking: /workspaces/UON-CS-robotlab-simulation-container/install/turtlebot3_msgs/local/lib/python3.10/dist-packages/turtlebot3_msgs/turtlebot3_msgs_s__rosidl_typesupport_introspection_c.cpython-310-x86_64-linux-gnu.so
[227.849s] -- Up-to-date symlink: /workspaces/UON-CS-robotlab-simulation-container/install/turtlebot3_msgs/local/lib/python3.10/dist-packages/turtlebot3_msgs/turtlebot3_msgs_s__rosidl_typesupport_fastrtps_c.cpython-310-x86_64-linux-gnu.so
[227.867s] -- Up-to-date symlink: /workspaces/UON-CS-robotlab-simulation-container/install/turtlebot3_msgs/local/lib/python3.10/dist-packages/turtlebot3_msgs/turtlebot3_msgs_s__rosidl_typesupport_introspection_c.cpython-310-x86_64-linux-gnu.so
[227.867s] -- Up-to-date symlink: /workspaces/UON-CS-robotlab-simulation-container/install/turtlebot3_msgs/local/lib/python3.10/dist-packages/turtlebot3_msgs/turtlebot3_msgs_s__rosidl_typesupport_c.cpython-310-x86_64-linux-gnu.so
[227.868s] -- Symlinking: /workspaces/UON-CS-robotlab-simulation-container/install/turtlebot3_msgs/share/ament_index/resource_index/rust_packages/turtlebot3_msgs
[227.921s] -- Symlinking: /workspaces/UON-CS-robotlab-simulation-container/install/turtlebot3_msgs/share/turtlebot3_msgs/rust/Cargo.toml
[227.940s] -- Symlinking: /workspaces/UON-CS-robotlab-simulation-container/install/turtlebot3_msgs/share/turtlebot3_msgs/rust/build.rs
[227.991s] -- Symlinking: /workspaces/UON-CS-robotlab-simulation-container/install/turtlebot3_msgs/share/turtlebot3_msgs/rust/src/action.rs
[228.014s] -- Symlinking: /workspaces/UON-CS-robotlab-simulation-container/install/turtlebot3_msgs/share/turtlebot3_msgs/rust/src/action/rmw.rs
[228.041s] -- Symlinking: /workspaces/UON-CS-robotlab-simulation-container/install/turtlebot3_msgs/share/turtlebot3_msgs/rust/src/lib.rs
[228.064s] -- Symlinking: /workspaces/UON-CS-robotlab-simulation-container/install/turtlebot3_msgs/share/turtlebot3_msgs/rust/src/msg.rs
[228.092s] -- Symlinking: /workspaces/UON-CS-robotlab-simulation-container/install/turtlebot3_msgs/share/turtlebot3_msgs/rust/src/msg/rmw.rs
[228.130s] -- Symlinking: /workspaces/UON-CS-robotlab-simulation-container/install/turtlebot3_msgs/share/turtlebot3_msgs/rust/src/srv.rs
[228.153s] -- Symlinking: /workspaces/UON-CS-robotlab-simulation-container/install/turtlebot3_msgs/share/turtlebot3_msgs/rust/src/srv/rmw.rs
[228.181s] -- Symlinking: /workspaces/UON-CS-robotlab-simulation-container/install/turtlebot3_msgs/share/turtlebot3_msgs/msg/SensorState.idl
[228.359s] -- Symlinking: /workspaces/UON-CS-robotlab-simulation-container/install/turtlebot3_msgs/share/turtlebot3_msgs/msg/Sound.idl
[228.370s] -- Symlinking: /workspaces/UON-CS-robotlab-simulation-container/install/turtlebot3_msgs/share/turtlebot3_msgs/msg/VersionInfo.idl
[228.383s] -- Symlinking: /workspaces/UON-CS-robotlab-simulation-container/install/turtlebot3_msgs/share/turtlebot3_msgs/srv/Sound.idl
[228.400s] -- Symlinking: /workspaces/UON-CS-robotlab-simulation-container/install/turtlebot3_msgs/share/turtlebot3_msgs/srv/Dqn.idl
[228.411s] -- Symlinking: /workspaces/UON-CS-robotlab-simulation-container/install/turtlebot3_msgs/share/turtlebot3_msgs/srv/Goal.idl
[228.455s] -- Symlinking: /workspaces/UON-CS-robotlab-simulation-container/install/turtlebot3_msgs/share/turtlebot3_msgs/action/Patrol.idl
[228.515s] -- Symlinking: /workspaces/UON-CS-robotlab-simulation-container/install/turtlebot3_msgs/share/turtlebot3_msgs/msg/SensorState.msg
[228.589s] -- Symlinking: /workspaces/UON-CS-robotlab-simulation-container/install/turtlebot3_msgs/share/turtlebot3_msgs/msg/Sound.msg
[228.601s] -- Symlinking: /workspaces/UON-CS-robotlab-simulation-container/install/turtlebot3_msgs/share/turtlebot3_msgs/msg/VersionInfo.msg
[228.616s] -- Symlinking: /workspaces/UON-CS-robotlab-simulation-container/install/turtlebot3_msgs/share/turtlebot3_msgs/srv/Sound.srv
[228.630s] -- Symlinking: /workspaces/UON-CS-robotlab-simulation-container/install/turtlebot3_msgs/share/turtlebot3_msgs/srv/Sound_Request.msg
[228.658s] -- Symlinking: /workspaces/UON-CS-robotlab-simulation-container/install/turtlebot3_msgs/share/turtlebot3_msgs/srv/Sound_Response.msg
[228.697s] -- Symlinking: /workspaces/UON-CS-robotlab-simulation-container/install/turtlebot3_msgs/share/turtlebot3_msgs/srv/Dqn.srv
[228.726s] -- Symlinking: /workspaces/UON-CS-robotlab-simulation-container/install/turtlebot3_msgs/share/turtlebot3_msgs/srv/Dqn_Request.msg
[228.758s] -- Symlinking: /workspaces/UON-CS-robotlab-simulation-container/install/turtlebot3_msgs/share/turtlebot3_msgs/srv/Dqn_Response.msg
[228.784s] -- Symlinking: /workspaces/UON-CS-robotlab-simulation-container/install/turtlebot3_msgs/share/turtlebot3_msgs/srv/Goal.srv
[228.809s] -- Symlinking: /workspaces/UON-CS-robotlab-simulation-container/install/turtlebot3_msgs/share/turtlebot3_msgs/srv/Goal_Request.msg
[228.837s] -- Symlinking: /workspaces/UON-CS-robotlab-simulation-container/install/turtlebot3_msgs/share/turtlebot3_msgs/srv/Goal_Response.msg
[228.873s] -- Symlinking: /workspaces/UON-CS-robotlab-simulation-container/install/turtlebot3_msgs/share/turtlebot3_msgs/action/Patrol.action
[228.897s] -- Symlinking: /workspaces/UON-CS-robotlab-simulation-container/install/turtlebot3_msgs/share/ament_index/resource_index/package_run_dependencies/turtlebot3_msgs
[229.037s] -- Symlinking: /workspaces/UON-CS-robotlab-simulation-container/install/turtlebot3_msgs/share/ament_index/resource_index/parent_prefix_path/turtlebot3_msgs
[229.050s] -- Symlinking: /workspaces/UON-CS-robotlab-simulation-container/install/turtlebot3_msgs/share/turtlebot3_msgs/environment/ament_prefix_path.sh
[229.126s] -- Symlinking: /workspaces/UON-CS-robotlab-simulation-container/install/turtlebot3_msgs/share/turtlebot3_msgs/environment/ament_prefix_path.dsv
[229.152s] -- Symlinking: /workspaces/UON-CS-robotlab-simulation-container/install/turtlebot3_msgs/share/turtlebot3_msgs/environment/path.sh
[229.174s] -- Symlinking: /workspaces/UON-CS-robotlab-simulation-container/install/turtlebot3_msgs/share/turtlebot3_msgs/environment/path.dsv
[229.203s] -- Symlinking: /workspaces/UON-CS-robotlab-simulation-container/install/turtlebot3_msgs/share/turtlebot3_msgs/local_setup.bash
[229.228s] -- Symlinking: /workspaces/UON-CS-robotlab-simulation-container/install/turtlebot3_msgs/share/turtlebot3_msgs/local_setup.sh
[229.253s] -- Symlinking: /workspaces/UON-CS-robotlab-simulation-container/install/turtlebot3_msgs/share/turtlebot3_msgs/local_setup.zsh
[229.286s] -- Symlinking: /workspaces/UON-CS-robotlab-simulation-container/install/turtlebot3_msgs/share/turtlebot3_msgs/local_setup.dsv
[229.315s] -- Symlinking: /workspaces/UON-CS-robotlab-simulation-container/install/turtlebot3_msgs/share/turtlebot3_msgs/package.dsv
[229.350s] -- Symlinking: /workspaces/UON-CS-robotlab-simulation-container/install/turtlebot3_msgs/share/ament_index/resource_index/packages/turtlebot3_msgs
[229.377s] -- Symlinking: /workspaces/UON-CS-robotlab-simulation-container/install/turtlebot3_msgs/share/turtlebot3_msgs/cmake/rosidl_cmake-extras.cmake
[229.427s] -- Symlinking: /workspaces/UON-CS-robotlab-simulation-container/install/turtlebot3_msgs/share/turtlebot3_msgs/cmake/ament_cmake_export_dependencies-extras.cmake
[229.461s] -- Symlinking: /workspaces/UON-CS-robotlab-simulation-container/install/turtlebot3_msgs/share/turtlebot3_msgs/cmake/ament_cmake_export_include_directories-extras.cmake
[229.490s] -- Symlinking: /workspaces/UON-CS-robotlab-simulation-container/install/turtlebot3_msgs/share/turtlebot3_msgs/cmake/ament_cmake_export_libraries-extras.cmake
[229.659s] -- Symlinking: /workspaces/UON-CS-robotlab-simulation-container/install/turtlebot3_msgs/share/turtlebot3_msgs/cmake/ament_cmake_export_targets-extras.cmake
[229.682s] -- Symlinking: /workspaces/UON-CS-robotlab-simulation-container/install/turtlebot3_msgs/share/turtlebot3_msgs/cmake/rosidl_cmake_export_typesupport_targets-extras.cmake
[229.706s] -- Symlinking: /workspaces/UON-CS-robotlab-simulation-container/install/turtlebot3_msgs/share/turtlebot3_msgs/cmake/rosidl_cmake_export_typesupport_libraries-extras.cmake
[229.739s] -- Symlinking: /workspaces/UON-CS-robotlab-simulation-container/install/turtlebot3_msgs/share/turtlebot3_msgs/cmake/turtlebot3_msgsConfig.cmake
[229.776s] -- Symlinking: /workspaces/UON-CS-robotlab-simulation-container/install/turtlebot3_msgs/share/turtlebot3_msgs/cmake/turtlebot3_msgsConfig-version.cmake
[229.825s] -- Symlinking: /workspaces/UON-CS-robotlab-simulation-container/install/turtlebot3_msgs/share/turtlebot3_msgs/package.xml
[229.861s] -- Installing: /workspaces/UON-CS-robotlab-simulation-container/install/turtlebot3_msgs/lib/libturtlebot3_msgs__rosidl_generator_c.so
[229.865s] -- Set runtime path of "/workspaces/UON-CS-robotlab-simulation-container/install/turtlebot3_msgs/lib/libturtlebot3_msgs__rosidl_generator_c.so" to ""
[229.866s] -- Installing: /workspaces/UON-CS-robotlab-simulation-container/install/turtlebot3_msgs/lib/libturtlebot3_msgs__rosidl_typesupport_fastrtps_c.so
[229.866s] -- Set runtime path of "/workspaces/UON-CS-robotlab-simulation-container/install/turtlebot3_msgs/lib/libturtlebot3_msgs__rosidl_typesupport_fastrtps_c.so" to ""
[229.867s] -- Installing: /workspaces/UON-CS-robotlab-simulation-container/install/turtlebot3_msgs/lib/libturtlebot3_msgs__rosidl_typesupport_fastrtps_cpp.so
[229.880s] -- Set runtime path of "/workspaces/UON-CS-robotlab-simulation-container/install/turtlebot3_msgs/lib/libturtlebot3_msgs__rosidl_typesupport_fastrtps_cpp.so" to ""
[229.880s] -- Installing: /workspaces/UON-CS-robotlab-simulation-container/install/turtlebot3_msgs/lib/libturtlebot3_msgs__rosidl_typesupport_introspection_c.so
[229.882s] -- Set runtime path of "/workspaces/UON-CS-robotlab-simulation-container/install/turtlebot3_msgs/lib/libturtlebot3_msgs__rosidl_typesupport_introspection_c.so" to ""
[229.884s] -- Installing: /workspaces/UON-CS-robotlab-simulation-container/install/turtlebot3_msgs/lib/libturtlebot3_msgs__rosidl_typesupport_c.so
[229.888s] -- Set runtime path of "/workspaces/UON-CS-robotlab-simulation-container/install/turtlebot3_msgs/lib/libturtlebot3_msgs__rosidl_typesupport_c.so" to ""
[229.888s] -- Installing: /workspaces/UON-CS-robotlab-simulation-container/install/turtlebot3_msgs/lib/libturtlebot3_msgs__rosidl_typesupport_introspection_cpp.so
[229.890s] -- Set runtime path of "/workspaces/UON-CS-robotlab-simulation-container/install/turtlebot3_msgs/lib/libturtlebot3_msgs__rosidl_typesupport_introspection_cpp.so" to ""
[229.894s] -- Installing: /workspaces/UON-CS-robotlab-simulation-container/install/turtlebot3_msgs/lib/libturtlebot3_msgs__rosidl_typesupport_cpp.so
[229.894s] -- Set runtime path of "/workspaces/UON-CS-robotlab-simulation-container/install/turtlebot3_msgs/lib/libturtlebot3_msgs__rosidl_typesupport_cpp.so" to ""
[230.314s] Listing '/workspaces/UON-CS-robotlab-simulation-container/install/turtlebot3_msgs/local/lib/python3.10/dist-packages/turtlebot3_msgs'...
[230.314s] Compiling '/workspaces/UON-CS-robotlab-simulation-container/install/turtlebot3_msgs/local/lib/python3.10/dist-packages/turtlebot3_msgs/__init__.py'...
[230.314s] Listing '/workspaces/UON-CS-robotlab-simulation-container/install/turtlebot3_msgs/local/lib/python3.10/dist-packages/turtlebot3_msgs/action'...
[230.315s] Compiling '/workspaces/UON-CS-robotlab-simulation-container/install/turtlebot3_msgs/local/lib/python3.10/dist-packages/turtlebot3_msgs/action/__init__.py'...
[230.315s] Compiling '/workspaces/UON-CS-robotlab-simulation-container/install/turtlebot3_msgs/local/lib/python3.10/dist-packages/turtlebot3_msgs/action/_patrol.py'...
[230.315s] Listing '/workspaces/UON-CS-robotlab-simulation-container/install/turtlebot3_msgs/local/lib/python3.10/dist-packages/turtlebot3_msgs/msg'...
[230.315s] Compiling '/workspaces/UON-CS-robotlab-simulation-container/install/turtlebot3_msgs/local/lib/python3.10/dist-packages/turtlebot3_msgs/msg/__init__.py'...
[230.315s] Compiling '/workspaces/UON-CS-robotlab-simulation-container/install/turtlebot3_msgs/local/lib/python3.10/dist-packages/turtlebot3_msgs/msg/_sensor_state.py'...
[230.315s] Compiling '/workspaces/UON-CS-robotlab-simulation-container/install/turtlebot3_msgs/local/lib/python3.10/dist-packages/turtlebot3_msgs/msg/_sound.py'...
[230.323s] Compiling '/workspaces/UON-CS-robotlab-simulation-container/install/turtlebot3_msgs/local/lib/python3.10/dist-packages/turtlebot3_msgs/msg/_version_info.py'...
[230.327s] Listing '/workspaces/UON-CS-robotlab-simulation-container/install/turtlebot3_msgs/local/lib/python3.10/dist-packages/turtlebot3_msgs/srv'...
[230.328s] Compiling '/workspaces/UON-CS-robotlab-simulation-container/install/turtlebot3_msgs/local/lib/python3.10/dist-packages/turtlebot3_msgs/srv/__init__.py'...
[230.330s] Compiling '/workspaces/UON-CS-robotlab-simulation-container/install/turtlebot3_msgs/local/lib/python3.10/dist-packages/turtlebot3_msgs/srv/_dqn.py'...
[230.331s] Compiling '/workspaces/UON-CS-robotlab-simulation-container/install/turtlebot3_msgs/local/lib/python3.10/dist-packages/turtlebot3_msgs/srv/_goal.py'...
[230.332s] Compiling '/workspaces/UON-CS-robotlab-simulation-container/install/turtlebot3_msgs/local/lib/python3.10/dist-packages/turtlebot3_msgs/srv/_sound.py'...
[230.339s] -- Installing: /workspaces/UON-CS-robotlab-simulation-container/install/turtlebot3_msgs/lib/libturtlebot3_msgs__rosidl_generator_py.so
[230.340s] -- Set runtime path of "/workspaces/UON-CS-robotlab-simulation-container/install/turtlebot3_msgs/lib/libturtlebot3_msgs__rosidl_generator_py.so" to ""
[230.340s] -- Installing: /workspaces/UON-CS-robotlab-simulation-container/install/turtlebot3_msgs/share/turtlebot3_msgs/cmake/export_turtlebot3_msgs__rosidl_generator_cExport.cmake
[230.344s] -- Installing: /workspaces/UON-CS-robotlab-simulation-container/install/turtlebot3_msgs/share/turtlebot3_msgs/cmake/export_turtlebot3_msgs__rosidl_generator_cExport-noconfig.cmake
[230.344s] -- Installing: /workspaces/UON-CS-robotlab-simulation-container/install/turtlebot3_msgs/share/turtlebot3_msgs/cmake/export_turtlebot3_msgs__rosidl_typesupport_fastrtps_cExport.cmake
[230.348s] -- Installing: /workspaces/UON-CS-robotlab-simulation-container/install/turtlebot3_msgs/share/turtlebot3_msgs/cmake/export_turtlebot3_msgs__rosidl_typesupport_fastrtps_cExport-noconfig.cmake
[230.349s] -- Installing: /workspaces/UON-CS-robotlab-simulation-container/install/turtlebot3_msgs/share/turtlebot3_msgs/cmake/export_turtlebot3_msgs__rosidl_generator_cppExport.cmake
[230.355s] -- Installing: /workspaces/UON-CS-robotlab-simulation-container/install/turtlebot3_msgs/share/turtlebot3_msgs/cmake/export_turtlebot3_msgs__rosidl_typesupport_fastrtps_cppExport.cmake
[230.356s] -- Installing: /workspaces/UON-CS-robotlab-simulation-container/install/turtlebot3_msgs/share/turtlebot3_msgs/cmake/export_turtlebot3_msgs__rosidl_typesupport_fastrtps_cppExport-noconfig.cmake
[230.356s] -- Installing: /workspaces/UON-CS-robotlab-simulation-container/install/turtlebot3_msgs/share/turtlebot3_msgs/cmake/turtlebot3_msgs__rosidl_typesupport_introspection_cExport.cmake
[230.365s] -- Installing: /workspaces/UON-CS-robotlab-simulation-container/install/turtlebot3_msgs/share/turtlebot3_msgs/cmake/turtlebot3_msgs__rosidl_typesupport_introspection_cExport-noconfig.cmake
[230.367s] -- Installing: /workspaces/UON-CS-robotlab-simulation-container/install/turtlebot3_msgs/share/turtlebot3_msgs/cmake/turtlebot3_msgs__rosidl_typesupport_cExport.cmake
[230.368s] -- Installing: /workspaces/UON-CS-robotlab-simulation-container/install/turtlebot3_msgs/share/turtlebot3_msgs/cmake/turtlebot3_msgs__rosidl_typesupport_cExport-noconfig.cmake
[230.369s] -- Installing: /workspaces/UON-CS-robotlab-simulation-container/install/turtlebot3_msgs/share/turtlebot3_msgs/cmake/turtlebot3_msgs__rosidl_typesupport_introspection_cppExport.cmake
[230.370s] -- Installing: /workspaces/UON-CS-robotlab-simulation-container/install/turtlebot3_msgs/share/turtlebot3_msgs/cmake/turtlebot3_msgs__rosidl_typesupport_introspection_cppExport-noconfig.cmake
[230.370s] -- Installing: /workspaces/UON-CS-robotlab-simulation-container/install/turtlebot3_msgs/share/turtlebot3_msgs/cmake/turtlebot3_msgs__rosidl_typesupport_cppExport.cmake
[230.374s] -- Installing: /workspaces/UON-CS-robotlab-simulation-container/install/turtlebot3_msgs/share/turtlebot3_msgs/cmake/turtlebot3_msgs__rosidl_typesupport_cppExport-noconfig.cmake
[230.375s] -- Installing: /workspaces/UON-CS-robotlab-simulation-container/install/turtlebot3_msgs/share/turtlebot3_msgs/cmake/export_turtlebot3_msgs__rosidl_generator_pyExport.cmake
[230.377s] -- Installing: /workspaces/UON-CS-robotlab-simulation-container/install/turtlebot3_msgs/share/turtlebot3_msgs/cmake/export_turtlebot3_msgs__rosidl_generator_pyExport-noconfig.cmake
[230.388s] Invoked command in '/workspaces/UON-CS-robotlab-simulation-container/build/turtlebot3_msgs' returned '0': CMAKE_PREFIX_PATH=/opt/ros/humble /usr/bin/cmake --install /workspaces/UON-CS-robotlab-simulation-container/build/turtlebot3_msgs
