[0.118s] Invoking command in '/workspaces/UON-CS-robotlab-simulation-container/build/turtlebot3_description': CMAKE_PREFIX_PATH=${CMAKE_PREFIX_PATH}:/workspaces/UON-CS-robotlab-simulation-container/install/turtlebot3_teleop:/workspaces/UON-CS-robotlab-simulation-container/install/turtlebot3_example:/opt/ros/humble /usr/bin/cmake --build /workspaces/UON-CS-robotlab-simulation-container/build/turtlebot3_description -- -j2 -l2
[0.565s] Invoked command in '/workspaces/UON-CS-robotlab-simulation-container/build/turtlebot3_description' returned '0': CMAKE_PREFIX_PATH=${CMAKE_PREFIX_PATH}:/workspaces/UON-CS-robotlab-simulation-container/install/turtlebot3_teleop:/workspaces/UON-CS-robotlab-simulation-container/install/turtlebot3_example:/opt/ros/humble /usr/bin/cmake --build /workspaces/UON-CS-robotlab-simulation-container/build/turtlebot3_description -- -j2 -l2
[0.600s] Invoking command in '/workspaces/UON-CS-robotlab-simulation-container/build/turtlebot3_description': CMAKE_PREFIX_PATH=${CMAKE_PREFIX_PATH}:/workspaces/UON-CS-robotlab-simulation-container/install/turtlebot3_teleop:/workspaces/UON-CS-robotlab-simulation-container/install/turtlebot3_example:/opt/ros/humble /usr/bin/cmake --install /workspaces/UON-CS-robotlab-simulation-container/build/turtlebot3_description
[0.766s] -- Install configuration: ""
[0.803s] -- Execute custom install script
[0.842s] -- Up-to-date symlink: /workspaces/UON-CS-robotlab-simulation-container/install/turtlebot3_description/share/turtlebot3_description/meshes/bases/burger_base.stl
[0.858s] -- Up-to-date symlink: /workspaces/UON-CS-robotlab-simulation-container/install/turtlebot3_description/share/turtlebot3_description/meshes/bases/waffle_base.stl
[0.878s] -- Up-to-date symlink: /workspaces/UON-CS-robotlab-simulation-container/install/turtlebot3_description/share/turtlebot3_description/meshes/bases/waffle_pi_base.stl
[0.896s] -- Up-to-date symlink: /workspaces/UON-CS-robotlab-simulation-container/install/turtlebot3_description/share/turtlebot3_description/meshes/sensors/astra.dae
[0.949s] -- Up-to-date symlink: /workspaces/UON-CS-robotlab-simulation-container/install/turtlebot3_description/share/turtlebot3_description/meshes/sensors/astra.jpg
[1.010s] -- Up-to-date symlink: /workspaces/UON-CS-robotlab-simulation-container/install/turtlebot3_description/share/turtlebot3_description/meshes/sensors/lds.stl
[1.046s] -- Up-to-date symlink: /workspaces/UON-CS-robotlab-simulation-container/install/turtlebot3_description/share/turtlebot3_description/meshes/sensors/r200.dae
[1.205s] -- Up-to-date symlink: /workspaces/UON-CS-robotlab-simulation-container/install/turtlebot3_description/share/turtlebot3_description/meshes/sensors/r200.jpg
[1.215s] -- Up-to-date symlink: /workspaces/UON-CS-robotlab-simulation-container/install/turtlebot3_description/share/turtlebot3_description/meshes/wheels/left_tire.stl
[1.217s] -- Up-to-date symlink: /workspaces/UON-CS-robotlab-simulation-container/install/turtlebot3_description/share/turtlebot3_description/meshes/wheels/right_tire.stl
[1.236s] -- Up-to-date symlink: /workspaces/UON-CS-robotlab-simulation-container/install/turtlebot3_description/share/turtlebot3_description/rviz/model.rviz
[1.251s] -- Up-to-date symlink: /workspaces/UON-CS-robotlab-simulation-container/install/turtlebot3_description/share/turtlebot3_description/urdf/common_properties.urdf
[1.253s] -- Up-to-date symlink: /workspaces/UON-CS-robotlab-simulation-container/install/turtlebot3_description/share/turtlebot3_description/urdf/turtlebot3_burger.urdf
[1.258s] -- Up-to-date symlink: /workspaces/UON-CS-robotlab-simulation-container/install/turtlebot3_description/share/turtlebot3_description/urdf/turtlebot3_waffle.urdf
[1.259s] -- Up-to-date symlink: /workspaces/UON-CS-robotlab-simulation-container/install/turtlebot3_description/share/turtlebot3_description/urdf/turtlebot3_waffle_pi.urdf
[1.278s] -- Up-to-date symlink: /workspaces/UON-CS-robotlab-simulation-container/install/turtlebot3_description/share/ament_index/resource_index/package_run_dependencies/turtlebot3_description
[1.278s] -- Up-to-date symlink: /workspaces/UON-CS-robotlab-simulation-container/install/turtlebot3_description/share/ament_index/resource_index/parent_prefix_path/turtlebot3_description
[1.297s] -- Up-to-date symlink: /workspaces/UON-CS-robotlab-simulation-container/install/turtlebot3_description/share/turtlebot3_description/environment/ament_prefix_path.sh
[1.297s] -- Up-to-date symlink: /workspaces/UON-CS-robotlab-simulation-container/install/turtlebot3_description/share/turtlebot3_description/environment/ament_prefix_path.dsv
[1.371s] -- Up-to-date symlink: /workspaces/UON-CS-robotlab-simulation-container/install/turtlebot3_description/share/turtlebot3_description/environment/path.sh
[1.380s] -- Up-to-date symlink: /workspaces/UON-CS-robotlab-simulation-container/install/turtlebot3_description/share/turtlebot3_description/environment/path.dsv
[1.385s] -- Up-to-date symlink: /workspaces/UON-CS-robotlab-simulation-container/install/turtlebot3_description/share/turtlebot3_description/local_setup.bash
[1.407s] -- Up-to-date symlink: /workspaces/UON-CS-robotlab-simulation-container/install/turtlebot3_description/share/turtlebot3_description/local_setup.sh
[1.408s] -- Up-to-date symlink: /workspaces/UON-CS-robotlab-simulation-container/install/turtlebot3_description/share/turtlebot3_description/local_setup.zsh
[1.408s] -- Up-to-date symlink: /workspaces/UON-CS-robotlab-simulation-container/install/turtlebot3_description/share/turtlebot3_description/local_setup.dsv
[1.410s] -- Symlinking: /workspaces/UON-CS-robotlab-simulation-container/install/turtlebot3_description/share/turtlebot3_description/package.dsv
[1.489s] -- Up-to-date symlink: /workspaces/UON-CS-robotlab-simulation-container/install/turtlebot3_description/share/ament_index/resource_index/packages/turtlebot3_description
[1.491s] -- Up-to-date symlink: /workspaces/UON-CS-robotlab-simulation-container/install/turtlebot3_description/share/turtlebot3_description/cmake/turtlebot3_descriptionConfig.cmake
[1.492s] -- Up-to-date symlink: /workspaces/UON-CS-robotlab-simulation-container/install/turtlebot3_description/share/turtlebot3_description/cmake/turtlebot3_descriptionConfig-version.cmake
[1.587s] -- Up-to-date symlink: /workspaces/UON-CS-robotlab-simulation-container/install/turtlebot3_description/share/turtlebot3_description/package.xml
[1.597s] Invoked command in '/workspaces/UON-CS-robotlab-simulation-container/build/turtlebot3_description' returned '0': CMAKE_PREFIX_PATH=${CMAKE_PREFIX_PATH}:/workspaces/UON-CS-robotlab-simulation-container/install/turtlebot3_teleop:/workspaces/UON-CS-robotlab-simulation-container/install/turtlebot3_example:/opt/ros/humble /usr/bin/cmake --install /workspaces/UON-CS-robotlab-simulation-container/build/turtlebot3_description
