[0.037s] Invoking command in '/workspaces/UON-CS-robotlab-simulation-container/build/dynamixel_sdk_examples': AMENT_PREFIX_PATH=/workspaces/UON-CS-robotlab-simulation-container/install/dynamixel_sdk_custom_interfaces:/workspaces/UON-CS-robotlab-simulation-container/install/dynamixel_sdk:${AMENT_PREFIX_PATH} CMAKE_PREFIX_PATH=/workspaces/UON-CS-robotlab-simulation-container/install/dynamixel_sdk_custom_interfaces:/workspaces/UON-CS-robotlab-simulation-container/install/dynamixel_sdk:/opt/ros/humble LD_LIBRARY_PATH=/workspaces/UON-CS-robotlab-simulation-container/install/dynamixel_sdk_custom_interfaces/lib:/workspaces/UON-CS-robotlab-simulation-container/install/dynamixel_sdk/lib:${LD_LIBRARY_PATH} PYTHONPATH=/workspaces/UON-CS-robotlab-simulation-container/install/dynamixel_sdk_custom_interfaces/local/lib/python3.10/dist-packages:/workspaces/UON-CS-robotlab-simulation-container/install/dynamixel_sdk/local/lib/python3.10/dist-packages:${PYTHONPATH} /usr/bin/cmake /workspaces/UON-CS-robotlab-simulation-container/src/DynamixelSDK/ros/dynamixel_sdk_examples -DAMENT_CMAKE_SYMLINK_INSTALL=1 -DCMAKE_INSTALL_PREFIX=/workspaces/UON-CS-robotlab-simulation-container/install/dynamixel_sdk_examples
[0.209s] -- The C compiler identification is GNU 11.4.0
[0.474s] -- The CXX compiler identification is GNU 11.4.0
[0.487s] -- Detecting C compiler ABI info
[0.654s] -- Detecting C compiler ABI info - done
[0.662s] -- Check for working C compiler: /usr/bin/cc - skipped
[0.662s] -- Detecting C compile features
[0.665s] -- Detecting C compile features - done
[0.673s] -- Detecting CXX compiler ABI info
[1.058s] -- Detecting CXX compiler ABI info - done
[1.073s] -- Check for working CXX compiler: /usr/bin/c++ - skipped
[1.073s] -- Detecting CXX compile features
[1.075s] -- Detecting CXX compile features - done
[1.079s] -- Found ament_cmake: 1.3.14 (/opt/ros/humble/share/ament_cmake/cmake)
[1.578s] -- Found Python3: /usr/bin/python3 (found version "3.10.12") found components: Interpreter 
[1.763s] -- Override CMake install command with custom implementation using symlinks instead of copying resources
[1.969s] -- Found dynamixel_sdk: 3.8.4 (/workspaces/UON-CS-robotlab-simulation-container/install/dynamixel_sdk/share/dynamixel_sdk/cmake)
[1.987s] -- Found dynamixel_sdk_custom_interfaces: 3.8.4 (/workspaces/UON-CS-robotlab-simulation-container/install/dynamixel_sdk_custom_interfaces/share/dynamixel_sdk_custom_interfaces/cmake)
[2.120s] -- Found rosidl_generator_c: 3.1.8 (/opt/ros/humble/share/rosidl_generator_c/cmake)
[2.142s] -- Found rosidl_adapter: 3.1.8 (/opt/ros/humble/share/rosidl_adapter/cmake)
[2.172s] -- Found rosidl_generator_cpp: 3.1.8 (/opt/ros/humble/share/rosidl_generator_cpp/cmake)
[2.227s] -- Using all available rosidl_typesupport_c: rosidl_typesupport_fastrtps_c;rosidl_typesupport_introspection_c
[2.261s] -- Using all available rosidl_typesupport_cpp: rosidl_typesupport_fastrtps_cpp;rosidl_typesupport_introspection_cpp
[2.504s] -- Found rclcpp: 16.0.19 (/opt/ros/humble/share/rclcpp/cmake)
[2.599s] -- Found rmw_implementation_cmake: 6.1.2 (/opt/ros/humble/share/rmw_implementation_cmake/cmake)
[2.604s] -- Found rmw_fastrtps_cpp: 6.2.10 (/opt/ros/humble/share/rmw_fastrtps_cpp/cmake)
[2.837s] -- Found OpenSSL: /usr/lib/x86_64-linux-gnu/libcrypto.so (found version "3.0.2")  
[2.883s] -- Found FastRTPS: /opt/ros/humble/include  
[3.119s] -- Using RMW implementation 'rmw_fastrtps_cpp' as default
[3.156s] -- Looking for pthread.h
[3.388s] -- Looking for pthread.h - found
[3.390s] -- Performing Test CMAKE_HAVE_LIBC_PTHREAD
[3.848s] -- Performing Test CMAKE_HAVE_LIBC_PTHREAD - Success
[3.849s] -- Found Threads: TRUE  
[3.993s] -- Found rclpy: 3.3.21 (/opt/ros/humble/share/rclpy/cmake)
[4.003s] -- Found ament_lint_auto: 0.12.15 (/opt/ros/humble/share/ament_lint_auto/cmake)
[4.971s] -- Added test 'copyright' to check source files copyright and LICENSE
[4.974s] -- Added test 'cppcheck' to perform static code analysis on C / C++ code
[4.974s] -- Configured cppcheck include dirs: /workspaces/UON-CS-robotlab-simulation-container/src/DynamixelSDK/ros/dynamixel_sdk_examples/include
[4.975s] -- Configured cppcheck exclude dirs and/or files: 
[4.976s] -- Added test 'cpplint' to check C / C++ code against the Google style
[4.977s] -- Configured cpplint exclude dirs and/or files: 
[4.979s] -- Added test 'flake8' to check Python code syntax and style conventions
[4.981s] -- Added test 'lint_cmake' to check CMake code style
[4.982s] -- Added test 'pep257' to check Python code against some of the docstring style conventions in PEP 257
[4.983s] -- Added test 'uncrustify' to check C / C++ code style
[4.984s] -- Configured uncrustify additional arguments: 
[4.986s] -- Added test 'xmllint' to check XML markup files
[5.004s] -- Configuring done
[5.058s] -- Generating done
[5.071s] -- Build files have been written to: /workspaces/UON-CS-robotlab-simulation-container/build/dynamixel_sdk_examples
[5.106s] Invoked command in '/workspaces/UON-CS-robotlab-simulation-container/build/dynamixel_sdk_examples' returned '0': AMENT_PREFIX_PATH=/workspaces/UON-CS-robotlab-simulation-container/install/dynamixel_sdk_custom_interfaces:/workspaces/UON-CS-robotlab-simulation-container/install/dynamixel_sdk:${AMENT_PREFIX_PATH} CMAKE_PREFIX_PATH=/workspaces/UON-CS-robotlab-simulation-container/install/dynamixel_sdk_custom_interfaces:/workspaces/UON-CS-robotlab-simulation-container/install/dynamixel_sdk:/opt/ros/humble LD_LIBRARY_PATH=/workspaces/UON-CS-robotlab-simulation-container/install/dynamixel_sdk_custom_interfaces/lib:/workspaces/UON-CS-robotlab-simulation-container/install/dynamixel_sdk/lib:${LD_LIBRARY_PATH} PYTHONPATH=/workspaces/UON-CS-robotlab-simulation-container/install/dynamixel_sdk_custom_interfaces/local/lib/python3.10/dist-packages:/workspaces/UON-CS-robotlab-simulation-container/install/dynamixel_sdk/local/lib/python3.10/dist-packages:${PYTHONPATH} /usr/bin/cmake /workspaces/UON-CS-robotlab-simulation-container/src/DynamixelSDK/ros/dynamixel_sdk_examples -DAMENT_CMAKE_SYMLINK_INSTALL=1 -DCMAKE_INSTALL_PREFIX=/workspaces/UON-CS-robotlab-simulation-container/install/dynamixel_sdk_examples
[5.117s] Invoking command in '/workspaces/UON-CS-robotlab-simulation-container/build/dynamixel_sdk_examples': AMENT_PREFIX_PATH=/workspaces/UON-CS-robotlab-simulation-container/install/dynamixel_sdk_custom_interfaces:/workspaces/UON-CS-robotlab-simulation-container/install/dynamixel_sdk:${AMENT_PREFIX_PATH} CMAKE_PREFIX_PATH=/workspaces/UON-CS-robotlab-simulation-container/install/dynamixel_sdk_custom_interfaces:/workspaces/UON-CS-robotlab-simulation-container/install/dynamixel_sdk:/opt/ros/humble LD_LIBRARY_PATH=/workspaces/UON-CS-robotlab-simulation-container/install/dynamixel_sdk_custom_interfaces/lib:/workspaces/UON-CS-robotlab-simulation-container/install/dynamixel_sdk/lib:${LD_LIBRARY_PATH} PYTHONPATH=/workspaces/UON-CS-robotlab-simulation-container/install/dynamixel_sdk_custom_interfaces/local/lib/python3.10/dist-packages:/workspaces/UON-CS-robotlab-simulation-container/install/dynamixel_sdk/local/lib/python3.10/dist-packages:${PYTHONPATH} /usr/bin/cmake --build /workspaces/UON-CS-robotlab-simulation-container/build/dynamixel_sdk_examples -- -j2 -l2
[5.519s] [ 50%] [32mBuilding CXX object CMakeFiles/read_write_node.dir/src/read_write_node.cpp.o[0m
[30.848s] [100%] [32m[1mLinking CXX executable read_write_node[0m
[32.183s] [100%] Built target read_write_node
[32.210s] Invoked command in '/workspaces/UON-CS-robotlab-simulation-container/build/dynamixel_sdk_examples' returned '0': AMENT_PREFIX_PATH=/workspaces/UON-CS-robotlab-simulation-container/install/dynamixel_sdk_custom_interfaces:/workspaces/UON-CS-robotlab-simulation-container/install/dynamixel_sdk:${AMENT_PREFIX_PATH} CMAKE_PREFIX_PATH=/workspaces/UON-CS-robotlab-simulation-container/install/dynamixel_sdk_custom_interfaces:/workspaces/UON-CS-robotlab-simulation-container/install/dynamixel_sdk:/opt/ros/humble LD_LIBRARY_PATH=/workspaces/UON-CS-robotlab-simulation-container/install/dynamixel_sdk_custom_interfaces/lib:/workspaces/UON-CS-robotlab-simulation-container/install/dynamixel_sdk/lib:${LD_LIBRARY_PATH} PYTHONPATH=/workspaces/UON-CS-robotlab-simulation-container/install/dynamixel_sdk_custom_interfaces/local/lib/python3.10/dist-packages:/workspaces/UON-CS-robotlab-simulation-container/install/dynamixel_sdk/local/lib/python3.10/dist-packages:${PYTHONPATH} /usr/bin/cmake --build /workspaces/UON-CS-robotlab-simulation-container/build/dynamixel_sdk_examples -- -j2 -l2
[32.215s] Invoking command in '/workspaces/UON-CS-robotlab-simulation-container/build/dynamixel_sdk_examples': AMENT_PREFIX_PATH=/workspaces/UON-CS-robotlab-simulation-container/install/dynamixel_sdk_custom_interfaces:/workspaces/UON-CS-robotlab-simulation-container/install/dynamixel_sdk:${AMENT_PREFIX_PATH} CMAKE_PREFIX_PATH=/workspaces/UON-CS-robotlab-simulation-container/install/dynamixel_sdk_custom_interfaces:/workspaces/UON-CS-robotlab-simulation-container/install/dynamixel_sdk:/opt/ros/humble LD_LIBRARY_PATH=/workspaces/UON-CS-robotlab-simulation-container/install/dynamixel_sdk_custom_interfaces/lib:/workspaces/UON-CS-robotlab-simulation-container/install/dynamixel_sdk/lib:${LD_LIBRARY_PATH} PYTHONPATH=/workspaces/UON-CS-robotlab-simulation-container/install/dynamixel_sdk_custom_interfaces/local/lib/python3.10/dist-packages:/workspaces/UON-CS-robotlab-simulation-container/install/dynamixel_sdk/local/lib/python3.10/dist-packages:${PYTHONPATH} /usr/bin/cmake --install /workspaces/UON-CS-robotlab-simulation-container/build/dynamixel_sdk_examples
[32.230s] -- Install configuration: ""
[32.233s] -- Execute custom install script
[32.233s] -- Symlinking: /workspaces/UON-CS-robotlab-simulation-container/install/dynamixel_sdk_examples/lib/dynamixel_sdk_examples/read_write_node
[32.247s] -- Symlinking: /workspaces/UON-CS-robotlab-simulation-container/install/dynamixel_sdk_examples/lib/dynamixel_sdk_examples/read_write_node.py
[32.267s] -- Symlinking: /workspaces/UON-CS-robotlab-simulation-container/install/dynamixel_sdk_examples/share/ament_index/resource_index/package_run_dependencies/dynamixel_sdk_examples
[32.294s] -- Symlinking: /workspaces/UON-CS-robotlab-simulation-container/install/dynamixel_sdk_examples/share/ament_index/resource_index/parent_prefix_path/dynamixel_sdk_examples
[32.320s] -- Symlinking: /workspaces/UON-CS-robotlab-simulation-container/install/dynamixel_sdk_examples/share/dynamixel_sdk_examples/environment/ament_prefix_path.sh
[32.334s] -- Symlinking: /workspaces/UON-CS-robotlab-simulation-container/install/dynamixel_sdk_examples/share/dynamixel_sdk_examples/environment/ament_prefix_path.dsv
[32.348s] -- Symlinking: /workspaces/UON-CS-robotlab-simulation-container/install/dynamixel_sdk_examples/share/dynamixel_sdk_examples/environment/path.sh
[32.363s] -- Symlinking: /workspaces/UON-CS-robotlab-simulation-container/install/dynamixel_sdk_examples/share/dynamixel_sdk_examples/environment/path.dsv
[32.377s] -- Symlinking: /workspaces/UON-CS-robotlab-simulation-container/install/dynamixel_sdk_examples/share/dynamixel_sdk_examples/local_setup.bash
[32.391s] -- Symlinking: /workspaces/UON-CS-robotlab-simulation-container/install/dynamixel_sdk_examples/share/dynamixel_sdk_examples/local_setup.sh
[32.405s] -- Symlinking: /workspaces/UON-CS-robotlab-simulation-container/install/dynamixel_sdk_examples/share/dynamixel_sdk_examples/local_setup.zsh
[32.420s] -- Symlinking: /workspaces/UON-CS-robotlab-simulation-container/install/dynamixel_sdk_examples/share/dynamixel_sdk_examples/local_setup.dsv
[32.437s] -- Symlinking: /workspaces/UON-CS-robotlab-simulation-container/install/dynamixel_sdk_examples/share/dynamixel_sdk_examples/package.dsv
[32.449s] -- Symlinking: /workspaces/UON-CS-robotlab-simulation-container/install/dynamixel_sdk_examples/share/ament_index/resource_index/packages/dynamixel_sdk_examples
[32.593s] -- Symlinking: /workspaces/UON-CS-robotlab-simulation-container/install/dynamixel_sdk_examples/share/dynamixel_sdk_examples/cmake/dynamixel_sdk_examplesConfig.cmake
[32.631s] -- Symlinking: /workspaces/UON-CS-robotlab-simulation-container/install/dynamixel_sdk_examples/share/dynamixel_sdk_examples/cmake/dynamixel_sdk_examplesConfig-version.cmake
[32.660s] -- Symlinking: /workspaces/UON-CS-robotlab-simulation-container/install/dynamixel_sdk_examples/share/dynamixel_sdk_examples/package.xml
[32.690s] Invoked command in '/workspaces/UON-CS-robotlab-simulation-container/build/dynamixel_sdk_examples' returned '0': AMENT_PREFIX_PATH=/workspaces/UON-CS-robotlab-simulation-container/install/dynamixel_sdk_custom_interfaces:/workspaces/UON-CS-robotlab-simulation-container/install/dynamixel_sdk:${AMENT_PREFIX_PATH} CMAKE_PREFIX_PATH=/workspaces/UON-CS-robotlab-simulation-container/install/dynamixel_sdk_custom_interfaces:/workspaces/UON-CS-robotlab-simulation-container/install/dynamixel_sdk:/opt/ros/humble LD_LIBRARY_PATH=/workspaces/UON-CS-robotlab-simulation-container/install/dynamixel_sdk_custom_interfaces/lib:/workspaces/UON-CS-robotlab-simulation-container/install/dynamixel_sdk/lib:${LD_LIBRARY_PATH} PYTHONPATH=/workspaces/UON-CS-robotlab-simulation-container/install/dynamixel_sdk_custom_interfaces/local/lib/python3.10/dist-packages:/workspaces/UON-CS-robotlab-simulation-container/install/dynamixel_sdk/local/lib/python3.10/dist-packages:${PYTHONPATH} /usr/bin/cmake --install /workspaces/UON-CS-robotlab-simulation-container/build/dynamixel_sdk_examples
