[0.044s] Invoking command in '/workspaces/UON-CS-robotlab-simulation-container/build/turtlebot3_bringup': AMENT_PREFIX_PATH=/workspaces/UON-CS-robotlab-simulation-container/install/turtlebot3_node:/workspaces/UON-CS-robotlab-simulation-container/install/turtlebot3_msgs:/workspaces/UON-CS-robotlab-simulation-container/install/turtlebot3_description:/workspaces/UON-CS-robotlab-simulation-container/install/dynamixel_sdk:${AMENT_PREFIX_PATH} CMAKE_PREFIX_PATH=/workspaces/UON-CS-robotlab-simulation-container/install/turtlebot3_node:/workspaces/UON-CS-robotlab-simulation-container/install/turtlebot3_msgs:/workspaces/UON-CS-robotlab-simulation-container/install/turtlebot3_description:/workspaces/UON-CS-robotlab-simulation-container/install/dynamixel_sdk:/opt/ros/humble LD_LIBRARY_PATH=/workspaces/UON-CS-robotlab-simulation-container/install/turtlebot3_msgs/lib:/workspaces/UON-CS-robotlab-simulation-container/install/dynamixel_sdk/lib:${LD_LIBRARY_PATH} PYTHONPATH=/workspaces/UON-CS-robotlab-simulation-container/install/turtlebot3_msgs/local/lib/python3.10/dist-packages:/workspaces/UON-CS-robotlab-simulation-container/install/dynamixel_sdk/local/lib/python3.10/dist-packages:${PYTHONPATH} /usr/bin/cmake /workspaces/UON-CS-robotlab-simulation-container/src/turtlebot3/turtlebot3_bringup -DAMENT_CMAKE_SYMLINK_INSTALL=1 -DCMAKE_INSTALL_PREFIX=/workspaces/UON-CS-robotlab-simulation-container/install/turtlebot3_bringup
[0.255s] -- The C compiler identification is GNU 11.4.0
[0.580s] -- The CXX compiler identification is GNU 11.4.0
[0.610s] -- Detecting C compiler ABI info
[1.112s] -- Detecting C compiler ABI info - done
[1.162s] -- Check for working C compiler: /usr/bin/cc - skipped
[1.163s] -- Detecting C compile features
[1.167s] -- Detecting C compile features - done
[1.181s] -- Detecting CXX compiler ABI info
[1.627s] -- Detecting CXX compiler ABI info - done
[1.677s] -- Check for working CXX compiler: /usr/bin/c++ - skipped
[1.678s] -- Detecting CXX compile features
[1.682s] -- Detecting CXX compile features - done
[1.703s] -- Found ament_cmake: 1.3.14 (/opt/ros/humble/share/ament_cmake/cmake)
[2.597s] -- Found Python3: /usr/bin/python3 (found version "3.10.12") found components: Interpreter 
[2.741s] -- Override CMake install command with custom implementation using symlinks instead of copying resources
[3.244s] -- Configuring done
[3.261s] -- Generating done
[3.275s] -- Build files have been written to: /workspaces/UON-CS-robotlab-simulation-container/build/turtlebot3_bringup
[3.297s] Invoked command in '/workspaces/UON-CS-robotlab-simulation-container/build/turtlebot3_bringup' returned '0': AMENT_PREFIX_PATH=/workspaces/UON-CS-robotlab-simulation-container/install/turtlebot3_node:/workspaces/UON-CS-robotlab-simulation-container/install/turtlebot3_msgs:/workspaces/UON-CS-robotlab-simulation-container/install/turtlebot3_description:/workspaces/UON-CS-robotlab-simulation-container/install/dynamixel_sdk:${AMENT_PREFIX_PATH} CMAKE_PREFIX_PATH=/workspaces/UON-CS-robotlab-simulation-container/install/turtlebot3_node:/workspaces/UON-CS-robotlab-simulation-container/install/turtlebot3_msgs:/workspaces/UON-CS-robotlab-simulation-container/install/turtlebot3_description:/workspaces/UON-CS-robotlab-simulation-container/install/dynamixel_sdk:/opt/ros/humble LD_LIBRARY_PATH=/workspaces/UON-CS-robotlab-simulation-container/install/turtlebot3_msgs/lib:/workspaces/UON-CS-robotlab-simulation-container/install/dynamixel_sdk/lib:${LD_LIBRARY_PATH} PYTHONPATH=/workspaces/UON-CS-robotlab-simulation-container/install/turtlebot3_msgs/local/lib/python3.10/dist-packages:/workspaces/UON-CS-robotlab-simulation-container/install/dynamixel_sdk/local/lib/python3.10/dist-packages:${PYTHONPATH} /usr/bin/cmake /workspaces/UON-CS-robotlab-simulation-container/src/turtlebot3/turtlebot3_bringup -DAMENT_CMAKE_SYMLINK_INSTALL=1 -DCMAKE_INSTALL_PREFIX=/workspaces/UON-CS-robotlab-simulation-container/install/turtlebot3_bringup
[3.297s] Invoking command in '/workspaces/UON-CS-robotlab-simulation-container/build/turtlebot3_bringup': AMENT_PREFIX_PATH=/workspaces/UON-CS-robotlab-simulation-container/install/turtlebot3_node:/workspaces/UON-CS-robotlab-simulation-container/install/turtlebot3_msgs:/workspaces/UON-CS-robotlab-simulation-container/install/turtlebot3_description:/workspaces/UON-CS-robotlab-simulation-container/install/dynamixel_sdk:${AMENT_PREFIX_PATH} CMAKE_PREFIX_PATH=/workspaces/UON-CS-robotlab-simulation-container/install/turtlebot3_node:/workspaces/UON-CS-robotlab-simulation-container/install/turtlebot3_msgs:/workspaces/UON-CS-robotlab-simulation-container/install/turtlebot3_description:/workspaces/UON-CS-robotlab-simulation-container/install/dynamixel_sdk:/opt/ros/humble LD_LIBRARY_PATH=/workspaces/UON-CS-robotlab-simulation-container/install/turtlebot3_msgs/lib:/workspaces/UON-CS-robotlab-simulation-container/install/dynamixel_sdk/lib:${LD_LIBRARY_PATH} PYTHONPATH=/workspaces/UON-CS-robotlab-simulation-container/install/turtlebot3_msgs/local/lib/python3.10/dist-packages:/workspaces/UON-CS-robotlab-simulation-container/install/dynamixel_sdk/local/lib/python3.10/dist-packages:${PYTHONPATH} /usr/bin/cmake --build /workspaces/UON-CS-robotlab-simulation-container/build/turtlebot3_bringup -- -j2 -l2
[3.434s] Invoked command in '/workspaces/UON-CS-robotlab-simulation-container/build/turtlebot3_bringup' returned '0': AMENT_PREFIX_PATH=/workspaces/UON-CS-robotlab-simulation-container/install/turtlebot3_node:/workspaces/UON-CS-robotlab-simulation-container/install/turtlebot3_msgs:/workspaces/UON-CS-robotlab-simulation-container/install/turtlebot3_description:/workspaces/UON-CS-robotlab-simulation-container/install/dynamixel_sdk:${AMENT_PREFIX_PATH} CMAKE_PREFIX_PATH=/workspaces/UON-CS-robotlab-simulation-container/install/turtlebot3_node:/workspaces/UON-CS-robotlab-simulation-container/install/turtlebot3_msgs:/workspaces/UON-CS-robotlab-simulation-container/install/turtlebot3_description:/workspaces/UON-CS-robotlab-simulation-container/install/dynamixel_sdk:/opt/ros/humble LD_LIBRARY_PATH=/workspaces/UON-CS-robotlab-simulation-container/install/turtlebot3_msgs/lib:/workspaces/UON-CS-robotlab-simulation-container/install/dynamixel_sdk/lib:${LD_LIBRARY_PATH} PYTHONPATH=/workspaces/UON-CS-robotlab-simulation-container/install/turtlebot3_msgs/local/lib/python3.10/dist-packages:/workspaces/UON-CS-robotlab-simulation-container/install/dynamixel_sdk/local/lib/python3.10/dist-packages:${PYTHONPATH} /usr/bin/cmake --build /workspaces/UON-CS-robotlab-simulation-container/build/turtlebot3_bringup -- -j2 -l2
[3.434s] Invoking command in '/workspaces/UON-CS-robotlab-simulation-container/build/turtlebot3_bringup': AMENT_PREFIX_PATH=/workspaces/UON-CS-robotlab-simulation-container/install/turtlebot3_node:/workspaces/UON-CS-robotlab-simulation-container/install/turtlebot3_msgs:/workspaces/UON-CS-robotlab-simulation-container/install/turtlebot3_description:/workspaces/UON-CS-robotlab-simulation-container/install/dynamixel_sdk:${AMENT_PREFIX_PATH} CMAKE_PREFIX_PATH=/workspaces/UON-CS-robotlab-simulation-container/install/turtlebot3_node:/workspaces/UON-CS-robotlab-simulation-container/install/turtlebot3_msgs:/workspaces/UON-CS-robotlab-simulation-container/install/turtlebot3_description:/workspaces/UON-CS-robotlab-simulation-container/install/dynamixel_sdk:/opt/ros/humble LD_LIBRARY_PATH=/workspaces/UON-CS-robotlab-simulation-container/install/turtlebot3_msgs/lib:/workspaces/UON-CS-robotlab-simulation-container/install/dynamixel_sdk/lib:${LD_LIBRARY_PATH} PYTHONPATH=/workspaces/UON-CS-robotlab-simulation-container/install/turtlebot3_msgs/local/lib/python3.10/dist-packages:/workspaces/UON-CS-robotlab-simulation-container/install/dynamixel_sdk/local/lib/python3.10/dist-packages:${PYTHONPATH} /usr/bin/cmake --install /workspaces/UON-CS-robotlab-simulation-container/build/turtlebot3_bringup
[3.522s] -- Install configuration: ""
[3.535s] -- Execute custom install script
[3.574s] -- Symlinking: /workspaces/UON-CS-robotlab-simulation-container/install/turtlebot3_bringup/share/turtlebot3_bringup/launch/camera.launch.py
[3.598s] -- Symlinking: /workspaces/UON-CS-robotlab-simulation-container/install/turtlebot3_bringup/share/turtlebot3_bringup/launch/robot.launch.py
[3.636s] -- Symlinking: /workspaces/UON-CS-robotlab-simulation-container/install/turtlebot3_bringup/share/turtlebot3_bringup/launch/rviz2.launch.py
[3.655s] -- Symlinking: /workspaces/UON-CS-robotlab-simulation-container/install/turtlebot3_bringup/share/turtlebot3_bringup/launch/turtlebot3_state_publisher.launch.py
[3.671s] -- Symlinking: /workspaces/UON-CS-robotlab-simulation-container/install/turtlebot3_bringup/share/turtlebot3_bringup/param/burger.yaml
[3.694s] -- Symlinking: /workspaces/UON-CS-robotlab-simulation-container/install/turtlebot3_bringup/share/turtlebot3_bringup/param/humble/burger.yaml
[3.720s] -- Symlinking: /workspaces/UON-CS-robotlab-simulation-container/install/turtlebot3_bringup/share/turtlebot3_bringup/param/humble/waffle.yaml
[3.738s] -- Symlinking: /workspaces/UON-CS-robotlab-simulation-container/install/turtlebot3_bringup/share/turtlebot3_bringup/param/humble/waffle_pi.yaml
[3.753s] -- Symlinking: /workspaces/UON-CS-robotlab-simulation-container/install/turtlebot3_bringup/share/turtlebot3_bringup/param/waffle.yaml
[3.766s] -- Symlinking: /workspaces/UON-CS-robotlab-simulation-container/install/turtlebot3_bringup/share/turtlebot3_bringup/param/waffle_pi.yaml
[3.793s] -- Symlinking: /workspaces/UON-CS-robotlab-simulation-container/install/turtlebot3_bringup/share/turtlebot3_bringup/script/99-turtlebot3-cdc.rules
[3.815s] -- Symlinking: /workspaces/UON-CS-robotlab-simulation-container/install/turtlebot3_bringup/share/turtlebot3_bringup/script/create_udev_rules
[3.831s] -- Symlinking: /workspaces/UON-CS-robotlab-simulation-container/install/turtlebot3_bringup/share/ament_index/resource_index/package_run_dependencies/turtlebot3_bringup
[3.845s] -- Symlinking: /workspaces/UON-CS-robotlab-simulation-container/install/turtlebot3_bringup/share/ament_index/resource_index/parent_prefix_path/turtlebot3_bringup
[3.862s] -- Symlinking: /workspaces/UON-CS-robotlab-simulation-container/install/turtlebot3_bringup/share/turtlebot3_bringup/environment/ament_prefix_path.sh
[3.882s] -- Symlinking: /workspaces/UON-CS-robotlab-simulation-container/install/turtlebot3_bringup/share/turtlebot3_bringup/environment/ament_prefix_path.dsv
[3.901s] -- Symlinking: /workspaces/UON-CS-robotlab-simulation-container/install/turtlebot3_bringup/share/turtlebot3_bringup/environment/path.sh
[3.911s] -- Symlinking: /workspaces/UON-CS-robotlab-simulation-container/install/turtlebot3_bringup/share/turtlebot3_bringup/environment/path.dsv
[3.939s] -- Symlinking: /workspaces/UON-CS-robotlab-simulation-container/install/turtlebot3_bringup/share/turtlebot3_bringup/local_setup.bash
[3.971s] -- Symlinking: /workspaces/UON-CS-robotlab-simulation-container/install/turtlebot3_bringup/share/turtlebot3_bringup/local_setup.sh
[4.055s] -- Symlinking: /workspaces/UON-CS-robotlab-simulation-container/install/turtlebot3_bringup/share/turtlebot3_bringup/local_setup.zsh
[4.197s] -- Symlinking: /workspaces/UON-CS-robotlab-simulation-container/install/turtlebot3_bringup/share/turtlebot3_bringup/local_setup.dsv
[4.216s] -- Symlinking: /workspaces/UON-CS-robotlab-simulation-container/install/turtlebot3_bringup/share/turtlebot3_bringup/package.dsv
[4.237s] -- Symlinking: /workspaces/UON-CS-robotlab-simulation-container/install/turtlebot3_bringup/share/ament_index/resource_index/packages/turtlebot3_bringup
[4.259s] -- Symlinking: /workspaces/UON-CS-robotlab-simulation-container/install/turtlebot3_bringup/share/turtlebot3_bringup/cmake/turtlebot3_bringupConfig.cmake
[4.271s] -- Symlinking: /workspaces/UON-CS-robotlab-simulation-container/install/turtlebot3_bringup/share/turtlebot3_bringup/cmake/turtlebot3_bringupConfig-version.cmake
[4.285s] -- Symlinking: /workspaces/UON-CS-robotlab-simulation-container/install/turtlebot3_bringup/share/turtlebot3_bringup/package.xml
[4.309s] Invoked command in '/workspaces/UON-CS-robotlab-simulation-container/build/turtlebot3_bringup' returned '0': AMENT_PREFIX_PATH=/workspaces/UON-CS-robotlab-simulation-container/install/turtlebot3_node:/workspaces/UON-CS-robotlab-simulation-container/install/turtlebot3_msgs:/workspaces/UON-CS-robotlab-simulation-container/install/turtlebot3_description:/workspaces/UON-CS-robotlab-simulation-container/install/dynamixel_sdk:${AMENT_PREFIX_PATH} CMAKE_PREFIX_PATH=/workspaces/UON-CS-robotlab-simulation-container/install/turtlebot3_node:/workspaces/UON-CS-robotlab-simulation-container/install/turtlebot3_msgs:/workspaces/UON-CS-robotlab-simulation-container/install/turtlebot3_description:/workspaces/UON-CS-robotlab-simulation-container/install/dynamixel_sdk:/opt/ros/humble LD_LIBRARY_PATH=/workspaces/UON-CS-robotlab-simulation-container/install/turtlebot3_msgs/lib:/workspaces/UON-CS-robotlab-simulation-container/install/dynamixel_sdk/lib:${LD_LIBRARY_PATH} PYTHONPATH=/workspaces/UON-CS-robotlab-simulation-container/install/turtlebot3_msgs/local/lib/python3.10/dist-packages:/workspaces/UON-CS-robotlab-simulation-container/install/dynamixel_sdk/local/lib/python3.10/dist-packages:${PYTHONPATH} /usr/bin/cmake --install /workspaces/UON-CS-robotlab-simulation-container/build/turtlebot3_bringup
