[0.069s] Invoking command in '/workspaces/UON-CS-robotlab-simulation-container/build/turtlebot3_simulations': AMENT_PREFIX_PATH=/workspaces/UON-CS-robotlab-simulation-container/install/turtlebot3_fake_node:/workspaces/UON-CS-robotlab-simulation-container/install/turtlebot3_msgs:/workspaces/UON-CS-robotlab-simulation-container/install/turtlebot3_manipulation_gazebo:/workspaces/UON-CS-robotlab-simulation-container/install/turtlebot3_gazebo:${AMENT_PREFIX_PATH} CMAKE_PREFIX_PATH=/workspaces/UON-CS-robotlab-simulation-container/install/turtlebot3_fake_node:/workspaces/UON-CS-robotlab-simulation-container/install/turtlebot3_msgs:/workspaces/UON-CS-robotlab-simulation-container/install/turtlebot3_manipulation_gazebo:/workspaces/UON-CS-robotlab-simulation-container/install/turtlebot3_gazebo:/opt/ros/humble LD_LIBRARY_PATH=/workspaces/UON-CS-robotlab-simulation-container/install/turtlebot3_msgs/lib:${LD_LIBRARY_PATH} PYTHONPATH=/workspaces/UON-CS-robotlab-simulation-container/install/turtlebot3_msgs/local/lib/python3.10/dist-packages:${PYTHONPATH} /usr/bin/cmake /workspaces/UON-CS-robotlab-simulation-container/src/turtlebot3_simulations/turtlebot3_simulations -DAMENT_CMAKE_SYMLINK_INSTALL=1 -DCMAKE_INSTALL_PREFIX=/workspaces/UON-CS-robotlab-simulation-container/install/turtlebot3_simulations
[0.258s] -- The C compiler identification is GNU 11.4.0
[0.630s] -- The CXX compiler identification is GNU 11.4.0
[0.666s] -- Detecting C compiler ABI info
[1.002s] -- Detecting C compiler ABI info - done
[1.038s] -- Check for working C compiler: /usr/bin/cc - skipped
[1.040s] -- Detecting C compile features
[1.043s] -- Detecting C compile features - done
[1.055s] -- Detecting CXX compiler ABI info
[1.533s] -- Detecting CXX compiler ABI info - done
[1.540s] -- Check for working CXX compiler: /usr/bin/c++ - skipped
[1.540s] -- Detecting CXX compile features
[1.544s] -- Detecting CXX compile features - done
[1.550s] -- Found ament_cmake: 1.3.14 (/opt/ros/humble/share/ament_cmake/cmake)
[2.135s] -- Found Python3: /usr/bin/python3 (found version "3.10.12") found components: Interpreter 
[2.421s] -- Override CMake install command with custom implementation using symlinks instead of copying resources
[2.751s] -- Configuring done
[2.762s] -- Generating done
[2.766s] -- Build files have been written to: /workspaces/UON-CS-robotlab-simulation-container/build/turtlebot3_simulations
[2.774s] Invoked command in '/workspaces/UON-CS-robotlab-simulation-container/build/turtlebot3_simulations' returned '0': AMENT_PREFIX_PATH=/workspaces/UON-CS-robotlab-simulation-container/install/turtlebot3_fake_node:/workspaces/UON-CS-robotlab-simulation-container/install/turtlebot3_msgs:/workspaces/UON-CS-robotlab-simulation-container/install/turtlebot3_manipulation_gazebo:/workspaces/UON-CS-robotlab-simulation-container/install/turtlebot3_gazebo:${AMENT_PREFIX_PATH} CMAKE_PREFIX_PATH=/workspaces/UON-CS-robotlab-simulation-container/install/turtlebot3_fake_node:/workspaces/UON-CS-robotlab-simulation-container/install/turtlebot3_msgs:/workspaces/UON-CS-robotlab-simulation-container/install/turtlebot3_manipulation_gazebo:/workspaces/UON-CS-robotlab-simulation-container/install/turtlebot3_gazebo:/opt/ros/humble LD_LIBRARY_PATH=/workspaces/UON-CS-robotlab-simulation-container/install/turtlebot3_msgs/lib:${LD_LIBRARY_PATH} PYTHONPATH=/workspaces/UON-CS-robotlab-simulation-container/install/turtlebot3_msgs/local/lib/python3.10/dist-packages:${PYTHONPATH} /usr/bin/cmake /workspaces/UON-CS-robotlab-simulation-container/src/turtlebot3_simulations/turtlebot3_simulations -DAMENT_CMAKE_SYMLINK_INSTALL=1 -DCMAKE_INSTALL_PREFIX=/workspaces/UON-CS-robotlab-simulation-container/install/turtlebot3_simulations
[2.775s] Invoking command in '/workspaces/UON-CS-robotlab-simulation-container/build/turtlebot3_simulations': AMENT_PREFIX_PATH=/workspaces/UON-CS-robotlab-simulation-container/install/turtlebot3_fake_node:/workspaces/UON-CS-robotlab-simulation-container/install/turtlebot3_msgs:/workspaces/UON-CS-robotlab-simulation-container/install/turtlebot3_manipulation_gazebo:/workspaces/UON-CS-robotlab-simulation-container/install/turtlebot3_gazebo:${AMENT_PREFIX_PATH} CMAKE_PREFIX_PATH=/workspaces/UON-CS-robotlab-simulation-container/install/turtlebot3_fake_node:/workspaces/UON-CS-robotlab-simulation-container/install/turtlebot3_msgs:/workspaces/UON-CS-robotlab-simulation-container/install/turtlebot3_manipulation_gazebo:/workspaces/UON-CS-robotlab-simulation-container/install/turtlebot3_gazebo:/opt/ros/humble LD_LIBRARY_PATH=/workspaces/UON-CS-robotlab-simulation-container/install/turtlebot3_msgs/lib:${LD_LIBRARY_PATH} PYTHONPATH=/workspaces/UON-CS-robotlab-simulation-container/install/turtlebot3_msgs/local/lib/python3.10/dist-packages:${PYTHONPATH} /usr/bin/cmake --build /workspaces/UON-CS-robotlab-simulation-container/build/turtlebot3_simulations -- -j2 -l2
[2.836s] Invoked command in '/workspaces/UON-CS-robotlab-simulation-container/build/turtlebot3_simulations' returned '0': AMENT_PREFIX_PATH=/workspaces/UON-CS-robotlab-simulation-container/install/turtlebot3_fake_node:/workspaces/UON-CS-robotlab-simulation-container/install/turtlebot3_msgs:/workspaces/UON-CS-robotlab-simulation-container/install/turtlebot3_manipulation_gazebo:/workspaces/UON-CS-robotlab-simulation-container/install/turtlebot3_gazebo:${AMENT_PREFIX_PATH} CMAKE_PREFIX_PATH=/workspaces/UON-CS-robotlab-simulation-container/install/turtlebot3_fake_node:/workspaces/UON-CS-robotlab-simulation-container/install/turtlebot3_msgs:/workspaces/UON-CS-robotlab-simulation-container/install/turtlebot3_manipulation_gazebo:/workspaces/UON-CS-robotlab-simulation-container/install/turtlebot3_gazebo:/opt/ros/humble LD_LIBRARY_PATH=/workspaces/UON-CS-robotlab-simulation-container/install/turtlebot3_msgs/lib:${LD_LIBRARY_PATH} PYTHONPATH=/workspaces/UON-CS-robotlab-simulation-container/install/turtlebot3_msgs/local/lib/python3.10/dist-packages:${PYTHONPATH} /usr/bin/cmake --build /workspaces/UON-CS-robotlab-simulation-container/build/turtlebot3_simulations -- -j2 -l2
[2.838s] Invoking command in '/workspaces/UON-CS-robotlab-simulation-container/build/turtlebot3_simulations': AMENT_PREFIX_PATH=/workspaces/UON-CS-robotlab-simulation-container/install/turtlebot3_fake_node:/workspaces/UON-CS-robotlab-simulation-container/install/turtlebot3_msgs:/workspaces/UON-CS-robotlab-simulation-container/install/turtlebot3_manipulation_gazebo:/workspaces/UON-CS-robotlab-simulation-container/install/turtlebot3_gazebo:${AMENT_PREFIX_PATH} CMAKE_PREFIX_PATH=/workspaces/UON-CS-robotlab-simulation-container/install/turtlebot3_fake_node:/workspaces/UON-CS-robotlab-simulation-container/install/turtlebot3_msgs:/workspaces/UON-CS-robotlab-simulation-container/install/turtlebot3_manipulation_gazebo:/workspaces/UON-CS-robotlab-simulation-container/install/turtlebot3_gazebo:/opt/ros/humble LD_LIBRARY_PATH=/workspaces/UON-CS-robotlab-simulation-container/install/turtlebot3_msgs/lib:${LD_LIBRARY_PATH} PYTHONPATH=/workspaces/UON-CS-robotlab-simulation-container/install/turtlebot3_msgs/local/lib/python3.10/dist-packages:${PYTHONPATH} /usr/bin/cmake --install /workspaces/UON-CS-robotlab-simulation-container/build/turtlebot3_simulations
[2.848s] -- Install configuration: ""
[2.848s] -- Execute custom install script
[2.850s] -- Symlinking: /workspaces/UON-CS-robotlab-simulation-container/install/turtlebot3_simulations/share/ament_index/resource_index/package_run_dependencies/turtlebot3_simulations
[2.865s] -- Symlinking: /workspaces/UON-CS-robotlab-simulation-container/install/turtlebot3_simulations/share/ament_index/resource_index/parent_prefix_path/turtlebot3_simulations
[2.881s] -- Symlinking: /workspaces/UON-CS-robotlab-simulation-container/install/turtlebot3_simulations/share/turtlebot3_simulations/environment/ament_prefix_path.sh
[2.895s] -- Symlinking: /workspaces/UON-CS-robotlab-simulation-container/install/turtlebot3_simulations/share/turtlebot3_simulations/environment/ament_prefix_path.dsv
[2.909s] -- Symlinking: /workspaces/UON-CS-robotlab-simulation-container/install/turtlebot3_simulations/share/turtlebot3_simulations/environment/path.sh
[2.926s] -- Symlinking: /workspaces/UON-CS-robotlab-simulation-container/install/turtlebot3_simulations/share/turtlebot3_simulations/environment/path.dsv
[2.944s] -- Symlinking: /workspaces/UON-CS-robotlab-simulation-container/install/turtlebot3_simulations/share/turtlebot3_simulations/local_setup.bash
[3.023s] -- Symlinking: /workspaces/UON-CS-robotlab-simulation-container/install/turtlebot3_simulations/share/turtlebot3_simulations/local_setup.sh
[3.119s] -- Symlinking: /workspaces/UON-CS-robotlab-simulation-container/install/turtlebot3_simulations/share/turtlebot3_simulations/local_setup.zsh
[3.135s] -- Symlinking: /workspaces/UON-CS-robotlab-simulation-container/install/turtlebot3_simulations/share/turtlebot3_simulations/local_setup.dsv
[3.148s] -- Symlinking: /workspaces/UON-CS-robotlab-simulation-container/install/turtlebot3_simulations/share/turtlebot3_simulations/package.dsv
[3.158s] -- Symlinking: /workspaces/UON-CS-robotlab-simulation-container/install/turtlebot3_simulations/share/ament_index/resource_index/packages/turtlebot3_simulations
[3.168s] -- Symlinking: /workspaces/UON-CS-robotlab-simulation-container/install/turtlebot3_simulations/share/turtlebot3_simulations/cmake/turtlebot3_simulationsConfig.cmake
[3.180s] -- Symlinking: /workspaces/UON-CS-robotlab-simulation-container/install/turtlebot3_simulations/share/turtlebot3_simulations/cmake/turtlebot3_simulationsConfig-version.cmake
[3.190s] -- Symlinking: /workspaces/UON-CS-robotlab-simulation-container/install/turtlebot3_simulations/share/turtlebot3_simulations/package.xml
[3.203s] Invoked command in '/workspaces/UON-CS-robotlab-simulation-container/build/turtlebot3_simulations' returned '0': AMENT_PREFIX_PATH=/workspaces/UON-CS-robotlab-simulation-container/install/turtlebot3_fake_node:/workspaces/UON-CS-robotlab-simulation-container/install/turtlebot3_msgs:/workspaces/UON-CS-robotlab-simulation-container/install/turtlebot3_manipulation_gazebo:/workspaces/UON-CS-robotlab-simulation-container/install/turtlebot3_gazebo:${AMENT_PREFIX_PATH} CMAKE_PREFIX_PATH=/workspaces/UON-CS-robotlab-simulation-container/install/turtlebot3_fake_node:/workspaces/UON-CS-robotlab-simulation-container/install/turtlebot3_msgs:/workspaces/UON-CS-robotlab-simulation-container/install/turtlebot3_manipulation_gazebo:/workspaces/UON-CS-robotlab-simulation-container/install/turtlebot3_gazebo:/opt/ros/humble LD_LIBRARY_PATH=/workspaces/UON-CS-robotlab-simulation-container/install/turtlebot3_msgs/lib:${LD_LIBRARY_PATH} PYTHONPATH=/workspaces/UON-CS-robotlab-simulation-container/install/turtlebot3_msgs/local/lib/python3.10/dist-packages:${PYTHONPATH} /usr/bin/cmake --install /workspaces/UON-CS-robotlab-simulation-container/build/turtlebot3_simulations
