[0.053s] Invoking command in '/workspaces/UON-CS-robotlab-simulation-container/build/turtlebot3_fake_node': AMENT_PREFIX_PATH=/workspaces/UON-CS-robotlab-simulation-container/install/turtlebot3_msgs:${AMENT_PREFIX_PATH} CMAKE_PREFIX_PATH=/workspaces/UON-CS-robotlab-simulation-container/install/turtlebot3_msgs:/opt/ros/humble LD_LIBRARY_PATH=/workspaces/UON-CS-robotlab-simulation-container/install/turtlebot3_msgs/lib:${LD_LIBRARY_PATH} PYTHONPATH=/workspaces/UON-CS-robotlab-simulation-container/install/turtlebot3_msgs/local/lib/python3.10/dist-packages:${PYTHONPATH} /usr/bin/cmake /workspaces/UON-CS-robotlab-simulation-container/src/turtlebot3_simulations/turtlebot3_fake_node -DAMENT_CMAKE_SYMLINK_INSTALL=1 -DCMAKE_INSTALL_PREFIX=/workspaces/UON-CS-robotlab-simulation-container/install/turtlebot3_fake_node
[0.329s] -- The C compiler identification is GNU 11.4.0
[0.564s] -- The CXX compiler identification is GNU 11.4.0
[0.722s] -- Detecting C compiler ABI info
[0.912s] -- Detecting C compiler ABI info - done
[0.924s] -- Check for working C compiler: /usr/bin/cc - skipped
[0.925s] -- Detecting C compile features
[0.932s] -- Detecting C compile features - done
[0.933s] -- Detecting CXX compiler ABI info
[1.466s] -- Detecting CXX compiler ABI info - done
[1.503s] -- Check for working CXX compiler: /usr/bin/c++ - skipped
[1.506s] -- Detecting CXX compile features
[1.507s] -- Detecting CXX compile features - done
[1.520s] -- Found ament_cmake: 1.3.14 (/opt/ros/humble/share/ament_cmake/cmake)
[2.287s] -- Found Python3: /usr/bin/python3 (found version "3.10.12") found components: Interpreter 
[2.699s] -- Override CMake install command with custom implementation using symlinks instead of copying resources
[2.824s] -- Found geometry_msgs: 4.9.1 (/opt/ros/humble/share/geometry_msgs/cmake)
[3.846s] -- Found rosidl_generator_c: 3.1.8 (/opt/ros/humble/share/rosidl_generator_c/cmake)
[4.205s] -- Found rosidl_adapter: 3.1.8 (/opt/ros/humble/share/rosidl_adapter/cmake)
[4.470s] -- Found rosidl_generator_cpp: 3.1.8 (/opt/ros/humble/share/rosidl_generator_cpp/cmake)
[4.526s] -- Using all available rosidl_typesupport_c: rosidl_typesupport_fastrtps_c;rosidl_typesupport_introspection_c
[4.609s] -- Using all available rosidl_typesupport_cpp: rosidl_typesupport_fastrtps_cpp;rosidl_typesupport_introspection_cpp
[4.740s] -- Found nav_msgs: 4.9.1 (/opt/ros/humble/share/nav_msgs/cmake)
[4.972s] -- Found rclcpp: 16.0.19 (/opt/ros/humble/share/rclcpp/cmake)
[5.205s] -- Found rmw_implementation_cmake: 6.1.2 (/opt/ros/humble/share/rmw_implementation_cmake/cmake)
[5.229s] -- Found rmw_fastrtps_cpp: 6.2.10 (/opt/ros/humble/share/rmw_fastrtps_cpp/cmake)
[6.081s] -- Found OpenSSL: /usr/lib/x86_64-linux-gnu/libcrypto.so (found version "3.0.2")  
[6.180s] -- Found FastRTPS: /opt/ros/humble/include  
[6.313s] -- Using RMW implementation 'rmw_fastrtps_cpp' as default
[6.350s] -- Looking for pthread.h
[6.691s] -- Looking for pthread.h - found
[6.692s] -- Performing Test CMAKE_HAVE_LIBC_PTHREAD
[6.903s] -- Performing Test CMAKE_HAVE_LIBC_PTHREAD - Success
[6.905s] -- Found Threads: TRUE  
[7.240s] -- Found sensor_msgs: 4.9.1 (/opt/ros/humble/share/sensor_msgs/cmake)
[7.312s] -- Found tf2: 0.25.20 (/opt/ros/humble/share/tf2/cmake)
[7.366s] -- Found tf2_msgs: 0.25.20 (/opt/ros/humble/share/tf2_msgs/cmake)
[7.726s] -- Found turtlebot3_msgs: 2.4.0 (/workspaces/UON-CS-robotlab-simulation-container/install/turtlebot3_msgs/share/turtlebot3_msgs/cmake)
[8.015s] -- Configuring done
[8.057s] -- Generating done
[8.229s] -- Build files have been written to: /workspaces/UON-CS-robotlab-simulation-container/build/turtlebot3_fake_node
[8.255s] Invoked command in '/workspaces/UON-CS-robotlab-simulation-container/build/turtlebot3_fake_node' returned '0': AMENT_PREFIX_PATH=/workspaces/UON-CS-robotlab-simulation-container/install/turtlebot3_msgs:${AMENT_PREFIX_PATH} CMAKE_PREFIX_PATH=/workspaces/UON-CS-robotlab-simulation-container/install/turtlebot3_msgs:/opt/ros/humble LD_LIBRARY_PATH=/workspaces/UON-CS-robotlab-simulation-container/install/turtlebot3_msgs/lib:${LD_LIBRARY_PATH} PYTHONPATH=/workspaces/UON-CS-robotlab-simulation-container/install/turtlebot3_msgs/local/lib/python3.10/dist-packages:${PYTHONPATH} /usr/bin/cmake /workspaces/UON-CS-robotlab-simulation-container/src/turtlebot3_simulations/turtlebot3_fake_node -DAMENT_CMAKE_SYMLINK_INSTALL=1 -DCMAKE_INSTALL_PREFIX=/workspaces/UON-CS-robotlab-simulation-container/install/turtlebot3_fake_node
[8.263s] Invoking command in '/workspaces/UON-CS-robotlab-simulation-container/build/turtlebot3_fake_node': AMENT_PREFIX_PATH=/workspaces/UON-CS-robotlab-simulation-container/install/turtlebot3_msgs:${AMENT_PREFIX_PATH} CMAKE_PREFIX_PATH=/workspaces/UON-CS-robotlab-simulation-container/install/turtlebot3_msgs:/opt/ros/humble LD_LIBRARY_PATH=/workspaces/UON-CS-robotlab-simulation-container/install/turtlebot3_msgs/lib:${LD_LIBRARY_PATH} PYTHONPATH=/workspaces/UON-CS-robotlab-simulation-container/install/turtlebot3_msgs/local/lib/python3.10/dist-packages:${PYTHONPATH} /usr/bin/cmake --build /workspaces/UON-CS-robotlab-simulation-container/build/turtlebot3_fake_node -- -j2 -l2
[8.424s] [ 50%] [32mBuilding CXX object CMakeFiles/turtlebot3_fake_node.dir/src/turtlebot3_fake_node.cpp.o[0m
[36.127s] [100%] [32m[1mLinking CXX executable turtlebot3_fake_node[0m
[37.824s] [100%] Built target turtlebot3_fake_node
[37.856s] Invoked command in '/workspaces/UON-CS-robotlab-simulation-container/build/turtlebot3_fake_node' returned '0': AMENT_PREFIX_PATH=/workspaces/UON-CS-robotlab-simulation-container/install/turtlebot3_msgs:${AMENT_PREFIX_PATH} CMAKE_PREFIX_PATH=/workspaces/UON-CS-robotlab-simulation-container/install/turtlebot3_msgs:/opt/ros/humble LD_LIBRARY_PATH=/workspaces/UON-CS-robotlab-simulation-container/install/turtlebot3_msgs/lib:${LD_LIBRARY_PATH} PYTHONPATH=/workspaces/UON-CS-robotlab-simulation-container/install/turtlebot3_msgs/local/lib/python3.10/dist-packages:${PYTHONPATH} /usr/bin/cmake --build /workspaces/UON-CS-robotlab-simulation-container/build/turtlebot3_fake_node -- -j2 -l2
[37.860s] Invoking command in '/workspaces/UON-CS-robotlab-simulation-container/build/turtlebot3_fake_node': AMENT_PREFIX_PATH=/workspaces/UON-CS-robotlab-simulation-container/install/turtlebot3_msgs:${AMENT_PREFIX_PATH} CMAKE_PREFIX_PATH=/workspaces/UON-CS-robotlab-simulation-container/install/turtlebot3_msgs:/opt/ros/humble LD_LIBRARY_PATH=/workspaces/UON-CS-robotlab-simulation-container/install/turtlebot3_msgs/lib:${LD_LIBRARY_PATH} PYTHONPATH=/workspaces/UON-CS-robotlab-simulation-container/install/turtlebot3_msgs/local/lib/python3.10/dist-packages:${PYTHONPATH} /usr/bin/cmake --install /workspaces/UON-CS-robotlab-simulation-container/build/turtlebot3_fake_node
[37.882s] -- Install configuration: ""
[37.885s] -- Execute custom install script
[37.886s] -- Symlinking: /workspaces/UON-CS-robotlab-simulation-container/install/turtlebot3_fake_node/lib/turtlebot3_fake_node/turtlebot3_fake_node
[37.909s] -- Symlinking: /workspaces/UON-CS-robotlab-simulation-container/install/turtlebot3_fake_node/share/turtlebot3_fake_node/launch/rviz2.launch.py
[37.923s] -- Symlinking: /workspaces/UON-CS-robotlab-simulation-container/install/turtlebot3_fake_node/share/turtlebot3_fake_node/launch/turtlebot3_fake_node.launch.py
[37.933s] -- Symlinking: /workspaces/UON-CS-robotlab-simulation-container/install/turtlebot3_fake_node/share/turtlebot3_fake_node/param/burger.yaml
[37.953s] -- Symlinking: /workspaces/UON-CS-robotlab-simulation-container/install/turtlebot3_fake_node/share/turtlebot3_fake_node/param/waffle.yaml
[37.979s] -- Symlinking: /workspaces/UON-CS-robotlab-simulation-container/install/turtlebot3_fake_node/share/turtlebot3_fake_node/param/waffle_pi.yaml
[37.995s] -- Symlinking: /workspaces/UON-CS-robotlab-simulation-container/install/turtlebot3_fake_node/include//turtlebot3_fake_node/turtlebot3_fake_node.hpp
[38.037s] -- Symlinking: /workspaces/UON-CS-robotlab-simulation-container/install/turtlebot3_fake_node/share/ament_index/resource_index/package_run_dependencies/turtlebot3_fake_node
[38.216s] -- Symlinking: /workspaces/UON-CS-robotlab-simulation-container/install/turtlebot3_fake_node/share/ament_index/resource_index/parent_prefix_path/turtlebot3_fake_node
[38.279s] -- Symlinking: /workspaces/UON-CS-robotlab-simulation-container/install/turtlebot3_fake_node/share/turtlebot3_fake_node/environment/ament_prefix_path.sh
[38.304s] -- Symlinking: /workspaces/UON-CS-robotlab-simulation-container/install/turtlebot3_fake_node/share/turtlebot3_fake_node/environment/ament_prefix_path.dsv
[38.342s] -- Symlinking: /workspaces/UON-CS-robotlab-simulation-container/install/turtlebot3_fake_node/share/turtlebot3_fake_node/environment/path.sh
[38.373s] -- Symlinking: /workspaces/UON-CS-robotlab-simulation-container/install/turtlebot3_fake_node/share/turtlebot3_fake_node/environment/path.dsv
[38.387s] -- Symlinking: /workspaces/UON-CS-robotlab-simulation-container/install/turtlebot3_fake_node/share/turtlebot3_fake_node/local_setup.bash
[38.402s] -- Symlinking: /workspaces/UON-CS-robotlab-simulation-container/install/turtlebot3_fake_node/share/turtlebot3_fake_node/local_setup.sh
[38.416s] -- Symlinking: /workspaces/UON-CS-robotlab-simulation-container/install/turtlebot3_fake_node/share/turtlebot3_fake_node/local_setup.zsh
[38.440s] -- Symlinking: /workspaces/UON-CS-robotlab-simulation-container/install/turtlebot3_fake_node/share/turtlebot3_fake_node/local_setup.dsv
[38.471s] -- Symlinking: /workspaces/UON-CS-robotlab-simulation-container/install/turtlebot3_fake_node/share/turtlebot3_fake_node/package.dsv
[38.489s] -- Symlinking: /workspaces/UON-CS-robotlab-simulation-container/install/turtlebot3_fake_node/share/ament_index/resource_index/packages/turtlebot3_fake_node
[38.509s] -- Symlinking: /workspaces/UON-CS-robotlab-simulation-container/install/turtlebot3_fake_node/share/turtlebot3_fake_node/cmake/ament_cmake_export_include_directories-extras.cmake
[38.547s] -- Symlinking: /workspaces/UON-CS-robotlab-simulation-container/install/turtlebot3_fake_node/share/turtlebot3_fake_node/cmake/ament_cmake_export_dependencies-extras.cmake
[38.579s] -- Symlinking: /workspaces/UON-CS-robotlab-simulation-container/install/turtlebot3_fake_node/share/turtlebot3_fake_node/cmake/turtlebot3_fake_nodeConfig.cmake
[38.603s] -- Symlinking: /workspaces/UON-CS-robotlab-simulation-container/install/turtlebot3_fake_node/share/turtlebot3_fake_node/cmake/turtlebot3_fake_nodeConfig-version.cmake
[38.692s] -- Symlinking: /workspaces/UON-CS-robotlab-simulation-container/install/turtlebot3_fake_node/share/turtlebot3_fake_node/package.xml
[38.780s] Invoked command in '/workspaces/UON-CS-robotlab-simulation-container/build/turtlebot3_fake_node' returned '0': AMENT_PREFIX_PATH=/workspaces/UON-CS-robotlab-simulation-container/install/turtlebot3_msgs:${AMENT_PREFIX_PATH} CMAKE_PREFIX_PATH=/workspaces/UON-CS-robotlab-simulation-container/install/turtlebot3_msgs:/opt/ros/humble LD_LIBRARY_PATH=/workspaces/UON-CS-robotlab-simulation-container/install/turtlebot3_msgs/lib:${LD_LIBRARY_PATH} PYTHONPATH=/workspaces/UON-CS-robotlab-simulation-container/install/turtlebot3_msgs/local/lib/python3.10/dist-packages:${PYTHONPATH} /usr/bin/cmake --install /workspaces/UON-CS-robotlab-simulation-container/build/turtlebot3_fake_node
