[4.669s] Invoking command in '/workspaces/UON-CS-robotlab-simulation-container/build/turtlebot3_example': CMAKE_PREFIX_PATH=/workspaces/UON-CS-robotlab-simulation-container/install/turtlebot3_msgs:/workspaces/UON-CS-robotlab-simulation-container/install/turtlebot3:/workspaces/UON-CS-robotlab-simulation-container/install/turtlebot3_simulations:/workspaces/UON-CS-robotlab-simulation-container/install/turtlebot3_bringup:/workspaces/UON-CS-robotlab-simulation-container/install/turtlebot3_node:/workspaces/UON-CS-robotlab-simulation-container/install/turtlebot3_navigation2:/workspaces/UON-CS-robotlab-simulation-container/install/turtlebot3_fake_node:/workspaces/UON-CS-robotlab-simulation-container/install/turtlebot3_manipulation_gazebo:/workspaces/UON-CS-robotlab-simulation-container/install/turtlebot3_gazebo:/workspaces/UON-CS-robotlab-simulation-container/install/turtlebot3_description:/workspaces/UON-CS-robotlab-simulation-container/install/turtlebot3_cartographer:/workspaces/UON-CS-robotlab-simulation-container/install/dynamixel_sdk_examples:/workspaces/UON-CS-robotlab-simulation-container/install/dynamixel_sdk_custom_interfaces:/workspaces/UON-CS-robotlab-simulation-container/install/dynamixel_sdk PYTHONPATH=/workspaces/UON-CS-robotlab-simulation-container/build/turtlebot3_example/prefix_override:/usr/lib/python3/dist-packages/colcon_core/task/python/colcon_distutils_commands:/workspaces/UON-CS-robotlab-simulation-container/install/turtlebot3_example/lib/python3.10/site-packages:${PYTHONPATH} /usr/bin/python3 -W ignore:setup.py install is deprecated -W ignore:easy_install command is deprecated setup.py develop --editable --build-directory /workspaces/UON-CS-robotlab-simulation-container/build/turtlebot3_example/build --no-deps symlink_data
[5.873s] running develop
[7.564s] running egg_info
[7.564s] writing turtlebot3_example.egg-info/PKG-INFO
[7.567s] writing dependency_links to turtlebot3_example.egg-info/dependency_links.txt
[7.568s] writing entry points to turtlebot3_example.egg-info/entry_points.txt
[7.568s] writing requirements to turtlebot3_example.egg-info/requires.txt
[7.571s] writing top-level names to turtlebot3_example.egg-info/top_level.txt
[7.591s] reading manifest file 'turtlebot3_example.egg-info/SOURCES.txt'
[8.953s] writing manifest file 'turtlebot3_example.egg-info/SOURCES.txt'
[8.961s] running build_ext
[8.963s] Creating /workspaces/UON-CS-robotlab-simulation-container/install/turtlebot3_example/lib/python3.10/site-packages/turtlebot3-example.egg-link (link to .)
[8.972s] Installing turtlebot3_absolute_move script to /workspaces/UON-CS-robotlab-simulation-container/install/turtlebot3_example/lib/turtlebot3_example
[8.973s] Installing turtlebot3_interactive_marker script to /workspaces/UON-CS-robotlab-simulation-container/install/turtlebot3_example/lib/turtlebot3_example
[8.973s] Installing turtlebot3_obstacle_detection script to /workspaces/UON-CS-robotlab-simulation-container/install/turtlebot3_example/lib/turtlebot3_example
[8.973s] Installing turtlebot3_patrol_client script to /workspaces/UON-CS-robotlab-simulation-container/install/turtlebot3_example/lib/turtlebot3_example
[8.973s] Installing turtlebot3_patrol_server script to /workspaces/UON-CS-robotlab-simulation-container/install/turtlebot3_example/lib/turtlebot3_example
[8.974s] Installing turtlebot3_relative_move script to /workspaces/UON-CS-robotlab-simulation-container/install/turtlebot3_example/lib/turtlebot3_example
[8.974s] 
[8.974s] Installed /workspaces/UON-CS-robotlab-simulation-container/build/turtlebot3_example
[8.979s] running symlink_data
[9.234s] Invoked command in '/workspaces/UON-CS-robotlab-simulation-container/build/turtlebot3_example' returned '0': CMAKE_PREFIX_PATH=/workspaces/UON-CS-robotlab-simulation-container/install/turtlebot3_msgs:/workspaces/UON-CS-robotlab-simulation-container/install/turtlebot3:/workspaces/UON-CS-robotlab-simulation-container/install/turtlebot3_simulations:/workspaces/UON-CS-robotlab-simulation-container/install/turtlebot3_bringup:/workspaces/UON-CS-robotlab-simulation-container/install/turtlebot3_node:/workspaces/UON-CS-robotlab-simulation-container/install/turtlebot3_navigation2:/workspaces/UON-CS-robotlab-simulation-container/install/turtlebot3_fake_node:/workspaces/UON-CS-robotlab-simulation-container/install/turtlebot3_manipulation_gazebo:/workspaces/UON-CS-robotlab-simulation-container/install/turtlebot3_gazebo:/workspaces/UON-CS-robotlab-simulation-container/install/turtlebot3_description:/workspaces/UON-CS-robotlab-simulation-container/install/turtlebot3_cartographer:/workspaces/UON-CS-robotlab-simulation-container/install/dynamixel_sdk_examples:/workspaces/UON-CS-robotlab-simulation-container/install/dynamixel_sdk_custom_interfaces:/workspaces/UON-CS-robotlab-simulation-container/install/dynamixel_sdk PYTHONPATH=/workspaces/UON-CS-robotlab-simulation-container/build/turtlebot3_example/prefix_override:/usr/lib/python3/dist-packages/colcon_core/task/python/colcon_distutils_commands:/workspaces/UON-CS-robotlab-simulation-container/install/turtlebot3_example/lib/python3.10/site-packages:${PYTHONPATH} /usr/bin/python3 -W ignore:setup.py install is deprecated -W ignore:easy_install command is deprecated setup.py develop --editable --build-directory /workspaces/UON-CS-robotlab-simulation-container/build/turtlebot3_example/build --no-deps symlink_data
